Archive member included because of file (symbol)

c:/ac6/systemworkbench/plugins/fr.ac6.mcu.externaltools.arm-none.win32_1.3.0.201507241045/tools/compiler/bin/../lib/gcc/arm-none-eabi/4.9.3/../../../../arm-none-eabi/lib/armv7-m\libc_nano.a(lib_a-exit.o)
                              c:/ac6/systemworkbench/plugins/fr.ac6.mcu.externaltools.arm-none.win32_1.3.0.201507241045/tools/compiler/bin/../lib/gcc/arm-none-eabi/4.9.3/../../../../arm-none-eabi/lib/armv7-m/crt0.o (exit)
c:/ac6/systemworkbench/plugins/fr.ac6.mcu.externaltools.arm-none.win32_1.3.0.201507241045/tools/compiler/bin/../lib/gcc/arm-none-eabi/4.9.3/../../../../arm-none-eabi/lib/armv7-m\libc_nano.a(lib_a-impure.o)
                              c:/ac6/systemworkbench/plugins/fr.ac6.mcu.externaltools.arm-none.win32_1.3.0.201507241045/tools/compiler/bin/../lib/gcc/arm-none-eabi/4.9.3/../../../../arm-none-eabi/lib/armv7-m\libc_nano.a(lib_a-exit.o) (_global_impure_ptr)
c:/ac6/systemworkbench/plugins/fr.ac6.mcu.externaltools.arm-none.win32_1.3.0.201507241045/tools/compiler/bin/../lib/gcc/arm-none-eabi/4.9.3/../../../../arm-none-eabi/lib/armv7-m\libc_nano.a(lib_a-init.o)
                              c:/ac6/systemworkbench/plugins/fr.ac6.mcu.externaltools.arm-none.win32_1.3.0.201507241045/tools/compiler/bin/../lib/gcc/arm-none-eabi/4.9.3/../../../../arm-none-eabi/lib/armv7-m/crt0.o (__libc_init_array)
c:/ac6/systemworkbench/plugins/fr.ac6.mcu.externaltools.arm-none.win32_1.3.0.201507241045/tools/compiler/bin/../lib/gcc/arm-none-eabi/4.9.3/../../../../arm-none-eabi/lib/armv7-m\libc_nano.a(lib_a-memset.o)
                              c:/ac6/systemworkbench/plugins/fr.ac6.mcu.externaltools.arm-none.win32_1.3.0.201507241045/tools/compiler/bin/../lib/gcc/arm-none-eabi/4.9.3/../../../../arm-none-eabi/lib/armv7-m/crt0.o (memset)
I:\STM32\Workspace\mycustomboard_stdperiph_lib\Release\libmycustomboard_stdperiph_lib.a(stm32f10x_adc.o)
                              src/main.o (ADC_Init)
I:\STM32\Workspace\mycustomboard_stdperiph_lib\Release\libmycustomboard_stdperiph_lib.a(stm32f10x_dma.o)
                              src/main.o (DMA_DeInit)
I:\STM32\Workspace\mycustomboard_stdperiph_lib\Release\libmycustomboard_stdperiph_lib.a(stm32f10x_gpio.o)
                              src/i2c.o (GPIO_Init)
I:\STM32\Workspace\mycustomboard_stdperiph_lib\Release\libmycustomboard_stdperiph_lib.a(stm32f10x_i2c.o)
                              src/i2c.o (I2C_Init)
I:\STM32\Workspace\mycustomboard_stdperiph_lib\Release\libmycustomboard_stdperiph_lib.a(stm32f10x_rcc.o)
                              src/main.o (RCC_ADCCLKConfig)
c:/ac6/systemworkbench/plugins/fr.ac6.mcu.externaltools.arm-none.win32_1.3.0.201507241045/tools/compiler/bin/../lib/gcc/arm-none-eabi/4.9.3/../../../../arm-none-eabi/lib/armv7-m\libc_nano.a(lib_a-errno.o)
                              src/syscalls.o (__errno)
c:/ac6/systemworkbench/plugins/fr.ac6.mcu.externaltools.arm-none.win32_1.3.0.201507241045/tools/compiler/bin/../lib/gcc/arm-none-eabi/4.9.3/../../../../arm-none-eabi/lib/armv7-m\libc_nano.a(lib_a-malloc.o)
                              src/LCD.o (malloc)
c:/ac6/systemworkbench/plugins/fr.ac6.mcu.externaltools.arm-none.win32_1.3.0.201507241045/tools/compiler/bin/../lib/gcc/arm-none-eabi/4.9.3/../../../../arm-none-eabi/lib/armv7-m\libc_nano.a(lib_a-nano-freer.o)
                              c:/ac6/systemworkbench/plugins/fr.ac6.mcu.externaltools.arm-none.win32_1.3.0.201507241045/tools/compiler/bin/../lib/gcc/arm-none-eabi/4.9.3/../../../../arm-none-eabi/lib/armv7-m\libc_nano.a(lib_a-malloc.o) (_free_r)
c:/ac6/systemworkbench/plugins/fr.ac6.mcu.externaltools.arm-none.win32_1.3.0.201507241045/tools/compiler/bin/../lib/gcc/arm-none-eabi/4.9.3/../../../../arm-none-eabi/lib/armv7-m\libc_nano.a(lib_a-nano-mallocr.o)
                              c:/ac6/systemworkbench/plugins/fr.ac6.mcu.externaltools.arm-none.win32_1.3.0.201507241045/tools/compiler/bin/../lib/gcc/arm-none-eabi/4.9.3/../../../../arm-none-eabi/lib/armv7-m\libc_nano.a(lib_a-malloc.o) (_malloc_r)
c:/ac6/systemworkbench/plugins/fr.ac6.mcu.externaltools.arm-none.win32_1.3.0.201507241045/tools/compiler/bin/../lib/gcc/arm-none-eabi/4.9.3/../../../../arm-none-eabi/lib/armv7-m\libc_nano.a(lib_a-sbrkr.o)
                              c:/ac6/systemworkbench/plugins/fr.ac6.mcu.externaltools.arm-none.win32_1.3.0.201507241045/tools/compiler/bin/../lib/gcc/arm-none-eabi/4.9.3/../../../../arm-none-eabi/lib/armv7-m\libc_nano.a(lib_a-nano-mallocr.o) (_sbrk_r)
c:/ac6/systemworkbench/plugins/fr.ac6.mcu.externaltools.arm-none.win32_1.3.0.201507241045/tools/compiler/bin/../lib/gcc/arm-none-eabi/4.9.3/../../../../arm-none-eabi/lib/armv7-m\libc_nano.a(lib_a-sprintf.o)
                              src/main.o (sprintf)
c:/ac6/systemworkbench/plugins/fr.ac6.mcu.externaltools.arm-none.win32_1.3.0.201507241045/tools/compiler/bin/../lib/gcc/arm-none-eabi/4.9.3/../../../../arm-none-eabi/lib/armv7-m\libc_nano.a(lib_a-strlen.o)
                              src/LCD.o (strlen)
c:/ac6/systemworkbench/plugins/fr.ac6.mcu.externaltools.arm-none.win32_1.3.0.201507241045/tools/compiler/bin/../lib/gcc/arm-none-eabi/4.9.3/../../../../arm-none-eabi/lib/armv7-m\libc_nano.a(lib_a-nano-svfprintf.o)
                              c:/ac6/systemworkbench/plugins/fr.ac6.mcu.externaltools.arm-none.win32_1.3.0.201507241045/tools/compiler/bin/../lib/gcc/arm-none-eabi/4.9.3/../../../../arm-none-eabi/lib/armv7-m\libc_nano.a(lib_a-sprintf.o) (_svfprintf_r)
c:/ac6/systemworkbench/plugins/fr.ac6.mcu.externaltools.arm-none.win32_1.3.0.201507241045/tools/compiler/bin/../lib/gcc/arm-none-eabi/4.9.3/../../../../arm-none-eabi/lib/armv7-m\libc_nano.a(lib_a-nano-vfprintf_i.o)
                              c:/ac6/systemworkbench/plugins/fr.ac6.mcu.externaltools.arm-none.win32_1.3.0.201507241045/tools/compiler/bin/../lib/gcc/arm-none-eabi/4.9.3/../../../../arm-none-eabi/lib/armv7-m\libc_nano.a(lib_a-nano-svfprintf.o) (_printf_i)
c:/ac6/systemworkbench/plugins/fr.ac6.mcu.externaltools.arm-none.win32_1.3.0.201507241045/tools/compiler/bin/../lib/gcc/arm-none-eabi/4.9.3/../../../../arm-none-eabi/lib/armv7-m\libc_nano.a(lib_a-reent.o)
                              c:/ac6/systemworkbench/plugins/fr.ac6.mcu.externaltools.arm-none.win32_1.3.0.201507241045/tools/compiler/bin/../lib/gcc/arm-none-eabi/4.9.3/../../../../arm-none-eabi/lib/armv7-m\libc_nano.a(lib_a-sbrkr.o) (errno)
c:/ac6/systemworkbench/plugins/fr.ac6.mcu.externaltools.arm-none.win32_1.3.0.201507241045/tools/compiler/bin/../lib/gcc/arm-none-eabi/4.9.3/../../../../arm-none-eabi/lib/armv7-m\libc_nano.a(lib_a-memchr.o)
                              c:/ac6/systemworkbench/plugins/fr.ac6.mcu.externaltools.arm-none.win32_1.3.0.201507241045/tools/compiler/bin/../lib/gcc/arm-none-eabi/4.9.3/../../../../arm-none-eabi/lib/armv7-m\libc_nano.a(lib_a-nano-svfprintf.o) (memchr)
c:/ac6/systemworkbench/plugins/fr.ac6.mcu.externaltools.arm-none.win32_1.3.0.201507241045/tools/compiler/bin/../lib/gcc/arm-none-eabi/4.9.3/../../../../arm-none-eabi/lib/armv7-m\libc_nano.a(lib_a-memcpy.o)
                              c:/ac6/systemworkbench/plugins/fr.ac6.mcu.externaltools.arm-none.win32_1.3.0.201507241045/tools/compiler/bin/../lib/gcc/arm-none-eabi/4.9.3/../../../../arm-none-eabi/lib/armv7-m\libc_nano.a(lib_a-nano-svfprintf.o) (memcpy)
c:/ac6/systemworkbench/plugins/fr.ac6.mcu.externaltools.arm-none.win32_1.3.0.201507241045/tools/compiler/bin/../lib/gcc/arm-none-eabi/4.9.3/../../../../arm-none-eabi/lib/armv7-m\libc_nano.a(lib_a-memmove.o)
                              c:/ac6/systemworkbench/plugins/fr.ac6.mcu.externaltools.arm-none.win32_1.3.0.201507241045/tools/compiler/bin/../lib/gcc/arm-none-eabi/4.9.3/../../../../arm-none-eabi/lib/armv7-m\libc_nano.a(lib_a-nano-svfprintf.o) (memmove)
c:/ac6/systemworkbench/plugins/fr.ac6.mcu.externaltools.arm-none.win32_1.3.0.201507241045/tools/compiler/bin/../lib/gcc/arm-none-eabi/4.9.3/../../../../arm-none-eabi/lib/armv7-m\libc_nano.a(lib_a-nano-reallocr.o)
                              c:/ac6/systemworkbench/plugins/fr.ac6.mcu.externaltools.arm-none.win32_1.3.0.201507241045/tools/compiler/bin/../lib/gcc/arm-none-eabi/4.9.3/../../../../arm-none-eabi/lib/armv7-m\libc_nano.a(lib_a-nano-svfprintf.o) (_realloc_r)
c:/ac6/systemworkbench/plugins/fr.ac6.mcu.externaltools.arm-none.win32_1.3.0.201507241045/tools/compiler/bin/../lib/gcc/arm-none-eabi/4.9.3/../../../../arm-none-eabi/lib/armv7-m\libc_nano.a(lib_a-nano-msizer.o)
                              c:/ac6/systemworkbench/plugins/fr.ac6.mcu.externaltools.arm-none.win32_1.3.0.201507241045/tools/compiler/bin/../lib/gcc/arm-none-eabi/4.9.3/../../../../arm-none-eabi/lib/armv7-m\libc_nano.a(lib_a-nano-reallocr.o) (_malloc_usable_size_r)

Allocating common symbols
Common symbol       size              file

errno               0x4               c:/ac6/systemworkbench/plugins/fr.ac6.mcu.externaltools.arm-none.win32_1.3.0.201507241045/tools/compiler/bin/../lib/gcc/arm-none-eabi/4.9.3/../../../../arm-none-eabi/lib/armv7-m\libc_nano.a(lib_a-reent.o)
ADCConvertedValue   0x4               src/main.o
ADC_InitStructure   0x14              src/main.o
DMA_InitStructure   0x2c              src/main.o

Discarded input sections

 .text          0x00000000        0x0 c:/ac6/systemworkbench/plugins/fr.ac6.mcu.externaltools.arm-none.win32_1.3.0.201507241045/tools/compiler/bin/../lib/gcc/arm-none-eabi/4.9.3/armv7-m/crti.o
 .data          0x00000000        0x0 c:/ac6/systemworkbench/plugins/fr.ac6.mcu.externaltools.arm-none.win32_1.3.0.201507241045/tools/compiler/bin/../lib/gcc/arm-none-eabi/4.9.3/armv7-m/crti.o
 .bss           0x00000000        0x0 c:/ac6/systemworkbench/plugins/fr.ac6.mcu.externaltools.arm-none.win32_1.3.0.201507241045/tools/compiler/bin/../lib/gcc/arm-none-eabi/4.9.3/armv7-m/crti.o
 .data          0x00000000        0x4 c:/ac6/systemworkbench/plugins/fr.ac6.mcu.externaltools.arm-none.win32_1.3.0.201507241045/tools/compiler/bin/../lib/gcc/arm-none-eabi/4.9.3/armv7-m/crtbegin.o
 .text          0x00000000       0x74 c:/ac6/systemworkbench/plugins/fr.ac6.mcu.externaltools.arm-none.win32_1.3.0.201507241045/tools/compiler/bin/../lib/gcc/arm-none-eabi/4.9.3/../../../../arm-none-eabi/lib/armv7-m/crt0.o
 .data          0x00000000        0x0 c:/ac6/systemworkbench/plugins/fr.ac6.mcu.externaltools.arm-none.win32_1.3.0.201507241045/tools/compiler/bin/../lib/gcc/arm-none-eabi/4.9.3/../../../../arm-none-eabi/lib/armv7-m/crt0.o
 .bss           0x00000000        0x0 c:/ac6/systemworkbench/plugins/fr.ac6.mcu.externaltools.arm-none.win32_1.3.0.201507241045/tools/compiler/bin/../lib/gcc/arm-none-eabi/4.9.3/../../../../arm-none-eabi/lib/armv7-m/crt0.o
 .ARM.extab     0x00000000        0x0 c:/ac6/systemworkbench/plugins/fr.ac6.mcu.externaltools.arm-none.win32_1.3.0.201507241045/tools/compiler/bin/../lib/gcc/arm-none-eabi/4.9.3/../../../../arm-none-eabi/lib/armv7-m/crt0.o
 .ARM.exidx     0x00000000        0x8 c:/ac6/systemworkbench/plugins/fr.ac6.mcu.externaltools.arm-none.win32_1.3.0.201507241045/tools/compiler/bin/../lib/gcc/arm-none-eabi/4.9.3/../../../../arm-none-eabi/lib/armv7-m/crt0.o
 .ARM.attributes
                0x00000000       0x1b c:/ac6/systemworkbench/plugins/fr.ac6.mcu.externaltools.arm-none.win32_1.3.0.201507241045/tools/compiler/bin/../lib/gcc/arm-none-eabi/4.9.3/../../../../arm-none-eabi/lib/armv7-m/crt0.o
 .text          0x00000000        0x0 c:/ac6/systemworkbench/plugins/fr.ac6.mcu.externaltools.arm-none.win32_1.3.0.201507241045/tools/compiler/bin/../lib/gcc/arm-none-eabi/4.9.3/../../../../arm-none-eabi/lib/armv7-m\libc_nano.a(lib_a-exit.o)
 .data          0x00000000        0x0 c:/ac6/systemworkbench/plugins/fr.ac6.mcu.externaltools.arm-none.win32_1.3.0.201507241045/tools/compiler/bin/../lib/gcc/arm-none-eabi/4.9.3/../../../../arm-none-eabi/lib/armv7-m\libc_nano.a(lib_a-exit.o)
 .bss           0x00000000        0x0 c:/ac6/systemworkbench/plugins/fr.ac6.mcu.externaltools.arm-none.win32_1.3.0.201507241045/tools/compiler/bin/../lib/gcc/arm-none-eabi/4.9.3/../../../../arm-none-eabi/lib/armv7-m\libc_nano.a(lib_a-exit.o)
 .text.exit     0x00000000       0x28 c:/ac6/systemworkbench/plugins/fr.ac6.mcu.externaltools.arm-none.win32_1.3.0.201507241045/tools/compiler/bin/../lib/gcc/arm-none-eabi/4.9.3/../../../../arm-none-eabi/lib/armv7-m\libc_nano.a(lib_a-exit.o)
 .debug_frame   0x00000000       0x28 c:/ac6/systemworkbench/plugins/fr.ac6.mcu.externaltools.arm-none.win32_1.3.0.201507241045/tools/compiler/bin/../lib/gcc/arm-none-eabi/4.9.3/../../../../arm-none-eabi/lib/armv7-m\libc_nano.a(lib_a-exit.o)
 .ARM.attributes
                0x00000000       0x2d c:/ac6/systemworkbench/plugins/fr.ac6.mcu.externaltools.arm-none.win32_1.3.0.201507241045/tools/compiler/bin/../lib/gcc/arm-none-eabi/4.9.3/../../../../arm-none-eabi/lib/armv7-m\libc_nano.a(lib_a-exit.o)
 .text          0x00000000        0x0 c:/ac6/systemworkbench/plugins/fr.ac6.mcu.externaltools.arm-none.win32_1.3.0.201507241045/tools/compiler/bin/../lib/gcc/arm-none-eabi/4.9.3/../../../../arm-none-eabi/lib/armv7-m\libc_nano.a(lib_a-impure.o)
 .data          0x00000000        0x0 c:/ac6/systemworkbench/plugins/fr.ac6.mcu.externaltools.arm-none.win32_1.3.0.201507241045/tools/compiler/bin/../lib/gcc/arm-none-eabi/4.9.3/../../../../arm-none-eabi/lib/armv7-m\libc_nano.a(lib_a-impure.o)
 .bss           0x00000000        0x0 c:/ac6/systemworkbench/plugins/fr.ac6.mcu.externaltools.arm-none.win32_1.3.0.201507241045/tools/compiler/bin/../lib/gcc/arm-none-eabi/4.9.3/../../../../arm-none-eabi/lib/armv7-m\libc_nano.a(lib_a-impure.o)
 .rodata._global_impure_ptr
                0x00000000        0x4 c:/ac6/systemworkbench/plugins/fr.ac6.mcu.externaltools.arm-none.win32_1.3.0.201507241045/tools/compiler/bin/../lib/gcc/arm-none-eabi/4.9.3/../../../../arm-none-eabi/lib/armv7-m\libc_nano.a(lib_a-impure.o)
 .text          0x00000000        0x0 c:/ac6/systemworkbench/plugins/fr.ac6.mcu.externaltools.arm-none.win32_1.3.0.201507241045/tools/compiler/bin/../lib/gcc/arm-none-eabi/4.9.3/../../../../arm-none-eabi/lib/armv7-m\libc_nano.a(lib_a-init.o)
 .data          0x00000000        0x0 c:/ac6/systemworkbench/plugins/fr.ac6.mcu.externaltools.arm-none.win32_1.3.0.201507241045/tools/compiler/bin/../lib/gcc/arm-none-eabi/4.9.3/../../../../arm-none-eabi/lib/armv7-m\libc_nano.a(lib_a-init.o)
 .bss           0x00000000        0x0 c:/ac6/systemworkbench/plugins/fr.ac6.mcu.externaltools.arm-none.win32_1.3.0.201507241045/tools/compiler/bin/../lib/gcc/arm-none-eabi/4.9.3/../../../../arm-none-eabi/lib/armv7-m\libc_nano.a(lib_a-init.o)
 .text          0x00000000        0x0 c:/ac6/systemworkbench/plugins/fr.ac6.mcu.externaltools.arm-none.win32_1.3.0.201507241045/tools/compiler/bin/../lib/gcc/arm-none-eabi/4.9.3/../../../../arm-none-eabi/lib/armv7-m\libc_nano.a(lib_a-memset.o)
 .data          0x00000000        0x0 c:/ac6/systemworkbench/plugins/fr.ac6.mcu.externaltools.arm-none.win32_1.3.0.201507241045/tools/compiler/bin/../lib/gcc/arm-none-eabi/4.9.3/../../../../arm-none-eabi/lib/armv7-m\libc_nano.a(lib_a-memset.o)
 .bss           0x00000000        0x0 c:/ac6/systemworkbench/plugins/fr.ac6.mcu.externaltools.arm-none.win32_1.3.0.201507241045/tools/compiler/bin/../lib/gcc/arm-none-eabi/4.9.3/../../../../arm-none-eabi/lib/armv7-m\libc_nano.a(lib_a-memset.o)
 .text.memset   0x00000000       0x10 c:/ac6/systemworkbench/plugins/fr.ac6.mcu.externaltools.arm-none.win32_1.3.0.201507241045/tools/compiler/bin/../lib/gcc/arm-none-eabi/4.9.3/../../../../arm-none-eabi/lib/armv7-m\libc_nano.a(lib_a-memset.o)
 .debug_frame   0x00000000       0x20 c:/ac6/systemworkbench/plugins/fr.ac6.mcu.externaltools.arm-none.win32_1.3.0.201507241045/tools/compiler/bin/../lib/gcc/arm-none-eabi/4.9.3/../../../../arm-none-eabi/lib/armv7-m\libc_nano.a(lib_a-memset.o)
 .ARM.attributes
                0x00000000       0x2d c:/ac6/systemworkbench/plugins/fr.ac6.mcu.externaltools.arm-none.win32_1.3.0.201507241045/tools/compiler/bin/../lib/gcc/arm-none-eabi/4.9.3/../../../../arm-none-eabi/lib/armv7-m\libc_nano.a(lib_a-memset.o)
 .text          0x00000000       0x14 startup/startup_stm32.o
 .data          0x00000000        0x0 startup/startup_stm32.o
 .bss           0x00000000        0x0 startup/startup_stm32.o
 .text.Default_Handler
                0x00000000        0x2 startup/startup_stm32.o
 .text          0x00000000        0x0 src/LCD.o
 .data          0x00000000        0x0 src/LCD.o
 .bss           0x00000000        0x0 src/LCD.o
 .text.LCD_home
                0x00000000       0x14 src/LCD.o
 .text.LCD_setCursor
                0x00000000       0x4c src/LCD.o
 .text.LCD_noDisplay
                0x00000000       0x10 src/LCD.o
 .text.LCD_noCursor
                0x00000000       0x10 src/LCD.o
 .text.LCD_cursor
                0x00000000       0x10 src/LCD.o
 .text.LCD_noBlink
                0x00000000       0x10 src/LCD.o
 .text.LCD_blink
                0x00000000       0x10 src/LCD.o
 .text.LCD_scrollDisplayLeft
                0x00000000        0x6 src/LCD.o
 .text.LCD_scrollDisplayRight
                0x00000000        0x6 src/LCD.o
 .text.LCD_leftToRight
                0x00000000       0x10 src/LCD.o
 .text.LCD_rightToLeft
                0x00000000       0x10 src/LCD.o
 .text.LCD_moveCursorRight
                0x00000000        0x6 src/LCD.o
 .text.LCD_moveCursorLeft
                0x00000000        0x6 src/LCD.o
 .text.LCD_autoscroll
                0x00000000       0x10 src/LCD.o
 .text.LCD_noAutoscroll
                0x00000000       0x10 src/LCD.o
 .text.LCD_createChar
                0x00000000       0x34 src/LCD.o
 .text.LCD_print
                0x00000000        0xa src/LCD.o
 .text.LCD_noBacklight
                0x00000000        0x6 src/LCD.o
 .text.LCD_on   0x00000000       0x12 src/LCD.o
 .text.LCD_off  0x00000000       0x12 src/LCD.o
 .text.LCD_begin58
                0x00000000        0x6 src/LCD.o
 .text.new_LCD_Struct
                0x00000000       0x1c src/LCD.o
 .rodata        0x00000000        0x8 src/LCD.o
 .text          0x00000000        0x0 src/LCD_I2C.o
 .data          0x00000000        0x0 src/LCD_I2C.o
 .bss           0x00000000        0x0 src/LCD_I2C.o
 .text.LCD_I2C_config
                0x00000000       0x56 src/LCD_I2C.o
 .text.LCD_I2C_print
                0x00000000        0x4 src/LCD_I2C.o
 .text          0x00000000        0x0 src/delay.o
 .text.DelayUs  0x00000000       0x10 src/delay.o
 .text.DelayMs  0x00000000       0x14 src/delay.o
 .text          0x00000000        0x0 src/i2c.o
 .data          0x00000000        0x0 src/i2c.o
 .text          0x00000000        0x0 src/main.o
 .data          0x00000000        0x0 src/main.o
 .bss           0x00000000        0x0 src/main.o
 .text          0x00000000        0x0 src/stm32f10x_it.o
 .data          0x00000000        0x0 src/stm32f10x_it.o
 .bss           0x00000000        0x0 src/stm32f10x_it.o
 .text.EXTI0_IRQHandler
                0x00000000        0x2 src/stm32f10x_it.o
 .text.USART1_IRQHandler
                0x00000000        0x2 src/stm32f10x_it.o
 .text.DMA1_Channel1_IRQHandler
                0x00000000       0x16 src/stm32f10x_it.o
 .text          0x00000000        0x0 src/syscalls.o
 .data          0x00000000        0x4 src/syscalls.o
 .text.initialise_monitor_handles
                0x00000000        0x2 src/syscalls.o
 .text._getpid  0x00000000        0x4 src/syscalls.o
 .text._kill    0x00000000       0x10 src/syscalls.o
 .text._exit    0x00000000        0xc src/syscalls.o
 .text._read    0x00000000       0x1c src/syscalls.o
 .text._write   0x00000000       0x1c src/syscalls.o
 .text._close   0x00000000        0x6 src/syscalls.o
 .text._fstat   0x00000000        0xa src/syscalls.o
 .text._isatty  0x00000000        0x4 src/syscalls.o
 .text._lseek   0x00000000        0x4 src/syscalls.o
 .text._open    0x00000000        0xa src/syscalls.o
 .text._wait    0x00000000       0x10 src/syscalls.o
 .text._unlink  0x00000000       0x10 src/syscalls.o
 .text._times   0x00000000        0x6 src/syscalls.o
 .text._stat    0x00000000        0xa src/syscalls.o
 .text._link    0x00000000       0x10 src/syscalls.o
 .text._fork    0x00000000       0x10 src/syscalls.o
 .text._execve  0x00000000       0x10 src/syscalls.o
 .text          0x00000000        0x0 src/system_stm32f10x.o
 .bss           0x00000000        0x0 src/system_stm32f10x.o
 .text          0x00000000        0x0 I:\STM32\Workspace\mycustomboard_stdperiph_lib\Release\libmycustomboard_stdperiph_lib.a(stm32f10x_adc.o)
 .data          0x00000000        0x0 I:\STM32\Workspace\mycustomboard_stdperiph_lib\Release\libmycustomboard_stdperiph_lib.a(stm32f10x_adc.o)
 .bss           0x00000000        0x0 I:\STM32\Workspace\mycustomboard_stdperiph_lib\Release\libmycustomboard_stdperiph_lib.a(stm32f10x_adc.o)
 .text.ADC_DeInit
                0x00000000       0x6c I:\STM32\Workspace\mycustomboard_stdperiph_lib\Release\libmycustomboard_stdperiph_lib.a(stm32f10x_adc.o)
 .text.ADC_StructInit
                0x00000000       0x14 I:\STM32\Workspace\mycustomboard_stdperiph_lib\Release\libmycustomboard_stdperiph_lib.a(stm32f10x_adc.o)
 .text.ADC_ITConfig
                0x00000000       0x14 I:\STM32\Workspace\mycustomboard_stdperiph_lib\Release\libmycustomboard_stdperiph_lib.a(stm32f10x_adc.o)
 .text.ADC_GetSoftwareStartConvStatus
                0x00000000        0x8 I:\STM32\Workspace\mycustomboard_stdperiph_lib\Release\libmycustomboard_stdperiph_lib.a(stm32f10x_adc.o)
 .text.ADC_DiscModeChannelCountConfig
                0x00000000       0x10 I:\STM32\Workspace\mycustomboard_stdperiph_lib\Release\libmycustomboard_stdperiph_lib.a(stm32f10x_adc.o)
 .text.ADC_DiscModeCmd
                0x00000000       0x14 I:\STM32\Workspace\mycustomboard_stdperiph_lib\Release\libmycustomboard_stdperiph_lib.a(stm32f10x_adc.o)
 .text.ADC_ExternalTrigConvCmd
                0x00000000       0x14 I:\STM32\Workspace\mycustomboard_stdperiph_lib\Release\libmycustomboard_stdperiph_lib.a(stm32f10x_adc.o)
 .text.ADC_GetConversionValue
                0x00000000        0x8 I:\STM32\Workspace\mycustomboard_stdperiph_lib\Release\libmycustomboard_stdperiph_lib.a(stm32f10x_adc.o)
 .text.ADC_GetDualModeConversionValue
                0x00000000        0xc I:\STM32\Workspace\mycustomboard_stdperiph_lib\Release\libmycustomboard_stdperiph_lib.a(stm32f10x_adc.o)
 .text.ADC_AutoInjectedConvCmd
                0x00000000       0x14 I:\STM32\Workspace\mycustomboard_stdperiph_lib\Release\libmycustomboard_stdperiph_lib.a(stm32f10x_adc.o)
 .text.ADC_InjectedDiscModeCmd
                0x00000000       0x14 I:\STM32\Workspace\mycustomboard_stdperiph_lib\Release\libmycustomboard_stdperiph_lib.a(stm32f10x_adc.o)
 .text.ADC_ExternalTrigInjectedConvConfig
                0x00000000        0xc I:\STM32\Workspace\mycustomboard_stdperiph_lib\Release\libmycustomboard_stdperiph_lib.a(stm32f10x_adc.o)
 .text.ADC_ExternalTrigInjectedConvCmd
                0x00000000       0x14 I:\STM32\Workspace\mycustomboard_stdperiph_lib\Release\libmycustomboard_stdperiph_lib.a(stm32f10x_adc.o)
 .text.ADC_SoftwareStartInjectedConvCmd
                0x00000000       0x14 I:\STM32\Workspace\mycustomboard_stdperiph_lib\Release\libmycustomboard_stdperiph_lib.a(stm32f10x_adc.o)
 .text.ADC_GetSoftwareStartInjectedConvCmdStatus
                0x00000000        0x8 I:\STM32\Workspace\mycustomboard_stdperiph_lib\Release\libmycustomboard_stdperiph_lib.a(stm32f10x_adc.o)
 .text.ADC_InjectedChannelConfig
                0x00000000       0x58 I:\STM32\Workspace\mycustomboard_stdperiph_lib\Release\libmycustomboard_stdperiph_lib.a(stm32f10x_adc.o)
 .text.ADC_InjectedSequencerLengthConfig
                0x00000000       0x10 I:\STM32\Workspace\mycustomboard_stdperiph_lib\Release\libmycustomboard_stdperiph_lib.a(stm32f10x_adc.o)
 .text.ADC_SetInjectedOffset
                0x00000000       0x18 I:\STM32\Workspace\mycustomboard_stdperiph_lib\Release\libmycustomboard_stdperiph_lib.a(stm32f10x_adc.o)
 .text.ADC_GetInjectedConversionValue
                0x00000000       0x1c I:\STM32\Workspace\mycustomboard_stdperiph_lib\Release\libmycustomboard_stdperiph_lib.a(stm32f10x_adc.o)
 .text.ADC_AnalogWatchdogCmd
                0x00000000       0x10 I:\STM32\Workspace\mycustomboard_stdperiph_lib\Release\libmycustomboard_stdperiph_lib.a(stm32f10x_adc.o)
 .text.ADC_AnalogWatchdogThresholdsConfig
                0x00000000        0x8 I:\STM32\Workspace\mycustomboard_stdperiph_lib\Release\libmycustomboard_stdperiph_lib.a(stm32f10x_adc.o)
 .text.ADC_AnalogWatchdogSingleChannelConfig
                0x00000000        0xc I:\STM32\Workspace\mycustomboard_stdperiph_lib\Release\libmycustomboard_stdperiph_lib.a(stm32f10x_adc.o)
 .text.ADC_TempSensorVrefintCmd
                0x00000000       0x1c I:\STM32\Workspace\mycustomboard_stdperiph_lib\Release\libmycustomboard_stdperiph_lib.a(stm32f10x_adc.o)
 .text.ADC_GetFlagStatus
                0x00000000        0xc I:\STM32\Workspace\mycustomboard_stdperiph_lib\Release\libmycustomboard_stdperiph_lib.a(stm32f10x_adc.o)
 .text.ADC_ClearFlag
                0x00000000        0x8 I:\STM32\Workspace\mycustomboard_stdperiph_lib\Release\libmycustomboard_stdperiph_lib.a(stm32f10x_adc.o)
 .text.ADC_GetITStatus
                0x00000000       0x18 I:\STM32\Workspace\mycustomboard_stdperiph_lib\Release\libmycustomboard_stdperiph_lib.a(stm32f10x_adc.o)
 .text.ADC_ClearITPendingBit
                0x00000000        0x8 I:\STM32\Workspace\mycustomboard_stdperiph_lib\Release\libmycustomboard_stdperiph_lib.a(stm32f10x_adc.o)
 .text          0x00000000        0x0 I:\STM32\Workspace\mycustomboard_stdperiph_lib\Release\libmycustomboard_stdperiph_lib.a(stm32f10x_dma.o)
 .data          0x00000000        0x0 I:\STM32\Workspace\mycustomboard_stdperiph_lib\Release\libmycustomboard_stdperiph_lib.a(stm32f10x_dma.o)
 .bss           0x00000000        0x0 I:\STM32\Workspace\mycustomboard_stdperiph_lib\Release\libmycustomboard_stdperiph_lib.a(stm32f10x_dma.o)
 .text.DMA_StructInit
                0x00000000       0x1c I:\STM32\Workspace\mycustomboard_stdperiph_lib\Release\libmycustomboard_stdperiph_lib.a(stm32f10x_dma.o)
 .text.DMA_SetCurrDataCounter
                0x00000000        0x4 I:\STM32\Workspace\mycustomboard_stdperiph_lib\Release\libmycustomboard_stdperiph_lib.a(stm32f10x_dma.o)
 .text.DMA_GetCurrDataCounter
                0x00000000        0x8 I:\STM32\Workspace\mycustomboard_stdperiph_lib\Release\libmycustomboard_stdperiph_lib.a(stm32f10x_dma.o)
 .text.DMA_GetFlagStatus
                0x00000000       0x1c I:\STM32\Workspace\mycustomboard_stdperiph_lib\Release\libmycustomboard_stdperiph_lib.a(stm32f10x_dma.o)
 .text.DMA_ClearFlag
                0x00000000       0x14 I:\STM32\Workspace\mycustomboard_stdperiph_lib\Release\libmycustomboard_stdperiph_lib.a(stm32f10x_dma.o)
 .text.DMA_GetITStatus
                0x00000000       0x1c I:\STM32\Workspace\mycustomboard_stdperiph_lib\Release\libmycustomboard_stdperiph_lib.a(stm32f10x_dma.o)
 .text.DMA_ClearITPendingBit
                0x00000000       0x14 I:\STM32\Workspace\mycustomboard_stdperiph_lib\Release\libmycustomboard_stdperiph_lib.a(stm32f10x_dma.o)
 .text          0x00000000        0x0 I:\STM32\Workspace\mycustomboard_stdperiph_lib\Release\libmycustomboard_stdperiph_lib.a(stm32f10x_gpio.o)
 .data          0x00000000        0x0 I:\STM32\Workspace\mycustomboard_stdperiph_lib\Release\libmycustomboard_stdperiph_lib.a(stm32f10x_gpio.o)
 .bss           0x00000000        0x0 I:\STM32\Workspace\mycustomboard_stdperiph_lib\Release\libmycustomboard_stdperiph_lib.a(stm32f10x_gpio.o)
 .text.GPIO_DeInit
                0x00000000       0xdc I:\STM32\Workspace\mycustomboard_stdperiph_lib\Release\libmycustomboard_stdperiph_lib.a(stm32f10x_gpio.o)
 .text.GPIO_AFIODeInit
                0x00000000       0x18 I:\STM32\Workspace\mycustomboard_stdperiph_lib\Release\libmycustomboard_stdperiph_lib.a(stm32f10x_gpio.o)
 .text.GPIO_ReadInputDataBit
                0x00000000        0xc I:\STM32\Workspace\mycustomboard_stdperiph_lib\Release\libmycustomboard_stdperiph_lib.a(stm32f10x_gpio.o)
 .text.GPIO_ReadInputData
                0x00000000        0x8 I:\STM32\Workspace\mycustomboard_stdperiph_lib\Release\libmycustomboard_stdperiph_lib.a(stm32f10x_gpio.o)
 .text.GPIO_ReadOutputDataBit
                0x00000000        0xc I:\STM32\Workspace\mycustomboard_stdperiph_lib\Release\libmycustomboard_stdperiph_lib.a(stm32f10x_gpio.o)
 .text.GPIO_ReadOutputData
                0x00000000        0x8 I:\STM32\Workspace\mycustomboard_stdperiph_lib\Release\libmycustomboard_stdperiph_lib.a(stm32f10x_gpio.o)
 .text.GPIO_SetBits
                0x00000000        0x4 I:\STM32\Workspace\mycustomboard_stdperiph_lib\Release\libmycustomboard_stdperiph_lib.a(stm32f10x_gpio.o)
 .text.GPIO_ResetBits
                0x00000000        0x4 I:\STM32\Workspace\mycustomboard_stdperiph_lib\Release\libmycustomboard_stdperiph_lib.a(stm32f10x_gpio.o)
 .text.GPIO_WriteBit
                0x00000000        0xc I:\STM32\Workspace\mycustomboard_stdperiph_lib\Release\libmycustomboard_stdperiph_lib.a(stm32f10x_gpio.o)
 .text.GPIO_Write
                0x00000000        0x4 I:\STM32\Workspace\mycustomboard_stdperiph_lib\Release\libmycustomboard_stdperiph_lib.a(stm32f10x_gpio.o)
 .text.GPIO_PinLockConfig
                0x00000000       0x10 I:\STM32\Workspace\mycustomboard_stdperiph_lib\Release\libmycustomboard_stdperiph_lib.a(stm32f10x_gpio.o)
 .text.GPIO_EventOutputConfig
                0x00000000       0x20 I:\STM32\Workspace\mycustomboard_stdperiph_lib\Release\libmycustomboard_stdperiph_lib.a(stm32f10x_gpio.o)
 .text.GPIO_EventOutputCmd
                0x00000000        0xc I:\STM32\Workspace\mycustomboard_stdperiph_lib\Release\libmycustomboard_stdperiph_lib.a(stm32f10x_gpio.o)
 .text.GPIO_PinRemapConfig
                0x00000000       0x6c I:\STM32\Workspace\mycustomboard_stdperiph_lib\Release\libmycustomboard_stdperiph_lib.a(stm32f10x_gpio.o)
 .text.GPIO_EXTILineConfig
                0x00000000       0x30 I:\STM32\Workspace\mycustomboard_stdperiph_lib\Release\libmycustomboard_stdperiph_lib.a(stm32f10x_gpio.o)
 .text.GPIO_ETH_MediaInterfaceConfig
                0x00000000        0xc I:\STM32\Workspace\mycustomboard_stdperiph_lib\Release\libmycustomboard_stdperiph_lib.a(stm32f10x_gpio.o)
 .text          0x00000000        0x0 I:\STM32\Workspace\mycustomboard_stdperiph_lib\Release\libmycustomboard_stdperiph_lib.a(stm32f10x_i2c.o)
 .data          0x00000000        0x0 I:\STM32\Workspace\mycustomboard_stdperiph_lib\Release\libmycustomboard_stdperiph_lib.a(stm32f10x_i2c.o)
 .bss           0x00000000        0x0 I:\STM32\Workspace\mycustomboard_stdperiph_lib\Release\libmycustomboard_stdperiph_lib.a(stm32f10x_i2c.o)
 .text.I2C_DeInit
                0x00000000       0x3c I:\STM32\Workspace\mycustomboard_stdperiph_lib\Release\libmycustomboard_stdperiph_lib.a(stm32f10x_i2c.o)
 .text.I2C_DMACmd
                0x00000000       0x1c I:\STM32\Workspace\mycustomboard_stdperiph_lib\Release\libmycustomboard_stdperiph_lib.a(stm32f10x_i2c.o)
 .text.I2C_DMALastTransferCmd
                0x00000000       0x1c I:\STM32\Workspace\mycustomboard_stdperiph_lib\Release\libmycustomboard_stdperiph_lib.a(stm32f10x_i2c.o)
 .text.I2C_AcknowledgeConfig
                0x00000000       0x1c I:\STM32\Workspace\mycustomboard_stdperiph_lib\Release\libmycustomboard_stdperiph_lib.a(stm32f10x_i2c.o)
 .text.I2C_OwnAddress2Config
                0x00000000       0x14 I:\STM32\Workspace\mycustomboard_stdperiph_lib\Release\libmycustomboard_stdperiph_lib.a(stm32f10x_i2c.o)
 .text.I2C_DualAddressCmd
                0x00000000       0x1c I:\STM32\Workspace\mycustomboard_stdperiph_lib\Release\libmycustomboard_stdperiph_lib.a(stm32f10x_i2c.o)
 .text.I2C_GeneralCallCmd
                0x00000000       0x1c I:\STM32\Workspace\mycustomboard_stdperiph_lib\Release\libmycustomboard_stdperiph_lib.a(stm32f10x_i2c.o)
 .text.I2C_ITConfig
                0x00000000       0x14 I:\STM32\Workspace\mycustomboard_stdperiph_lib\Release\libmycustomboard_stdperiph_lib.a(stm32f10x_i2c.o)
 .text.I2C_ReceiveData
                0x00000000        0x8 I:\STM32\Workspace\mycustomboard_stdperiph_lib\Release\libmycustomboard_stdperiph_lib.a(stm32f10x_i2c.o)
 .text.I2C_ReadRegister
                0x00000000       0x18 I:\STM32\Workspace\mycustomboard_stdperiph_lib\Release\libmycustomboard_stdperiph_lib.a(stm32f10x_i2c.o)
 .text.I2C_SoftwareResetCmd
                0x00000000       0x1c I:\STM32\Workspace\mycustomboard_stdperiph_lib\Release\libmycustomboard_stdperiph_lib.a(stm32f10x_i2c.o)
 .text.I2C_NACKPositionConfig
                0x00000000       0x20 I:\STM32\Workspace\mycustomboard_stdperiph_lib\Release\libmycustomboard_stdperiph_lib.a(stm32f10x_i2c.o)
 .text.I2C_SMBusAlertConfig
                0x00000000       0x20 I:\STM32\Workspace\mycustomboard_stdperiph_lib\Release\libmycustomboard_stdperiph_lib.a(stm32f10x_i2c.o)
 .text.I2C_TransmitPEC
                0x00000000       0x1c I:\STM32\Workspace\mycustomboard_stdperiph_lib\Release\libmycustomboard_stdperiph_lib.a(stm32f10x_i2c.o)
 .text.I2C_PECPositionConfig
                0x00000000       0x20 I:\STM32\Workspace\mycustomboard_stdperiph_lib\Release\libmycustomboard_stdperiph_lib.a(stm32f10x_i2c.o)
 .text.I2C_CalculatePEC
                0x00000000       0x1c I:\STM32\Workspace\mycustomboard_stdperiph_lib\Release\libmycustomboard_stdperiph_lib.a(stm32f10x_i2c.o)
 .text.I2C_GetPEC
                0x00000000        0x8 I:\STM32\Workspace\mycustomboard_stdperiph_lib\Release\libmycustomboard_stdperiph_lib.a(stm32f10x_i2c.o)
 .text.I2C_ARPCmd
                0x00000000       0x1c I:\STM32\Workspace\mycustomboard_stdperiph_lib\Release\libmycustomboard_stdperiph_lib.a(stm32f10x_i2c.o)
 .text.I2C_StretchClockCmd
                0x00000000       0x1c I:\STM32\Workspace\mycustomboard_stdperiph_lib\Release\libmycustomboard_stdperiph_lib.a(stm32f10x_i2c.o)
 .text.I2C_FastModeDutyCycleConfig
                0x00000000       0x20 I:\STM32\Workspace\mycustomboard_stdperiph_lib\Release\libmycustomboard_stdperiph_lib.a(stm32f10x_i2c.o)
 .text.I2C_GetLastEvent
                0x00000000       0x10 I:\STM32\Workspace\mycustomboard_stdperiph_lib\Release\libmycustomboard_stdperiph_lib.a(stm32f10x_i2c.o)
 .text.I2C_ClearFlag
                0x00000000        0x8 I:\STM32\Workspace\mycustomboard_stdperiph_lib\Release\libmycustomboard_stdperiph_lib.a(stm32f10x_i2c.o)
 .text.I2C_GetITStatus
                0x00000000       0x1c I:\STM32\Workspace\mycustomboard_stdperiph_lib\Release\libmycustomboard_stdperiph_lib.a(stm32f10x_i2c.o)
 .text.I2C_ClearITPendingBit
                0x00000000        0x8 I:\STM32\Workspace\mycustomboard_stdperiph_lib\Release\libmycustomboard_stdperiph_lib.a(stm32f10x_i2c.o)
 .text          0x00000000        0x0 I:\STM32\Workspace\mycustomboard_stdperiph_lib\Release\libmycustomboard_stdperiph_lib.a(stm32f10x_rcc.o)
 .bss           0x00000000        0x0 I:\STM32\Workspace\mycustomboard_stdperiph_lib\Release\libmycustomboard_stdperiph_lib.a(stm32f10x_rcc.o)
 .text.RCC_DeInit
                0x00000000       0x40 I:\STM32\Workspace\mycustomboard_stdperiph_lib\Release\libmycustomboard_stdperiph_lib.a(stm32f10x_rcc.o)
 .text.RCC_HSEConfig
                0x00000000       0x38 I:\STM32\Workspace\mycustomboard_stdperiph_lib\Release\libmycustomboard_stdperiph_lib.a(stm32f10x_rcc.o)
 .text.RCC_WaitForHSEStartUp
                0x00000000       0x34 I:\STM32\Workspace\mycustomboard_stdperiph_lib\Release\libmycustomboard_stdperiph_lib.a(stm32f10x_rcc.o)
 .text.RCC_AdjustHSICalibrationValue
                0x00000000       0x14 I:\STM32\Workspace\mycustomboard_stdperiph_lib\Release\libmycustomboard_stdperiph_lib.a(stm32f10x_rcc.o)
 .text.RCC_HSICmd
                0x00000000        0xc I:\STM32\Workspace\mycustomboard_stdperiph_lib\Release\libmycustomboard_stdperiph_lib.a(stm32f10x_rcc.o)
 .text.RCC_PLLConfig
                0x00000000       0x14 I:\STM32\Workspace\mycustomboard_stdperiph_lib\Release\libmycustomboard_stdperiph_lib.a(stm32f10x_rcc.o)
 .text.RCC_PLLCmd
                0x00000000        0xc I:\STM32\Workspace\mycustomboard_stdperiph_lib\Release\libmycustomboard_stdperiph_lib.a(stm32f10x_rcc.o)
 .text.RCC_SYSCLKConfig
                0x00000000       0x14 I:\STM32\Workspace\mycustomboard_stdperiph_lib\Release\libmycustomboard_stdperiph_lib.a(stm32f10x_rcc.o)
 .text.RCC_GetSYSCLKSource
                0x00000000       0x10 I:\STM32\Workspace\mycustomboard_stdperiph_lib\Release\libmycustomboard_stdperiph_lib.a(stm32f10x_rcc.o)
 .text.RCC_HCLKConfig
                0x00000000       0x14 I:\STM32\Workspace\mycustomboard_stdperiph_lib\Release\libmycustomboard_stdperiph_lib.a(stm32f10x_rcc.o)
 .text.RCC_PCLK1Config
                0x00000000       0x14 I:\STM32\Workspace\mycustomboard_stdperiph_lib\Release\libmycustomboard_stdperiph_lib.a(stm32f10x_rcc.o)
 .text.RCC_PCLK2Config
                0x00000000       0x14 I:\STM32\Workspace\mycustomboard_stdperiph_lib\Release\libmycustomboard_stdperiph_lib.a(stm32f10x_rcc.o)
 .text.RCC_ITConfig
                0x00000000       0x18 I:\STM32\Workspace\mycustomboard_stdperiph_lib\Release\libmycustomboard_stdperiph_lib.a(stm32f10x_rcc.o)
 .text.RCC_USBCLKConfig
                0x00000000        0xc I:\STM32\Workspace\mycustomboard_stdperiph_lib\Release\libmycustomboard_stdperiph_lib.a(stm32f10x_rcc.o)
 .text.RCC_LSEConfig
                0x00000000       0x20 I:\STM32\Workspace\mycustomboard_stdperiph_lib\Release\libmycustomboard_stdperiph_lib.a(stm32f10x_rcc.o)
 .text.RCC_LSICmd
                0x00000000        0xc I:\STM32\Workspace\mycustomboard_stdperiph_lib\Release\libmycustomboard_stdperiph_lib.a(stm32f10x_rcc.o)
 .text.RCC_RTCCLKConfig
                0x00000000       0x10 I:\STM32\Workspace\mycustomboard_stdperiph_lib\Release\libmycustomboard_stdperiph_lib.a(stm32f10x_rcc.o)
 .text.RCC_RTCCLKCmd
                0x00000000        0xc I:\STM32\Workspace\mycustomboard_stdperiph_lib\Release\libmycustomboard_stdperiph_lib.a(stm32f10x_rcc.o)
 .text.RCC_APB2PeriphResetCmd
                0x00000000       0x18 I:\STM32\Workspace\mycustomboard_stdperiph_lib\Release\libmycustomboard_stdperiph_lib.a(stm32f10x_rcc.o)
 .text.RCC_BackupResetCmd
                0x00000000        0xc I:\STM32\Workspace\mycustomboard_stdperiph_lib\Release\libmycustomboard_stdperiph_lib.a(stm32f10x_rcc.o)
 .text.RCC_ClockSecuritySystemCmd
                0x00000000        0xc I:\STM32\Workspace\mycustomboard_stdperiph_lib\Release\libmycustomboard_stdperiph_lib.a(stm32f10x_rcc.o)
 .text.RCC_MCOConfig
                0x00000000        0xc I:\STM32\Workspace\mycustomboard_stdperiph_lib\Release\libmycustomboard_stdperiph_lib.a(stm32f10x_rcc.o)
 .text.RCC_GetFlagStatus
                0x00000000       0x34 I:\STM32\Workspace\mycustomboard_stdperiph_lib\Release\libmycustomboard_stdperiph_lib.a(stm32f10x_rcc.o)
 .text.RCC_ClearFlag
                0x00000000       0x10 I:\STM32\Workspace\mycustomboard_stdperiph_lib\Release\libmycustomboard_stdperiph_lib.a(stm32f10x_rcc.o)
 .text.RCC_GetITStatus
                0x00000000       0x14 I:\STM32\Workspace\mycustomboard_stdperiph_lib\Release\libmycustomboard_stdperiph_lib.a(stm32f10x_rcc.o)
 .text.RCC_ClearITPendingBit
                0x00000000        0xc I:\STM32\Workspace\mycustomboard_stdperiph_lib\Release\libmycustomboard_stdperiph_lib.a(stm32f10x_rcc.o)
 .text          0x00000000        0x0 c:/ac6/systemworkbench/plugins/fr.ac6.mcu.externaltools.arm-none.win32_1.3.0.201507241045/tools/compiler/bin/../lib/gcc/arm-none-eabi/4.9.3/../../../../arm-none-eabi/lib/armv7-m\libc_nano.a(lib_a-errno.o)
 .data          0x00000000        0x0 c:/ac6/systemworkbench/plugins/fr.ac6.mcu.externaltools.arm-none.win32_1.3.0.201507241045/tools/compiler/bin/../lib/gcc/arm-none-eabi/4.9.3/../../../../arm-none-eabi/lib/armv7-m\libc_nano.a(lib_a-errno.o)
 .bss           0x00000000        0x0 c:/ac6/systemworkbench/plugins/fr.ac6.mcu.externaltools.arm-none.win32_1.3.0.201507241045/tools/compiler/bin/../lib/gcc/arm-none-eabi/4.9.3/../../../../arm-none-eabi/lib/armv7-m\libc_nano.a(lib_a-errno.o)
 .text          0x00000000        0x0 c:/ac6/systemworkbench/plugins/fr.ac6.mcu.externaltools.arm-none.win32_1.3.0.201507241045/tools/compiler/bin/../lib/gcc/arm-none-eabi/4.9.3/../../../../arm-none-eabi/lib/armv7-m\libc_nano.a(lib_a-malloc.o)
 .data          0x00000000        0x0 c:/ac6/systemworkbench/plugins/fr.ac6.mcu.externaltools.arm-none.win32_1.3.0.201507241045/tools/compiler/bin/../lib/gcc/arm-none-eabi/4.9.3/../../../../arm-none-eabi/lib/armv7-m\libc_nano.a(lib_a-malloc.o)
 .bss           0x00000000        0x0 c:/ac6/systemworkbench/plugins/fr.ac6.mcu.externaltools.arm-none.win32_1.3.0.201507241045/tools/compiler/bin/../lib/gcc/arm-none-eabi/4.9.3/../../../../arm-none-eabi/lib/armv7-m\libc_nano.a(lib_a-malloc.o)
 .text.free     0x00000000       0x10 c:/ac6/systemworkbench/plugins/fr.ac6.mcu.externaltools.arm-none.win32_1.3.0.201507241045/tools/compiler/bin/../lib/gcc/arm-none-eabi/4.9.3/../../../../arm-none-eabi/lib/armv7-m\libc_nano.a(lib_a-malloc.o)
 .text          0x00000000        0x0 c:/ac6/systemworkbench/plugins/fr.ac6.mcu.externaltools.arm-none.win32_1.3.0.201507241045/tools/compiler/bin/../lib/gcc/arm-none-eabi/4.9.3/../../../../arm-none-eabi/lib/armv7-m\libc_nano.a(lib_a-nano-freer.o)
 .data          0x00000000        0x0 c:/ac6/systemworkbench/plugins/fr.ac6.mcu.externaltools.arm-none.win32_1.3.0.201507241045/tools/compiler/bin/../lib/gcc/arm-none-eabi/4.9.3/../../../../arm-none-eabi/lib/armv7-m\libc_nano.a(lib_a-nano-freer.o)
 .bss           0x00000000        0x0 c:/ac6/systemworkbench/plugins/fr.ac6.mcu.externaltools.arm-none.win32_1.3.0.201507241045/tools/compiler/bin/../lib/gcc/arm-none-eabi/4.9.3/../../../../arm-none-eabi/lib/armv7-m\libc_nano.a(lib_a-nano-freer.o)
 .text          0x00000000        0x0 c:/ac6/systemworkbench/plugins/fr.ac6.mcu.externaltools.arm-none.win32_1.3.0.201507241045/tools/compiler/bin/../lib/gcc/arm-none-eabi/4.9.3/../../../../arm-none-eabi/lib/armv7-m\libc_nano.a(lib_a-nano-mallocr.o)
 .data          0x00000000        0x0 c:/ac6/systemworkbench/plugins/fr.ac6.mcu.externaltools.arm-none.win32_1.3.0.201507241045/tools/compiler/bin/../lib/gcc/arm-none-eabi/4.9.3/../../../../arm-none-eabi/lib/armv7-m\libc_nano.a(lib_a-nano-mallocr.o)
 .bss           0x00000000        0x0 c:/ac6/systemworkbench/plugins/fr.ac6.mcu.externaltools.arm-none.win32_1.3.0.201507241045/tools/compiler/bin/../lib/gcc/arm-none-eabi/4.9.3/../../../../arm-none-eabi/lib/armv7-m\libc_nano.a(lib_a-nano-mallocr.o)
 .text          0x00000000        0x0 c:/ac6/systemworkbench/plugins/fr.ac6.mcu.externaltools.arm-none.win32_1.3.0.201507241045/tools/compiler/bin/../lib/gcc/arm-none-eabi/4.9.3/../../../../arm-none-eabi/lib/armv7-m\libc_nano.a(lib_a-sbrkr.o)
 .data          0x00000000        0x0 c:/ac6/systemworkbench/plugins/fr.ac6.mcu.externaltools.arm-none.win32_1.3.0.201507241045/tools/compiler/bin/../lib/gcc/arm-none-eabi/4.9.3/../../../../arm-none-eabi/lib/armv7-m\libc_nano.a(lib_a-sbrkr.o)
 .bss           0x00000000        0x0 c:/ac6/systemworkbench/plugins/fr.ac6.mcu.externaltools.arm-none.win32_1.3.0.201507241045/tools/compiler/bin/../lib/gcc/arm-none-eabi/4.9.3/../../../../arm-none-eabi/lib/armv7-m\libc_nano.a(lib_a-sbrkr.o)
 .text          0x00000000        0x0 c:/ac6/systemworkbench/plugins/fr.ac6.mcu.externaltools.arm-none.win32_1.3.0.201507241045/tools/compiler/bin/../lib/gcc/arm-none-eabi/4.9.3/../../../../arm-none-eabi/lib/armv7-m\libc_nano.a(lib_a-sprintf.o)
 .data          0x00000000        0x0 c:/ac6/systemworkbench/plugins/fr.ac6.mcu.externaltools.arm-none.win32_1.3.0.201507241045/tools/compiler/bin/../lib/gcc/arm-none-eabi/4.9.3/../../../../arm-none-eabi/lib/armv7-m\libc_nano.a(lib_a-sprintf.o)
 .bss           0x00000000        0x0 c:/ac6/systemworkbench/plugins/fr.ac6.mcu.externaltools.arm-none.win32_1.3.0.201507241045/tools/compiler/bin/../lib/gcc/arm-none-eabi/4.9.3/../../../../arm-none-eabi/lib/armv7-m\libc_nano.a(lib_a-sprintf.o)
 .text._sprintf_r
                0x00000000       0x40 c:/ac6/systemworkbench/plugins/fr.ac6.mcu.externaltools.arm-none.win32_1.3.0.201507241045/tools/compiler/bin/../lib/gcc/arm-none-eabi/4.9.3/../../../../arm-none-eabi/lib/armv7-m\libc_nano.a(lib_a-sprintf.o)
 .text          0x00000000        0x0 c:/ac6/systemworkbench/plugins/fr.ac6.mcu.externaltools.arm-none.win32_1.3.0.201507241045/tools/compiler/bin/../lib/gcc/arm-none-eabi/4.9.3/../../../../arm-none-eabi/lib/armv7-m\libc_nano.a(lib_a-strlen.o)
 .data          0x00000000        0x0 c:/ac6/systemworkbench/plugins/fr.ac6.mcu.externaltools.arm-none.win32_1.3.0.201507241045/tools/compiler/bin/../lib/gcc/arm-none-eabi/4.9.3/../../../../arm-none-eabi/lib/armv7-m\libc_nano.a(lib_a-strlen.o)
 .bss           0x00000000        0x0 c:/ac6/systemworkbench/plugins/fr.ac6.mcu.externaltools.arm-none.win32_1.3.0.201507241045/tools/compiler/bin/../lib/gcc/arm-none-eabi/4.9.3/../../../../arm-none-eabi/lib/armv7-m\libc_nano.a(lib_a-strlen.o)
 .text          0x00000000        0x0 c:/ac6/systemworkbench/plugins/fr.ac6.mcu.externaltools.arm-none.win32_1.3.0.201507241045/tools/compiler/bin/../lib/gcc/arm-none-eabi/4.9.3/../../../../arm-none-eabi/lib/armv7-m\libc_nano.a(lib_a-nano-svfprintf.o)
 .data          0x00000000        0x0 c:/ac6/systemworkbench/plugins/fr.ac6.mcu.externaltools.arm-none.win32_1.3.0.201507241045/tools/compiler/bin/../lib/gcc/arm-none-eabi/4.9.3/../../../../arm-none-eabi/lib/armv7-m\libc_nano.a(lib_a-nano-svfprintf.o)
 .bss           0x00000000        0x0 c:/ac6/systemworkbench/plugins/fr.ac6.mcu.externaltools.arm-none.win32_1.3.0.201507241045/tools/compiler/bin/../lib/gcc/arm-none-eabi/4.9.3/../../../../arm-none-eabi/lib/armv7-m\libc_nano.a(lib_a-nano-svfprintf.o)
 .text.__ssprint_r
                0x00000000       0xfe c:/ac6/systemworkbench/plugins/fr.ac6.mcu.externaltools.arm-none.win32_1.3.0.201507241045/tools/compiler/bin/../lib/gcc/arm-none-eabi/4.9.3/../../../../arm-none-eabi/lib/armv7-m\libc_nano.a(lib_a-nano-svfprintf.o)
 .text          0x00000000        0x0 c:/ac6/systemworkbench/plugins/fr.ac6.mcu.externaltools.arm-none.win32_1.3.0.201507241045/tools/compiler/bin/../lib/gcc/arm-none-eabi/4.9.3/../../../../arm-none-eabi/lib/armv7-m\libc_nano.a(lib_a-nano-vfprintf_i.o)
 .data          0x00000000        0x0 c:/ac6/systemworkbench/plugins/fr.ac6.mcu.externaltools.arm-none.win32_1.3.0.201507241045/tools/compiler/bin/../lib/gcc/arm-none-eabi/4.9.3/../../../../arm-none-eabi/lib/armv7-m\libc_nano.a(lib_a-nano-vfprintf_i.o)
 .bss           0x00000000        0x0 c:/ac6/systemworkbench/plugins/fr.ac6.mcu.externaltools.arm-none.win32_1.3.0.201507241045/tools/compiler/bin/../lib/gcc/arm-none-eabi/4.9.3/../../../../arm-none-eabi/lib/armv7-m\libc_nano.a(lib_a-nano-vfprintf_i.o)
 .text          0x00000000        0x0 c:/ac6/systemworkbench/plugins/fr.ac6.mcu.externaltools.arm-none.win32_1.3.0.201507241045/tools/compiler/bin/../lib/gcc/arm-none-eabi/4.9.3/../../../../arm-none-eabi/lib/armv7-m\libc_nano.a(lib_a-reent.o)
 .data          0x00000000        0x0 c:/ac6/systemworkbench/plugins/fr.ac6.mcu.externaltools.arm-none.win32_1.3.0.201507241045/tools/compiler/bin/../lib/gcc/arm-none-eabi/4.9.3/../../../../arm-none-eabi/lib/armv7-m\libc_nano.a(lib_a-reent.o)
 .bss           0x00000000        0x0 c:/ac6/systemworkbench/plugins/fr.ac6.mcu.externaltools.arm-none.win32_1.3.0.201507241045/tools/compiler/bin/../lib/gcc/arm-none-eabi/4.9.3/../../../../arm-none-eabi/lib/armv7-m\libc_nano.a(lib_a-reent.o)
 .text.cleanup_glue
                0x00000000       0x1a c:/ac6/systemworkbench/plugins/fr.ac6.mcu.externaltools.arm-none.win32_1.3.0.201507241045/tools/compiler/bin/../lib/gcc/arm-none-eabi/4.9.3/../../../../arm-none-eabi/lib/armv7-m\libc_nano.a(lib_a-reent.o)
 .text._reclaim_reent
                0x00000000       0xb4 c:/ac6/systemworkbench/plugins/fr.ac6.mcu.externaltools.arm-none.win32_1.3.0.201507241045/tools/compiler/bin/../lib/gcc/arm-none-eabi/4.9.3/../../../../arm-none-eabi/lib/armv7-m\libc_nano.a(lib_a-reent.o)
 .text          0x00000000        0x0 c:/ac6/systemworkbench/plugins/fr.ac6.mcu.externaltools.arm-none.win32_1.3.0.201507241045/tools/compiler/bin/../lib/gcc/arm-none-eabi/4.9.3/../../../../arm-none-eabi/lib/armv7-m\libc_nano.a(lib_a-memchr.o)
 .data          0x00000000        0x0 c:/ac6/systemworkbench/plugins/fr.ac6.mcu.externaltools.arm-none.win32_1.3.0.201507241045/tools/compiler/bin/../lib/gcc/arm-none-eabi/4.9.3/../../../../arm-none-eabi/lib/armv7-m\libc_nano.a(lib_a-memchr.o)
 .bss           0x00000000        0x0 c:/ac6/systemworkbench/plugins/fr.ac6.mcu.externaltools.arm-none.win32_1.3.0.201507241045/tools/compiler/bin/../lib/gcc/arm-none-eabi/4.9.3/../../../../arm-none-eabi/lib/armv7-m\libc_nano.a(lib_a-memchr.o)
 .text          0x00000000        0x0 c:/ac6/systemworkbench/plugins/fr.ac6.mcu.externaltools.arm-none.win32_1.3.0.201507241045/tools/compiler/bin/../lib/gcc/arm-none-eabi/4.9.3/../../../../arm-none-eabi/lib/armv7-m\libc_nano.a(lib_a-memcpy.o)
 .data          0x00000000        0x0 c:/ac6/systemworkbench/plugins/fr.ac6.mcu.externaltools.arm-none.win32_1.3.0.201507241045/tools/compiler/bin/../lib/gcc/arm-none-eabi/4.9.3/../../../../arm-none-eabi/lib/armv7-m\libc_nano.a(lib_a-memcpy.o)
 .bss           0x00000000        0x0 c:/ac6/systemworkbench/plugins/fr.ac6.mcu.externaltools.arm-none.win32_1.3.0.201507241045/tools/compiler/bin/../lib/gcc/arm-none-eabi/4.9.3/../../../../arm-none-eabi/lib/armv7-m\libc_nano.a(lib_a-memcpy.o)
 .text          0x00000000        0x0 c:/ac6/systemworkbench/plugins/fr.ac6.mcu.externaltools.arm-none.win32_1.3.0.201507241045/tools/compiler/bin/../lib/gcc/arm-none-eabi/4.9.3/../../../../arm-none-eabi/lib/armv7-m\libc_nano.a(lib_a-memmove.o)
 .data          0x00000000        0x0 c:/ac6/systemworkbench/plugins/fr.ac6.mcu.externaltools.arm-none.win32_1.3.0.201507241045/tools/compiler/bin/../lib/gcc/arm-none-eabi/4.9.3/../../../../arm-none-eabi/lib/armv7-m\libc_nano.a(lib_a-memmove.o)
 .bss           0x00000000        0x0 c:/ac6/systemworkbench/plugins/fr.ac6.mcu.externaltools.arm-none.win32_1.3.0.201507241045/tools/compiler/bin/../lib/gcc/arm-none-eabi/4.9.3/../../../../arm-none-eabi/lib/armv7-m\libc_nano.a(lib_a-memmove.o)
 .text          0x00000000        0x0 c:/ac6/systemworkbench/plugins/fr.ac6.mcu.externaltools.arm-none.win32_1.3.0.201507241045/tools/compiler/bin/../lib/gcc/arm-none-eabi/4.9.3/../../../../arm-none-eabi/lib/armv7-m\libc_nano.a(lib_a-nano-reallocr.o)
 .data          0x00000000        0x0 c:/ac6/systemworkbench/plugins/fr.ac6.mcu.externaltools.arm-none.win32_1.3.0.201507241045/tools/compiler/bin/../lib/gcc/arm-none-eabi/4.9.3/../../../../arm-none-eabi/lib/armv7-m\libc_nano.a(lib_a-nano-reallocr.o)
 .bss           0x00000000        0x0 c:/ac6/systemworkbench/plugins/fr.ac6.mcu.externaltools.arm-none.win32_1.3.0.201507241045/tools/compiler/bin/../lib/gcc/arm-none-eabi/4.9.3/../../../../arm-none-eabi/lib/armv7-m\libc_nano.a(lib_a-nano-reallocr.o)
 .text          0x00000000        0x0 c:/ac6/systemworkbench/plugins/fr.ac6.mcu.externaltools.arm-none.win32_1.3.0.201507241045/tools/compiler/bin/../lib/gcc/arm-none-eabi/4.9.3/../../../../arm-none-eabi/lib/armv7-m\libc_nano.a(lib_a-nano-msizer.o)
 .data          0x00000000        0x0 c:/ac6/systemworkbench/plugins/fr.ac6.mcu.externaltools.arm-none.win32_1.3.0.201507241045/tools/compiler/bin/../lib/gcc/arm-none-eabi/4.9.3/../../../../arm-none-eabi/lib/armv7-m\libc_nano.a(lib_a-nano-msizer.o)
 .bss           0x00000000        0x0 c:/ac6/systemworkbench/plugins/fr.ac6.mcu.externaltools.arm-none.win32_1.3.0.201507241045/tools/compiler/bin/../lib/gcc/arm-none-eabi/4.9.3/../../../../arm-none-eabi/lib/armv7-m\libc_nano.a(lib_a-nano-msizer.o)
 .text          0x00000000        0x0 c:/ac6/systemworkbench/plugins/fr.ac6.mcu.externaltools.arm-none.win32_1.3.0.201507241045/tools/compiler/bin/../lib/gcc/arm-none-eabi/4.9.3/armv7-m/crtend.o
 .data          0x00000000        0x0 c:/ac6/systemworkbench/plugins/fr.ac6.mcu.externaltools.arm-none.win32_1.3.0.201507241045/tools/compiler/bin/../lib/gcc/arm-none-eabi/4.9.3/armv7-m/crtend.o
 .bss           0x00000000        0x0 c:/ac6/systemworkbench/plugins/fr.ac6.mcu.externaltools.arm-none.win32_1.3.0.201507241045/tools/compiler/bin/../lib/gcc/arm-none-eabi/4.9.3/armv7-m/crtend.o
 .eh_frame      0x00000000        0x4 c:/ac6/systemworkbench/plugins/fr.ac6.mcu.externaltools.arm-none.win32_1.3.0.201507241045/tools/compiler/bin/../lib/gcc/arm-none-eabi/4.9.3/armv7-m/crtend.o
 .jcr           0x00000000        0x4 c:/ac6/systemworkbench/plugins/fr.ac6.mcu.externaltools.arm-none.win32_1.3.0.201507241045/tools/compiler/bin/../lib/gcc/arm-none-eabi/4.9.3/armv7-m/crtend.o
 .ARM.attributes
                0x00000000       0x2d c:/ac6/systemworkbench/plugins/fr.ac6.mcu.externaltools.arm-none.win32_1.3.0.201507241045/tools/compiler/bin/../lib/gcc/arm-none-eabi/4.9.3/armv7-m/crtend.o
 .text          0x00000000        0x0 c:/ac6/systemworkbench/plugins/fr.ac6.mcu.externaltools.arm-none.win32_1.3.0.201507241045/tools/compiler/bin/../lib/gcc/arm-none-eabi/4.9.3/armv7-m/crtn.o
 .data          0x00000000        0x0 c:/ac6/systemworkbench/plugins/fr.ac6.mcu.externaltools.arm-none.win32_1.3.0.201507241045/tools/compiler/bin/../lib/gcc/arm-none-eabi/4.9.3/armv7-m/crtn.o
 .bss           0x00000000        0x0 c:/ac6/systemworkbench/plugins/fr.ac6.mcu.externaltools.arm-none.win32_1.3.0.201507241045/tools/compiler/bin/../lib/gcc/arm-none-eabi/4.9.3/armv7-m/crtn.o

Memory Configuration

Name             Origin             Length             Attributes
RAM              0x20000000         0x00005000         xrw
ROM              0x08000000         0x00010000         xr
*default*        0x00000000         0xffffffff

Linker script and memory map

LOAD c:/ac6/systemworkbench/plugins/fr.ac6.mcu.externaltools.arm-none.win32_1.3.0.201507241045/tools/compiler/bin/../lib/gcc/arm-none-eabi/4.9.3/armv7-m/crti.o
LOAD c:/ac6/systemworkbench/plugins/fr.ac6.mcu.externaltools.arm-none.win32_1.3.0.201507241045/tools/compiler/bin/../lib/gcc/arm-none-eabi/4.9.3/armv7-m/crtbegin.o
LOAD c:/ac6/systemworkbench/plugins/fr.ac6.mcu.externaltools.arm-none.win32_1.3.0.201507241045/tools/compiler/bin/../lib/gcc/arm-none-eabi/4.9.3/../../../../arm-none-eabi/lib/armv7-m/crt0.o
LOAD c:/ac6/systemworkbench/plugins/fr.ac6.mcu.externaltools.arm-none.win32_1.3.0.201507241045/tools/compiler/bin/../lib/gcc/arm-none-eabi/4.9.3/../../../../arm-none-eabi/lib/armv7-m\libc_nano.a
LOAD c:/ac6/systemworkbench/plugins/fr.ac6.mcu.externaltools.arm-none.win32_1.3.0.201507241045/tools/compiler/bin/../lib/gcc/arm-none-eabi/4.9.3/../../../../arm-none-eabi/lib/armv7-m\libm.a
LOAD startup/startup_stm32.o
LOAD src/LCD.o
LOAD src/LCD_I2C.o
LOAD src/delay.o
LOAD src/i2c.o
LOAD src/main.o
LOAD src/stm32f10x_it.o
LOAD src/syscalls.o
LOAD src/system_stm32f10x.o
LOAD I:\STM32\Workspace\mycustomboard_stdperiph_lib\Release\libmycustomboard_stdperiph_lib.a
START GROUP
LOAD c:/ac6/systemworkbench/plugins/fr.ac6.mcu.externaltools.arm-none.win32_1.3.0.201507241045/tools/compiler/bin/../lib/gcc/arm-none-eabi/4.9.3/armv7-m\libgcc.a
LOAD c:/ac6/systemworkbench/plugins/fr.ac6.mcu.externaltools.arm-none.win32_1.3.0.201507241045/tools/compiler/bin/../lib/gcc/arm-none-eabi/4.9.3/../../../../arm-none-eabi/lib/armv7-m\libc_nano.a
END GROUP
START GROUP
LOAD c:/ac6/systemworkbench/plugins/fr.ac6.mcu.externaltools.arm-none.win32_1.3.0.201507241045/tools/compiler/bin/../lib/gcc/arm-none-eabi/4.9.3/armv7-m\libgcc.a
LOAD c:/ac6/systemworkbench/plugins/fr.ac6.mcu.externaltools.arm-none.win32_1.3.0.201507241045/tools/compiler/bin/../lib/gcc/arm-none-eabi/4.9.3/../../../../arm-none-eabi/lib/armv7-m\libc_nano.a
END GROUP
LOAD c:/ac6/systemworkbench/plugins/fr.ac6.mcu.externaltools.arm-none.win32_1.3.0.201507241045/tools/compiler/bin/../lib/gcc/arm-none-eabi/4.9.3/armv7-m/crtend.o
LOAD c:/ac6/systemworkbench/plugins/fr.ac6.mcu.externaltools.arm-none.win32_1.3.0.201507241045/tools/compiler/bin/../lib/gcc/arm-none-eabi/4.9.3/armv7-m/crtn.o
                0x20005000                _estack = 0x20005000
                0x00000000                _Min_Heap_Size = 0x0
                0x00000400                _Min_Stack_Size = 0x400

.isr_vector     0x08000000      0x188
                0x08000000                . = ALIGN (0x4)
 *(.isr_vector)
 .isr_vector    0x08000000      0x188 startup/startup_stm32.o
                0x08000000                g_pfnVectors
                0x08000188                . = ALIGN (0x4)

.text           0x08000188     0x1b64
                0x08000188                . = ALIGN (0x4)
 *(.text)
 .text          0x08000188       0x5c c:/ac6/systemworkbench/plugins/fr.ac6.mcu.externaltools.arm-none.win32_1.3.0.201507241045/tools/compiler/bin/../lib/gcc/arm-none-eabi/4.9.3/armv7-m/crtbegin.o
 *(.text*)
 .text.__libc_init_array
                0x080001e4       0x4c c:/ac6/systemworkbench/plugins/fr.ac6.mcu.externaltools.arm-none.win32_1.3.0.201507241045/tools/compiler/bin/../lib/gcc/arm-none-eabi/4.9.3/../../../../arm-none-eabi/lib/armv7-m\libc_nano.a(lib_a-init.o)
                0x080001e4                __libc_init_array
 .text.Reset_Handler
                0x08000230       0x48 startup/startup_stm32.o
                0x08000230                Reset_Handler
 .text.delay_us
                0x08000278       0x20 src/LCD.o
 .text.LCD_write
                0x08000298        0x6 src/LCD.o
                0x08000298                LCD_write
 .text.LCD_command
                0x0800029e        0x6 src/LCD.o
                0x0800029e                LCD_command
 .text.LCD_clear
                0x080002a4       0x14 src/LCD.o
                0x080002a4                LCD_clear
 .text.LCD_display
                0x080002b8       0x10 src/LCD.o
                0x080002b8                LCD_display
 .text.LCD_printStr
                0x080002c8       0x24 src/LCD.o
                0x080002c8                LCD_printStr
 .text.LCD_backlight
                0x080002ec        0x6 src/LCD.o
                0x080002ec                LCD_backlight
 .text.LCD_begin
                0x080002f2       0xe6 src/LCD.o
                0x080002f2                LCD_begin
 .text.base_LCD_Struct
                0x080003d8       0x14 src/LCD.o
                0x080003d8                base_LCD_Struct
 .text.LCD_I2C_setBacklight
                0x080003ec       0x1e src/LCD_I2C.o
                0x080003ec                LCD_I2C_setBacklight
 .text.LCD_I2C_setBacklightPin
                0x0800040a       0x14 src/LCD_I2C.o
                0x0800040a                LCD_I2C_setBacklightPin
 .text.LCD_I2C_PulseEnable
                0x0800041e       0x1c src/LCD_I2C.o
                0x0800041e                LCD_I2C_PulseEnable
 .text.LCD_I2C_write4bits
                0x0800043a       0x3a src/LCD_I2C.o
                0x0800043a                LCD_I2C_write4bits
 .text.LCD_I2C_send
                0x08000474       0x28 src/LCD_I2C.o
                0x08000474                LCD_I2C_send
 .text.new_LCD_I2C_Struct
                0x0800049c       0x6c src/LCD_I2C.o
                0x0800049c                new_LCD_I2C_Struct
 .text.LCD_I2C_init
                0x08000508       0x1e src/LCD_I2C.o
                0x08000508                LCD_I2C_init
 .text.LCD_I2C_begin
                0x08000526       0x20 src/LCD_I2C.o
                0x08000526                LCD_I2C_begin
 .text.LCD_I2C_clear
                0x08000546        0x4 src/LCD_I2C.o
                0x08000546                LCD_I2C_clear
 .text.LCD_I2C_printStr
                0x0800054a        0x4 src/LCD_I2C.o
                0x0800054a                LCD_I2C_printStr
 *fill*         0x0800054e        0x2 
 .text.SysTick_Handler
                0x08000550       0x14 src/delay.o
                0x08000550                SysTick_Handler
 .text.DelayInit
                0x08000564       0x4c src/delay.o
                0x08000564                DelayInit
 .text.I2C_Write
                0x080005b0      0x10c src/i2c.o
                0x080005b0                I2C_Write
 .text.I2C_LowLevel_Init
                0x080006bc       0xd4 src/i2c.o
                0x080006bc                I2C_LowLevel_Init
 .text.I2c_Init
                0x08000790       0x14 src/i2c.o
                0x08000790                I2c_Init
 .text.i2cbegin
                0x080007a4       0x14 src/i2c.o
                0x080007a4                i2cbegin
 .text.i2cwrite
                0x080007b8       0x28 src/i2c.o
                0x080007b8                i2cwrite
 .text.RCC_Configuration
                0x080007e0       0x20 src/main.o
                0x080007e0                RCC_Configuration
 .text.GPIO_Configuration
                0x08000800       0x20 src/main.o
                0x08000800                GPIO_Configuration
 .text.startup.main
                0x08000820      0x14c src/main.o
                0x08000820                main
 .text.NMI_Handler
                0x0800096c        0x2 src/stm32f10x_it.o
                0x0800096c                NMI_Handler
 .text.HardFault_Handler
                0x0800096e        0x2 src/stm32f10x_it.o
                0x0800096e                HardFault_Handler
 .text.MemManage_Handler
                0x08000970        0x2 src/stm32f10x_it.o
                0x08000970                MemManage_Handler
 .text.BusFault_Handler
                0x08000972        0x2 src/stm32f10x_it.o
                0x08000972                BusFault_Handler
 .text.UsageFault_Handler
                0x08000974        0x2 src/stm32f10x_it.o
                0x08000974                UsageFault_Handler
 .text.SVC_Handler
                0x08000976        0x2 src/stm32f10x_it.o
                0x08000976                SVC_Handler
 .text.DebugMon_Handler
                0x08000978        0x2 src/stm32f10x_it.o
                0x08000978                DebugMon_Handler
 .text.PendSV_Handler
                0x0800097a        0x2 src/stm32f10x_it.o
                0x0800097a                PendSV_Handler
 .text._sbrk    0x0800097c       0x34 src/syscalls.o
                0x0800097c                _sbrk
 .text.SystemInit
                0x080009b0       0xf4 src/system_stm32f10x.o
                0x080009b0                SystemInit
 .text.SystemCoreClockUpdate
                0x08000aa4       0x58 src/system_stm32f10x.o
                0x08000aa4                SystemCoreClockUpdate
 .text.ADC_Init
                0x08000afc       0x48 I:\STM32\Workspace\mycustomboard_stdperiph_lib\Release\libmycustomboard_stdperiph_lib.a(stm32f10x_adc.o)
                0x08000afc                ADC_Init
 .text.ADC_Cmd  0x08000b44       0x14 I:\STM32\Workspace\mycustomboard_stdperiph_lib\Release\libmycustomboard_stdperiph_lib.a(stm32f10x_adc.o)
                0x08000b44                ADC_Cmd
 .text.ADC_DMACmd
                0x08000b58       0x14 I:\STM32\Workspace\mycustomboard_stdperiph_lib\Release\libmycustomboard_stdperiph_lib.a(stm32f10x_adc.o)
                0x08000b58                ADC_DMACmd
 .text.ADC_ResetCalibration
                0x08000b6c        0xc I:\STM32\Workspace\mycustomboard_stdperiph_lib\Release\libmycustomboard_stdperiph_lib.a(stm32f10x_adc.o)
                0x08000b6c                ADC_ResetCalibration
 .text.ADC_GetResetCalibrationStatus
                0x08000b78        0x8 I:\STM32\Workspace\mycustomboard_stdperiph_lib\Release\libmycustomboard_stdperiph_lib.a(stm32f10x_adc.o)
                0x08000b78                ADC_GetResetCalibrationStatus
 .text.ADC_StartCalibration
                0x08000b80        0xc I:\STM32\Workspace\mycustomboard_stdperiph_lib\Release\libmycustomboard_stdperiph_lib.a(stm32f10x_adc.o)
                0x08000b80                ADC_StartCalibration
 .text.ADC_GetCalibrationStatus
                0x08000b8c        0x8 I:\STM32\Workspace\mycustomboard_stdperiph_lib\Release\libmycustomboard_stdperiph_lib.a(stm32f10x_adc.o)
                0x08000b8c                ADC_GetCalibrationStatus
 .text.ADC_SoftwareStartConvCmd
                0x08000b94       0x14 I:\STM32\Workspace\mycustomboard_stdperiph_lib\Release\libmycustomboard_stdperiph_lib.a(stm32f10x_adc.o)
                0x08000b94                ADC_SoftwareStartConvCmd
 .text.ADC_RegularChannelConfig
                0x08000ba8       0x8c I:\STM32\Workspace\mycustomboard_stdperiph_lib\Release\libmycustomboard_stdperiph_lib.a(stm32f10x_adc.o)
                0x08000ba8                ADC_RegularChannelConfig
 .text.DMA_DeInit
                0x08000c34      0x128 I:\STM32\Workspace\mycustomboard_stdperiph_lib\Release\libmycustomboard_stdperiph_lib.a(stm32f10x_dma.o)
                0x08000c34                DMA_DeInit
 .text.DMA_Init
                0x08000d5c       0x40 I:\STM32\Workspace\mycustomboard_stdperiph_lib\Release\libmycustomboard_stdperiph_lib.a(stm32f10x_dma.o)
                0x08000d5c                DMA_Init
 .text.DMA_Cmd  0x08000d9c       0x18 I:\STM32\Workspace\mycustomboard_stdperiph_lib\Release\libmycustomboard_stdperiph_lib.a(stm32f10x_dma.o)
                0x08000d9c                DMA_Cmd
 .text.DMA_ITConfig
                0x08000db4       0x14 I:\STM32\Workspace\mycustomboard_stdperiph_lib\Release\libmycustomboard_stdperiph_lib.a(stm32f10x_dma.o)
                0x08000db4                DMA_ITConfig
 .text.GPIO_Init
                0x08000dc8      0x3cc I:\STM32\Workspace\mycustomboard_stdperiph_lib\Release\libmycustomboard_stdperiph_lib.a(stm32f10x_gpio.o)
                0x08000dc8                GPIO_Init
 .text.GPIO_StructInit
                0x08001194       0x10 I:\STM32\Workspace\mycustomboard_stdperiph_lib\Release\libmycustomboard_stdperiph_lib.a(stm32f10x_gpio.o)
                0x08001194                GPIO_StructInit
 .text.I2C_Init
                0x080011a4       0xe4 I:\STM32\Workspace\mycustomboard_stdperiph_lib\Release\libmycustomboard_stdperiph_lib.a(stm32f10x_i2c.o)
                0x080011a4                I2C_Init
 .text.I2C_StructInit
                0x08001288       0x24 I:\STM32\Workspace\mycustomboard_stdperiph_lib\Release\libmycustomboard_stdperiph_lib.a(stm32f10x_i2c.o)
                0x08001288                I2C_StructInit
 .text.I2C_Cmd  0x080012ac       0x1c I:\STM32\Workspace\mycustomboard_stdperiph_lib\Release\libmycustomboard_stdperiph_lib.a(stm32f10x_i2c.o)
                0x080012ac                I2C_Cmd
 .text.I2C_GenerateSTART
                0x080012c8       0x1c I:\STM32\Workspace\mycustomboard_stdperiph_lib\Release\libmycustomboard_stdperiph_lib.a(stm32f10x_i2c.o)
                0x080012c8                I2C_GenerateSTART
 .text.I2C_GenerateSTOP
                0x080012e4       0x1c I:\STM32\Workspace\mycustomboard_stdperiph_lib\Release\libmycustomboard_stdperiph_lib.a(stm32f10x_i2c.o)
                0x080012e4                I2C_GenerateSTOP
 .text.I2C_SendData
                0x08001300        0x4 I:\STM32\Workspace\mycustomboard_stdperiph_lib\Release\libmycustomboard_stdperiph_lib.a(stm32f10x_i2c.o)
                0x08001300                I2C_SendData
 .text.I2C_Send7bitAddress
                0x08001304       0x18 I:\STM32\Workspace\mycustomboard_stdperiph_lib\Release\libmycustomboard_stdperiph_lib.a(stm32f10x_i2c.o)
                0x08001304                I2C_Send7bitAddress
 .text.I2C_CheckEvent
                0x0800131c       0x1c I:\STM32\Workspace\mycustomboard_stdperiph_lib\Release\libmycustomboard_stdperiph_lib.a(stm32f10x_i2c.o)
                0x0800131c                I2C_CheckEvent
 .text.I2C_GetFlagStatus
                0x08001338       0x38 I:\STM32\Workspace\mycustomboard_stdperiph_lib\Release\libmycustomboard_stdperiph_lib.a(stm32f10x_i2c.o)
                0x08001338                I2C_GetFlagStatus
 .text.RCC_ADCCLKConfig
                0x08001370       0x14 I:\STM32\Workspace\mycustomboard_stdperiph_lib\Release\libmycustomboard_stdperiph_lib.a(stm32f10x_rcc.o)
                0x08001370                RCC_ADCCLKConfig
 .text.RCC_GetClocksFreq
                0x08001384       0x9c I:\STM32\Workspace\mycustomboard_stdperiph_lib\Release\libmycustomboard_stdperiph_lib.a(stm32f10x_rcc.o)
                0x08001384                RCC_GetClocksFreq
 .text.RCC_AHBPeriphClockCmd
                0x08001420       0x18 I:\STM32\Workspace\mycustomboard_stdperiph_lib\Release\libmycustomboard_stdperiph_lib.a(stm32f10x_rcc.o)
                0x08001420                RCC_AHBPeriphClockCmd
 .text.RCC_APB2PeriphClockCmd
                0x08001438       0x18 I:\STM32\Workspace\mycustomboard_stdperiph_lib\Release\libmycustomboard_stdperiph_lib.a(stm32f10x_rcc.o)
                0x08001438                RCC_APB2PeriphClockCmd
 .text.RCC_APB1PeriphClockCmd
                0x08001450       0x18 I:\STM32\Workspace\mycustomboard_stdperiph_lib\Release\libmycustomboard_stdperiph_lib.a(stm32f10x_rcc.o)
                0x08001450                RCC_APB1PeriphClockCmd
 .text.RCC_APB1PeriphResetCmd
                0x08001468       0x18 I:\STM32\Workspace\mycustomboard_stdperiph_lib\Release\libmycustomboard_stdperiph_lib.a(stm32f10x_rcc.o)
                0x08001468                RCC_APB1PeriphResetCmd
 .text.__errno  0x08001480        0xc c:/ac6/systemworkbench/plugins/fr.ac6.mcu.externaltools.arm-none.win32_1.3.0.201507241045/tools/compiler/bin/../lib/gcc/arm-none-eabi/4.9.3/../../../../arm-none-eabi/lib/armv7-m\libc_nano.a(lib_a-errno.o)
                0x08001480                __errno
 .text.malloc   0x0800148c       0x10 c:/ac6/systemworkbench/plugins/fr.ac6.mcu.externaltools.arm-none.win32_1.3.0.201507241045/tools/compiler/bin/../lib/gcc/arm-none-eabi/4.9.3/../../../../arm-none-eabi/lib/armv7-m\libc_nano.a(lib_a-malloc.o)
                0x0800148c                malloc
 .text._free_r  0x0800149c       0x88 c:/ac6/systemworkbench/plugins/fr.ac6.mcu.externaltools.arm-none.win32_1.3.0.201507241045/tools/compiler/bin/../lib/gcc/arm-none-eabi/4.9.3/../../../../arm-none-eabi/lib/armv7-m\libc_nano.a(lib_a-nano-freer.o)
                0x0800149c                _free_r
 .text._malloc_r
                0x08001524       0xac c:/ac6/systemworkbench/plugins/fr.ac6.mcu.externaltools.arm-none.win32_1.3.0.201507241045/tools/compiler/bin/../lib/gcc/arm-none-eabi/4.9.3/../../../../arm-none-eabi/lib/armv7-m\libc_nano.a(lib_a-nano-mallocr.o)
                0x08001524                _malloc_r
 .text._sbrk_r  0x080015d0       0x20 c:/ac6/systemworkbench/plugins/fr.ac6.mcu.externaltools.arm-none.win32_1.3.0.201507241045/tools/compiler/bin/../lib/gcc/arm-none-eabi/4.9.3/../../../../arm-none-eabi/lib/armv7-m\libc_nano.a(lib_a-sbrkr.o)
                0x080015d0                _sbrk_r
 .text.sprintf  0x080015f0       0x48 c:/ac6/systemworkbench/plugins/fr.ac6.mcu.externaltools.arm-none.win32_1.3.0.201507241045/tools/compiler/bin/../lib/gcc/arm-none-eabi/4.9.3/../../../../arm-none-eabi/lib/armv7-m\libc_nano.a(lib_a-sprintf.o)
                0x080015f0                siprintf
                0x080015f0                sprintf
 .text.strlen   0x08001638       0x10 c:/ac6/systemworkbench/plugins/fr.ac6.mcu.externaltools.arm-none.win32_1.3.0.201507241045/tools/compiler/bin/../lib/gcc/arm-none-eabi/4.9.3/../../../../arm-none-eabi/lib/armv7-m\libc_nano.a(lib_a-strlen.o)
                0x08001638                strlen
 .text.__ssputs_r
                0x08001648       0xb2 c:/ac6/systemworkbench/plugins/fr.ac6.mcu.externaltools.arm-none.win32_1.3.0.201507241045/tools/compiler/bin/../lib/gcc/arm-none-eabi/4.9.3/../../../../arm-none-eabi/lib/armv7-m\libc_nano.a(lib_a-nano-svfprintf.o)
                0x08001648                __ssputs_r
 *fill*         0x080016fa        0x2 
 .text._svfprintf_r
                0x080016fc      0x1e4 c:/ac6/systemworkbench/plugins/fr.ac6.mcu.externaltools.arm-none.win32_1.3.0.201507241045/tools/compiler/bin/../lib/gcc/arm-none-eabi/4.9.3/../../../../arm-none-eabi/lib/armv7-m\libc_nano.a(lib_a-nano-svfprintf.o)
                0x080016fc                _svfiprintf_r
                0x080016fc                _svfprintf_r
 .text._printf_common
                0x080018e0       0xea c:/ac6/systemworkbench/plugins/fr.ac6.mcu.externaltools.arm-none.win32_1.3.0.201507241045/tools/compiler/bin/../lib/gcc/arm-none-eabi/4.9.3/../../../../arm-none-eabi/lib/armv7-m\libc_nano.a(lib_a-nano-vfprintf_i.o)
                0x080018e0                _printf_common
 *fill*         0x080019ca        0x2 
 .text._printf_i
                0x080019cc      0x240 c:/ac6/systemworkbench/plugins/fr.ac6.mcu.externaltools.arm-none.win32_1.3.0.201507241045/tools/compiler/bin/../lib/gcc/arm-none-eabi/4.9.3/../../../../arm-none-eabi/lib/armv7-m\libc_nano.a(lib_a-nano-vfprintf_i.o)
                0x080019cc                _printf_i
 .text.memchr   0x08001c0c       0x1c c:/ac6/systemworkbench/plugins/fr.ac6.mcu.externaltools.arm-none.win32_1.3.0.201507241045/tools/compiler/bin/../lib/gcc/arm-none-eabi/4.9.3/../../../../arm-none-eabi/lib/armv7-m\libc_nano.a(lib_a-memchr.o)
                0x08001c0c                memchr
 .text.memcpy   0x08001c28       0x16 c:/ac6/systemworkbench/plugins/fr.ac6.mcu.externaltools.arm-none.win32_1.3.0.201507241045/tools/compiler/bin/../lib/gcc/arm-none-eabi/4.9.3/../../../../arm-none-eabi/lib/armv7-m\libc_nano.a(lib_a-memcpy.o)
                0x08001c28                memcpy
 .text.memmove  0x08001c3e       0x36 c:/ac6/systemworkbench/plugins/fr.ac6.mcu.externaltools.arm-none.win32_1.3.0.201507241045/tools/compiler/bin/../lib/gcc/arm-none-eabi/4.9.3/../../../../arm-none-eabi/lib/armv7-m\libc_nano.a(lib_a-memmove.o)
                0x08001c3e                memmove
 .text._realloc_r
                0x08001c74       0x4c c:/ac6/systemworkbench/plugins/fr.ac6.mcu.externaltools.arm-none.win32_1.3.0.201507241045/tools/compiler/bin/../lib/gcc/arm-none-eabi/4.9.3/../../../../arm-none-eabi/lib/armv7-m\libc_nano.a(lib_a-nano-reallocr.o)
                0x08001c74                _realloc_r
 .text._malloc_usable_size_r
                0x08001cc0       0x14 c:/ac6/systemworkbench/plugins/fr.ac6.mcu.externaltools.arm-none.win32_1.3.0.201507241045/tools/compiler/bin/../lib/gcc/arm-none-eabi/4.9.3/../../../../arm-none-eabi/lib/armv7-m\libc_nano.a(lib_a-nano-msizer.o)
                0x08001cc0                _malloc_usable_size_r
 *(.glue_7)
 .glue_7        0x00000000        0x0 linker stubs
 *(.glue_7t)
 .glue_7t       0x00000000        0x0 linker stubs
 *(.eh_frame)
 .eh_frame      0x08001cd4        0x0 c:/ac6/systemworkbench/plugins/fr.ac6.mcu.externaltools.arm-none.win32_1.3.0.201507241045/tools/compiler/bin/../lib/gcc/arm-none-eabi/4.9.3/armv7-m/crtbegin.o
 *(.init)
 .init          0x08001cd4        0x4 c:/ac6/systemworkbench/plugins/fr.ac6.mcu.externaltools.arm-none.win32_1.3.0.201507241045/tools/compiler/bin/../lib/gcc/arm-none-eabi/4.9.3/armv7-m/crti.o
                0x08001cd4                _init
 .init          0x08001cd8        0x8 c:/ac6/systemworkbench/plugins/fr.ac6.mcu.externaltools.arm-none.win32_1.3.0.201507241045/tools/compiler/bin/../lib/gcc/arm-none-eabi/4.9.3/armv7-m/crtn.o
 *(.fini)
 .fini          0x08001ce0        0x4 c:/ac6/systemworkbench/plugins/fr.ac6.mcu.externaltools.arm-none.win32_1.3.0.201507241045/tools/compiler/bin/../lib/gcc/arm-none-eabi/4.9.3/armv7-m/crti.o
                0x08001ce0                _fini
 .fini          0x08001ce4        0x8 c:/ac6/systemworkbench/plugins/fr.ac6.mcu.externaltools.arm-none.win32_1.3.0.201507241045/tools/compiler/bin/../lib/gcc/arm-none-eabi/4.9.3/armv7-m/crtn.o
                0x08001cec                . = ALIGN (0x4)
                0x08001cec                _etext = .

.vfp11_veneer   0x08001cec        0x0
 .vfp11_veneer  0x00000000        0x0 linker stubs

.v4_bx          0x08001cec        0x0
 .v4_bx         0x00000000        0x0 linker stubs

.iplt           0x08001cec        0x0
 .iplt          0x00000000        0x0 c:/ac6/systemworkbench/plugins/fr.ac6.mcu.externaltools.arm-none.win32_1.3.0.201507241045/tools/compiler/bin/../lib/gcc/arm-none-eabi/4.9.3/armv7-m/crtbegin.o

.rodata         0x08001cec       0x3c
                0x08001cec                . = ALIGN (0x4)
 *(.rodata)
 *(.rodata*)
 .rodata.str1.1
                0x08001cec        0x2 c:/ac6/systemworkbench/plugins/fr.ac6.mcu.externaltools.arm-none.win32_1.3.0.201507241045/tools/compiler/bin/../lib/gcc/arm-none-eabi/4.9.3/../../../../arm-none-eabi/lib/armv7-m\libc_nano.a(lib_a-impure.o)
 .rodata.str1.1
                0x08001cee        0x6 src/main.o
 .rodata.str1.1
                0x08001cf4       0x11 c:/ac6/systemworkbench/plugins/fr.ac6.mcu.externaltools.arm-none.win32_1.3.0.201507241045/tools/compiler/bin/../lib/gcc/arm-none-eabi/4.9.3/../../../../arm-none-eabi/lib/armv7-m\libc_nano.a(lib_a-nano-svfprintf.o)
 .rodata.str1.1
                0x08001d05       0x22 c:/ac6/systemworkbench/plugins/fr.ac6.mcu.externaltools.arm-none.win32_1.3.0.201507241045/tools/compiler/bin/../lib/gcc/arm-none-eabi/4.9.3/../../../../arm-none-eabi/lib/armv7-m\libc_nano.a(lib_a-nano-vfprintf_i.o)
                0x08001d28                . = ALIGN (0x4)
 *fill*         0x08001d27        0x1 

.rel.dyn        0x08001d28        0x0
 .rel.iplt      0x00000000        0x0 c:/ac6/systemworkbench/plugins/fr.ac6.mcu.externaltools.arm-none.win32_1.3.0.201507241045/tools/compiler/bin/../lib/gcc/arm-none-eabi/4.9.3/armv7-m/crtbegin.o

.ARM.extab      0x08001d28        0x0
                0x08001d28                . = ALIGN (0x4)
 *(.ARM.extab* .gnu.linkonce.armextab.*)
                0x08001d28                . = ALIGN (0x4)

.ARM            0x08001d28        0x0
                0x08001d28                . = ALIGN (0x4)
                0x08001d28                __exidx_start = .
 *(.ARM.exidx*)
                0x08001d28                __exidx_end = .
                0x08001d28                . = ALIGN (0x4)

.preinit_array  0x08001d28        0x0
                0x08001d28                . = ALIGN (0x4)
                0x08001d28                PROVIDE (__preinit_array_start, .)
 *(.preinit_array*)
                0x08001d28                PROVIDE (__preinit_array_end, .)
                0x08001d28                . = ALIGN (0x4)

.init_array     0x08001d28        0x4
                0x08001d28                . = ALIGN (0x4)
                0x08001d28                PROVIDE (__init_array_start, .)
 *(SORT(.init_array.*))
 *(.init_array*)
 .init_array    0x08001d28        0x4 c:/ac6/systemworkbench/plugins/fr.ac6.mcu.externaltools.arm-none.win32_1.3.0.201507241045/tools/compiler/bin/../lib/gcc/arm-none-eabi/4.9.3/armv7-m/crtbegin.o
                0x08001d2c                PROVIDE (__init_array_end, .)
                0x08001d2c                . = ALIGN (0x4)

.fini_array     0x08001d2c        0x4
                0x08001d2c                . = ALIGN (0x4)
                0x08001d2c                PROVIDE (__fini_array_start, .)
 *(SORT(.fini_array.*))
 *(.fini_array*)
 .fini_array    0x08001d2c        0x4 c:/ac6/systemworkbench/plugins/fr.ac6.mcu.externaltools.arm-none.win32_1.3.0.201507241045/tools/compiler/bin/../lib/gcc/arm-none-eabi/4.9.3/armv7-m/crtbegin.o
                0x08001d30                PROVIDE (__fini_array_end, .)
                0x08001d30                . = ALIGN (0x4)
                0x08001d30                _sidata = LOADADDR (.data)

.data           0x20000000       0x90 load address 0x08001d30
                0x20000000                . = ALIGN (0x4)
                0x20000000                _sdata = .
 *(.data)
 .data          0x20000000        0x2 src/delay.o
 *fill*         0x20000002        0x2 
 .data          0x20000004       0x14 src/system_stm32f10x.o
                0x20000004                SystemCoreClock
                0x20000008                AHBPrescTable
 .data          0x20000018       0x14 I:\STM32\Workspace\mycustomboard_stdperiph_lib\Release\libmycustomboard_stdperiph_lib.a(stm32f10x_rcc.o)
 *(.data*)
 .data.impure_data
                0x2000002c       0x60 c:/ac6/systemworkbench/plugins/fr.ac6.mcu.externaltools.arm-none.win32_1.3.0.201507241045/tools/compiler/bin/../lib/gcc/arm-none-eabi/4.9.3/../../../../arm-none-eabi/lib/armv7-m\libc_nano.a(lib_a-impure.o)
 .data._impure_ptr
                0x2000008c        0x4 c:/ac6/systemworkbench/plugins/fr.ac6.mcu.externaltools.arm-none.win32_1.3.0.201507241045/tools/compiler/bin/../lib/gcc/arm-none-eabi/4.9.3/../../../../arm-none-eabi/lib/armv7-m\libc_nano.a(lib_a-impure.o)
                0x2000008c                _impure_ptr
                0x20000090                . = ALIGN (0x4)
                0x20000090                _edata = .

.jcr            0x20000090        0x0 load address 0x08001dc0
 .jcr           0x20000090        0x0 c:/ac6/systemworkbench/plugins/fr.ac6.mcu.externaltools.arm-none.win32_1.3.0.201507241045/tools/compiler/bin/../lib/gcc/arm-none-eabi/4.9.3/armv7-m/crtbegin.o

.igot.plt       0x20000090        0x0 load address 0x08001dc0
 .igot.plt      0x00000000        0x0 c:/ac6/systemworkbench/plugins/fr.ac6.mcu.externaltools.arm-none.win32_1.3.0.201507241045/tools/compiler/bin/../lib/gcc/arm-none-eabi/4.9.3/armv7-m/crtbegin.o
                0x20000090                . = ALIGN (0x4)

.bss            0x20000090       0x7c load address 0x08001dc0
                0x20000090                _sbss = .
                0x20000090                __bss_start__ = _sbss
 *(.bss)
 .bss           0x20000090       0x1c c:/ac6/systemworkbench/plugins/fr.ac6.mcu.externaltools.arm-none.win32_1.3.0.201507241045/tools/compiler/bin/../lib/gcc/arm-none-eabi/4.9.3/armv7-m/crtbegin.o
 .bss           0x200000ac        0x4 src/delay.o
 .bss           0x200000b0        0x1 src/i2c.o
                0x200000b0                i2cioSlaveAddr
 *fill*         0x200000b1        0x3 
 .bss           0x200000b4        0x8 src/syscalls.o
                0x200000b8                __env
 *(.bss*)
 .bss.__malloc_sbrk_start
                0x200000bc        0x4 c:/ac6/systemworkbench/plugins/fr.ac6.mcu.externaltools.arm-none.win32_1.3.0.201507241045/tools/compiler/bin/../lib/gcc/arm-none-eabi/4.9.3/../../../../arm-none-eabi/lib/armv7-m\libc_nano.a(lib_a-nano-mallocr.o)
                0x200000bc                __malloc_sbrk_start
 .bss.__malloc_free_list
                0x200000c0        0x4 c:/ac6/systemworkbench/plugins/fr.ac6.mcu.externaltools.arm-none.win32_1.3.0.201507241045/tools/compiler/bin/../lib/gcc/arm-none-eabi/4.9.3/../../../../arm-none-eabi/lib/armv7-m\libc_nano.a(lib_a-nano-mallocr.o)
                0x200000c0                __malloc_free_list
 *(COMMON)
 COMMON         0x200000c4       0x44 src/main.o
                0x200000c4                ADCConvertedValue
                0x200000c8                ADC_InitStructure
                0x200000dc                DMA_InitStructure
 COMMON         0x20000108        0x4 c:/ac6/systemworkbench/plugins/fr.ac6.mcu.externaltools.arm-none.win32_1.3.0.201507241045/tools/compiler/bin/../lib/gcc/arm-none-eabi/4.9.3/../../../../arm-none-eabi/lib/armv7-m\libc_nano.a(lib_a-reent.o)
                0x20000108                errno
                0x2000010c                . = ALIGN (0x4)
                0x2000010c                _ebss = .
                0x2000010c                __bss_end__ = _ebss

._user_heap_stack
                0x2000010c      0x404 load address 0x08001dc0
                0x20000110                . = ALIGN (0x8)
 *fill*         0x2000010c        0x4 
                0x20000110                PROVIDE (end, .)
                0x20000110                PROVIDE (_end, .)
                0x20000110                . = (. + _Min_Heap_Size)
                0x20000510                . = (. + _Min_Stack_Size)
 *fill*         0x20000110      0x400 
                0x20000510                . = ALIGN (0x8)

/DISCARD/
 libc.a(*)
 libm.a(*)
 libgcc.a(*)

.ARM.attributes
                0x00000000       0x29
 *(.ARM.attributes)
 .ARM.attributes
                0x00000000       0x1d c:/ac6/systemworkbench/plugins/fr.ac6.mcu.externaltools.arm-none.win32_1.3.0.201507241045/tools/compiler/bin/../lib/gcc/arm-none-eabi/4.9.3/armv7-m/crti.o
 .ARM.attributes
                0x0000001d       0x2d c:/ac6/systemworkbench/plugins/fr.ac6.mcu.externaltools.arm-none.win32_1.3.0.201507241045/tools/compiler/bin/../lib/gcc/arm-none-eabi/4.9.3/armv7-m/crtbegin.o
 .ARM.attributes
                0x0000004a       0x2d c:/ac6/systemworkbench/plugins/fr.ac6.mcu.externaltools.arm-none.win32_1.3.0.201507241045/tools/compiler/bin/../lib/gcc/arm-none-eabi/4.9.3/../../../../arm-none-eabi/lib/armv7-m\libc_nano.a(lib_a-impure.o)
 .ARM.attributes
                0x00000077       0x2d c:/ac6/systemworkbench/plugins/fr.ac6.mcu.externaltools.arm-none.win32_1.3.0.201507241045/tools/compiler/bin/../lib/gcc/arm-none-eabi/4.9.3/../../../../arm-none-eabi/lib/armv7-m\libc_nano.a(lib_a-init.o)
 .ARM.attributes
                0x000000a4       0x21 startup/startup_stm32.o
 .ARM.attributes
                0x000000c5       0x33 src/LCD.o
 .ARM.attributes
                0x000000f8       0x33 src/LCD_I2C.o
 .ARM.attributes
                0x0000012b       0x33 src/delay.o
 .ARM.attributes
                0x0000015e       0x33 src/i2c.o
 .ARM.attributes
                0x00000191       0x33 src/main.o
 .ARM.attributes
                0x000001c4       0x33 src/stm32f10x_it.o
 .ARM.attributes
                0x000001f7       0x33 src/syscalls.o
 .ARM.attributes
                0x0000022a       0x33 src/system_stm32f10x.o
 .ARM.attributes
                0x0000025d       0x33 I:\STM32\Workspace\mycustomboard_stdperiph_lib\Release\libmycustomboard_stdperiph_lib.a(stm32f10x_adc.o)
 .ARM.attributes
                0x00000290       0x33 I:\STM32\Workspace\mycustomboard_stdperiph_lib\Release\libmycustomboard_stdperiph_lib.a(stm32f10x_dma.o)
 .ARM.attributes
                0x000002c3       0x33 I:\STM32\Workspace\mycustomboard_stdperiph_lib\Release\libmycustomboard_stdperiph_lib.a(stm32f10x_gpio.o)
 .ARM.attributes
                0x000002f6       0x33 I:\STM32\Workspace\mycustomboard_stdperiph_lib\Release\libmycustomboard_stdperiph_lib.a(stm32f10x_i2c.o)
 .ARM.attributes
                0x00000329       0x33 I:\STM32\Workspace\mycustomboard_stdperiph_lib\Release\libmycustomboard_stdperiph_lib.a(stm32f10x_rcc.o)
 .ARM.attributes
                0x0000035c       0x2d c:/ac6/systemworkbench/plugins/fr.ac6.mcu.externaltools.arm-none.win32_1.3.0.201507241045/tools/compiler/bin/../lib/gcc/arm-none-eabi/4.9.3/../../../../arm-none-eabi/lib/armv7-m\libc_nano.a(lib_a-errno.o)
 .ARM.attributes
                0x00000389       0x2d c:/ac6/systemworkbench/plugins/fr.ac6.mcu.externaltools.arm-none.win32_1.3.0.201507241045/tools/compiler/bin/../lib/gcc/arm-none-eabi/4.9.3/../../../../arm-none-eabi/lib/armv7-m\libc_nano.a(lib_a-malloc.o)
 .ARM.attributes
                0x000003b6       0x2d c:/ac6/systemworkbench/plugins/fr.ac6.mcu.externaltools.arm-none.win32_1.3.0.201507241045/tools/compiler/bin/../lib/gcc/arm-none-eabi/4.9.3/../../../../arm-none-eabi/lib/armv7-m\libc_nano.a(lib_a-nano-freer.o)
 .ARM.attributes
                0x000003e3       0x2d c:/ac6/systemworkbench/plugins/fr.ac6.mcu.externaltools.arm-none.win32_1.3.0.201507241045/tools/compiler/bin/../lib/gcc/arm-none-eabi/4.9.3/../../../../arm-none-eabi/lib/armv7-m\libc_nano.a(lib_a-nano-mallocr.o)
 .ARM.attributes
                0x00000410       0x2d c:/ac6/systemworkbench/plugins/fr.ac6.mcu.externaltools.arm-none.win32_1.3.0.201507241045/tools/compiler/bin/../lib/gcc/arm-none-eabi/4.9.3/../../../../arm-none-eabi/lib/armv7-m\libc_nano.a(lib_a-sbrkr.o)
 .ARM.attributes
                0x0000043d       0x2d c:/ac6/systemworkbench/plugins/fr.ac6.mcu.externaltools.arm-none.win32_1.3.0.201507241045/tools/compiler/bin/../lib/gcc/arm-none-eabi/4.9.3/../../../../arm-none-eabi/lib/armv7-m\libc_nano.a(lib_a-sprintf.o)
 .ARM.attributes
                0x0000046a       0x2d c:/ac6/systemworkbench/plugins/fr.ac6.mcu.externaltools.arm-none.win32_1.3.0.201507241045/tools/compiler/bin/../lib/gcc/arm-none-eabi/4.9.3/../../../../arm-none-eabi/lib/armv7-m\libc_nano.a(lib_a-strlen.o)
 .ARM.attributes
                0x00000497       0x2d c:/ac6/systemworkbench/plugins/fr.ac6.mcu.externaltools.arm-none.win32_1.3.0.201507241045/tools/compiler/bin/../lib/gcc/arm-none-eabi/4.9.3/../../../../arm-none-eabi/lib/armv7-m\libc_nano.a(lib_a-nano-svfprintf.o)
 .ARM.attributes
                0x000004c4       0x2d c:/ac6/systemworkbench/plugins/fr.ac6.mcu.externaltools.arm-none.win32_1.3.0.201507241045/tools/compiler/bin/../lib/gcc/arm-none-eabi/4.9.3/../../../../arm-none-eabi/lib/armv7-m\libc_nano.a(lib_a-nano-vfprintf_i.o)
 .ARM.attributes
                0x000004f1       0x2d c:/ac6/systemworkbench/plugins/fr.ac6.mcu.externaltools.arm-none.win32_1.3.0.201507241045/tools/compiler/bin/../lib/gcc/arm-none-eabi/4.9.3/../../../../arm-none-eabi/lib/armv7-m\libc_nano.a(lib_a-reent.o)
 .ARM.attributes
                0x0000051e       0x2d c:/ac6/systemworkbench/plugins/fr.ac6.mcu.externaltools.arm-none.win32_1.3.0.201507241045/tools/compiler/bin/../lib/gcc/arm-none-eabi/4.9.3/../../../../arm-none-eabi/lib/armv7-m\libc_nano.a(lib_a-memchr.o)
 .ARM.attributes
                0x0000054b       0x2d c:/ac6/systemworkbench/plugins/fr.ac6.mcu.externaltools.arm-none.win32_1.3.0.201507241045/tools/compiler/bin/../lib/gcc/arm-none-eabi/4.9.3/../../../../arm-none-eabi/lib/armv7-m\libc_nano.a(lib_a-memcpy.o)
 .ARM.attributes
                0x00000578       0x2d c:/ac6/systemworkbench/plugins/fr.ac6.mcu.externaltools.arm-none.win32_1.3.0.201507241045/tools/compiler/bin/../lib/gcc/arm-none-eabi/4.9.3/../../../../arm-none-eabi/lib/armv7-m\libc_nano.a(lib_a-memmove.o)
 .ARM.attributes
                0x000005a5       0x2d c:/ac6/systemworkbench/plugins/fr.ac6.mcu.externaltools.arm-none.win32_1.3.0.201507241045/tools/compiler/bin/../lib/gcc/arm-none-eabi/4.9.3/../../../../arm-none-eabi/lib/armv7-m\libc_nano.a(lib_a-nano-reallocr.o)
 .ARM.attributes
                0x000005d2       0x2d c:/ac6/systemworkbench/plugins/fr.ac6.mcu.externaltools.arm-none.win32_1.3.0.201507241045/tools/compiler/bin/../lib/gcc/arm-none-eabi/4.9.3/../../../../arm-none-eabi/lib/armv7-m\libc_nano.a(lib_a-nano-msizer.o)
 .ARM.attributes
                0x000005ff       0x1d c:/ac6/systemworkbench/plugins/fr.ac6.mcu.externaltools.arm-none.win32_1.3.0.201507241045/tools/compiler/bin/../lib/gcc/arm-none-eabi/4.9.3/armv7-m/crtn.o
OUTPUT(ADC_LCD.elf elf32-littlearm)

.debug_frame    0x00000000      0x3a4
 .debug_frame   0x00000000       0x2c c:/ac6/systemworkbench/plugins/fr.ac6.mcu.externaltools.arm-none.win32_1.3.0.201507241045/tools/compiler/bin/../lib/gcc/arm-none-eabi/4.9.3/../../../../arm-none-eabi/lib/armv7-m\libc_nano.a(lib_a-init.o)
 .debug_frame   0x0000002c       0x20 c:/ac6/systemworkbench/plugins/fr.ac6.mcu.externaltools.arm-none.win32_1.3.0.201507241045/tools/compiler/bin/../lib/gcc/arm-none-eabi/4.9.3/../../../../arm-none-eabi/lib/armv7-m\libc_nano.a(lib_a-errno.o)
 .debug_frame   0x0000004c       0x30 c:/ac6/systemworkbench/plugins/fr.ac6.mcu.externaltools.arm-none.win32_1.3.0.201507241045/tools/compiler/bin/../lib/gcc/arm-none-eabi/4.9.3/../../../../arm-none-eabi/lib/armv7-m\libc_nano.a(lib_a-malloc.o)
 .debug_frame   0x0000007c       0x2c c:/ac6/systemworkbench/plugins/fr.ac6.mcu.externaltools.arm-none.win32_1.3.0.201507241045/tools/compiler/bin/../lib/gcc/arm-none-eabi/4.9.3/../../../../arm-none-eabi/lib/armv7-m\libc_nano.a(lib_a-nano-freer.o)
 .debug_frame   0x000000a8       0x2c c:/ac6/systemworkbench/plugins/fr.ac6.mcu.externaltools.arm-none.win32_1.3.0.201507241045/tools/compiler/bin/../lib/gcc/arm-none-eabi/4.9.3/../../../../arm-none-eabi/lib/armv7-m\libc_nano.a(lib_a-nano-mallocr.o)
 .debug_frame   0x000000d4       0x2c c:/ac6/systemworkbench/plugins/fr.ac6.mcu.externaltools.arm-none.win32_1.3.0.201507241045/tools/compiler/bin/../lib/gcc/arm-none-eabi/4.9.3/../../../../arm-none-eabi/lib/armv7-m\libc_nano.a(lib_a-sbrkr.o)
 .debug_frame   0x00000100       0x70 c:/ac6/systemworkbench/plugins/fr.ac6.mcu.externaltools.arm-none.win32_1.3.0.201507241045/tools/compiler/bin/../lib/gcc/arm-none-eabi/4.9.3/../../../../arm-none-eabi/lib/armv7-m\libc_nano.a(lib_a-sprintf.o)
 .debug_frame   0x00000170       0x20 c:/ac6/systemworkbench/plugins/fr.ac6.mcu.externaltools.arm-none.win32_1.3.0.201507241045/tools/compiler/bin/../lib/gcc/arm-none-eabi/4.9.3/../../../../arm-none-eabi/lib/armv7-m\libc_nano.a(lib_a-strlen.o)
 .debug_frame   0x00000190       0x8c c:/ac6/systemworkbench/plugins/fr.ac6.mcu.externaltools.arm-none.win32_1.3.0.201507241045/tools/compiler/bin/../lib/gcc/arm-none-eabi/4.9.3/../../../../arm-none-eabi/lib/armv7-m\libc_nano.a(lib_a-nano-svfprintf.o)
 .debug_frame   0x0000021c       0x58 c:/ac6/systemworkbench/plugins/fr.ac6.mcu.externaltools.arm-none.win32_1.3.0.201507241045/tools/compiler/bin/../lib/gcc/arm-none-eabi/4.9.3/../../../../arm-none-eabi/lib/armv7-m\libc_nano.a(lib_a-nano-vfprintf_i.o)
 .debug_frame   0x00000274       0x5c c:/ac6/systemworkbench/plugins/fr.ac6.mcu.externaltools.arm-none.win32_1.3.0.201507241045/tools/compiler/bin/../lib/gcc/arm-none-eabi/4.9.3/../../../../arm-none-eabi/lib/armv7-m\libc_nano.a(lib_a-reent.o)
 .debug_frame   0x000002d0       0x28 c:/ac6/systemworkbench/plugins/fr.ac6.mcu.externaltools.arm-none.win32_1.3.0.201507241045/tools/compiler/bin/../lib/gcc/arm-none-eabi/4.9.3/../../../../arm-none-eabi/lib/armv7-m\libc_nano.a(lib_a-memchr.o)
 .debug_frame   0x000002f8       0x28 c:/ac6/systemworkbench/plugins/fr.ac6.mcu.externaltools.arm-none.win32_1.3.0.201507241045/tools/compiler/bin/../lib/gcc/arm-none-eabi/4.9.3/../../../../arm-none-eabi/lib/armv7-m\libc_nano.a(lib_a-memcpy.o)
 .debug_frame   0x00000320       0x28 c:/ac6/systemworkbench/plugins/fr.ac6.mcu.externaltools.arm-none.win32_1.3.0.201507241045/tools/compiler/bin/../lib/gcc/arm-none-eabi/4.9.3/../../../../arm-none-eabi/lib/armv7-m\libc_nano.a(lib_a-memmove.o)
 .debug_frame   0x00000348       0x3c c:/ac6/systemworkbench/plugins/fr.ac6.mcu.externaltools.arm-none.win32_1.3.0.201507241045/tools/compiler/bin/../lib/gcc/arm-none-eabi/4.9.3/../../../../arm-none-eabi/lib/armv7-m\libc_nano.a(lib_a-nano-reallocr.o)
 .debug_frame   0x00000384       0x20 c:/ac6/systemworkbench/plugins/fr.ac6.mcu.externaltools.arm-none.win32_1.3.0.201507241045/tools/compiler/bin/../lib/gcc/arm-none-eabi/4.9.3/../../../../arm-none-eabi/lib/armv7-m\libc_nano.a(lib_a-nano-msizer.o)

.debug_line     0x00000000       0x79
 .debug_line    0x00000000       0x79 startup/startup_stm32.o

.debug_info     0x00000000       0x62
 .debug_info    0x00000000       0x62 startup/startup_stm32.o

.debug_abbrev   0x00000000       0x12
 .debug_abbrev  0x00000000       0x12 startup/startup_stm32.o

.debug_aranges  0x00000000       0x28
 .debug_aranges
                0x00000000       0x28 startup/startup_stm32.o

.debug_ranges   0x00000000       0x20
 .debug_ranges  0x00000000       0x20 startup/startup_stm32.o

.comment        0x00000000       0x70
 .comment       0x00000000       0x70 src/LCD.o
                                 0x71 (size before relaxing)
 .comment       0x00000000       0x71 src/LCD_I2C.o
 .comment       0x00000000       0x71 src/delay.o
 .comment       0x00000000       0x71 src/i2c.o
 .comment       0x00000000       0x71 src/main.o
 .comment       0x00000000       0x71 src/stm32f10x_it.o
 .comment       0x00000000       0x71 src/syscalls.o
 .comment       0x00000000       0x71 src/system_stm32f10x.o
 .comment       0x00000000       0x71 I:\STM32\Workspace\mycustomboard_stdperiph_lib\Release\libmycustomboard_stdperiph_lib.a(stm32f10x_adc.o)
 .comment       0x00000000       0x71 I:\STM32\Workspace\mycustomboard_stdperiph_lib\Release\libmycustomboard_stdperiph_lib.a(stm32f10x_dma.o)
 .comment       0x00000000       0x71 I:\STM32\Workspace\mycustomboard_stdperiph_lib\Release\libmycustomboard_stdperiph_lib.a(stm32f10x_gpio.o)
 .comment       0x00000000       0x71 I:\STM32\Workspace\mycustomboard_stdperiph_lib\Release\libmycustomboard_stdperiph_lib.a(stm32f10x_i2c.o)
 .comment       0x00000000       0x71 I:\STM32\Workspace\mycustomboard_stdperiph_lib\Release\libmycustomboard_stdperiph_lib.a(stm32f10x_rcc.o)
