Archive member included because of file (symbol)

I:\STM32\Workspace\stm32nanoboard_stdperiph_lib\Release\libstm32nanoboard_stdperiph_lib.a(stm32f10x_gpio.o)
                              src/i2c.o (GPIO_Init)
I:\STM32\Workspace\stm32nanoboard_stdperiph_lib\Release\libstm32nanoboard_stdperiph_lib.a(stm32f10x_i2c.o)
                              src/i2c.o (I2C_Init)
I:\STM32\Workspace\stm32nanoboard_stdperiph_lib\Release\libstm32nanoboard_stdperiph_lib.a(stm32f10x_rcc.o)
                              I:\STM32\Workspace\stm32nanoboard_stdperiph_lib\Release\libstm32nanoboard_stdperiph_lib.a(stm32f10x_i2c.o) (RCC_GetClocksFreq)
c:/ac6/systemworkbench/plugins/fr.ac6.mcu.externaltools.arm-none.win32_1.3.0.201507241045/tools/compiler/bin/../lib/gcc/arm-none-eabi/4.9.3/../../../../arm-none-eabi/lib/armv7-m\libc_nano.a(lib_a-errno.o)
                              src/syscalls.o (__errno)
c:/ac6/systemworkbench/plugins/fr.ac6.mcu.externaltools.arm-none.win32_1.3.0.201507241045/tools/compiler/bin/../lib/gcc/arm-none-eabi/4.9.3/../../../../arm-none-eabi/lib/armv7-m\libc_nano.a(lib_a-exit.o)
                              c:/ac6/systemworkbench/plugins/fr.ac6.mcu.externaltools.arm-none.win32_1.3.0.201507241045/tools/compiler/bin/../lib/gcc/arm-none-eabi/4.9.3/../../../../arm-none-eabi/lib/armv7-m/crt0.o (exit)
c:/ac6/systemworkbench/plugins/fr.ac6.mcu.externaltools.arm-none.win32_1.3.0.201507241045/tools/compiler/bin/../lib/gcc/arm-none-eabi/4.9.3/../../../../arm-none-eabi/lib/armv7-m\libc_nano.a(lib_a-impure.o)
                              c:/ac6/systemworkbench/plugins/fr.ac6.mcu.externaltools.arm-none.win32_1.3.0.201507241045/tools/compiler/bin/../lib/gcc/arm-none-eabi/4.9.3/../../../../arm-none-eabi/lib/armv7-m\libc_nano.a(lib_a-exit.o) (_global_impure_ptr)
c:/ac6/systemworkbench/plugins/fr.ac6.mcu.externaltools.arm-none.win32_1.3.0.201507241045/tools/compiler/bin/../lib/gcc/arm-none-eabi/4.9.3/../../../../arm-none-eabi/lib/armv7-m\libc_nano.a(lib_a-init.o)
                              c:/ac6/systemworkbench/plugins/fr.ac6.mcu.externaltools.arm-none.win32_1.3.0.201507241045/tools/compiler/bin/../lib/gcc/arm-none-eabi/4.9.3/../../../../arm-none-eabi/lib/armv7-m/crt0.o (__libc_init_array)
c:/ac6/systemworkbench/plugins/fr.ac6.mcu.externaltools.arm-none.win32_1.3.0.201507241045/tools/compiler/bin/../lib/gcc/arm-none-eabi/4.9.3/../../../../arm-none-eabi/lib/armv7-m\libc_nano.a(lib_a-memcpy.o)
                              src/frtos/queue.o (memcpy)
c:/ac6/systemworkbench/plugins/fr.ac6.mcu.externaltools.arm-none.win32_1.3.0.201507241045/tools/compiler/bin/../lib/gcc/arm-none-eabi/4.9.3/../../../../arm-none-eabi/lib/armv7-m\libc_nano.a(lib_a-memset.o)
                              c:/ac6/systemworkbench/plugins/fr.ac6.mcu.externaltools.arm-none.win32_1.3.0.201507241045/tools/compiler/bin/../lib/gcc/arm-none-eabi/4.9.3/../../../../arm-none-eabi/lib/armv7-m/crt0.o (memset)
c:/ac6/systemworkbench/plugins/fr.ac6.mcu.externaltools.arm-none.win32_1.3.0.201507241045/tools/compiler/bin/../lib/gcc/arm-none-eabi/4.9.3/../../../../arm-none-eabi/lib/armv7-m\libc_nano.a(lib_a-strlen.o)
                              src/LCD.o (strlen)

Allocating common symbols
Common symbol       size              file

LCD_I2C162          0x4               src/main.o
LCD_I2C204          0x4               src/main.o

Discarded input sections

 .text          0x00000000        0x0 c:/ac6/systemworkbench/plugins/fr.ac6.mcu.externaltools.arm-none.win32_1.3.0.201507241045/tools/compiler/bin/../lib/gcc/arm-none-eabi/4.9.3/armv7-m/crti.o
 .data          0x00000000        0x0 c:/ac6/systemworkbench/plugins/fr.ac6.mcu.externaltools.arm-none.win32_1.3.0.201507241045/tools/compiler/bin/../lib/gcc/arm-none-eabi/4.9.3/armv7-m/crti.o
 .bss           0x00000000        0x0 c:/ac6/systemworkbench/plugins/fr.ac6.mcu.externaltools.arm-none.win32_1.3.0.201507241045/tools/compiler/bin/../lib/gcc/arm-none-eabi/4.9.3/armv7-m/crti.o
 .data          0x00000000        0x4 c:/ac6/systemworkbench/plugins/fr.ac6.mcu.externaltools.arm-none.win32_1.3.0.201507241045/tools/compiler/bin/../lib/gcc/arm-none-eabi/4.9.3/armv7-m/crtbegin.o
 .text          0x00000000       0x74 c:/ac6/systemworkbench/plugins/fr.ac6.mcu.externaltools.arm-none.win32_1.3.0.201507241045/tools/compiler/bin/../lib/gcc/arm-none-eabi/4.9.3/../../../../arm-none-eabi/lib/armv7-m/crt0.o
 .data          0x00000000        0x0 c:/ac6/systemworkbench/plugins/fr.ac6.mcu.externaltools.arm-none.win32_1.3.0.201507241045/tools/compiler/bin/../lib/gcc/arm-none-eabi/4.9.3/../../../../arm-none-eabi/lib/armv7-m/crt0.o
 .bss           0x00000000        0x0 c:/ac6/systemworkbench/plugins/fr.ac6.mcu.externaltools.arm-none.win32_1.3.0.201507241045/tools/compiler/bin/../lib/gcc/arm-none-eabi/4.9.3/../../../../arm-none-eabi/lib/armv7-m/crt0.o
 .ARM.extab     0x00000000        0x0 c:/ac6/systemworkbench/plugins/fr.ac6.mcu.externaltools.arm-none.win32_1.3.0.201507241045/tools/compiler/bin/../lib/gcc/arm-none-eabi/4.9.3/../../../../arm-none-eabi/lib/armv7-m/crt0.o
 .ARM.exidx     0x00000000        0x8 c:/ac6/systemworkbench/plugins/fr.ac6.mcu.externaltools.arm-none.win32_1.3.0.201507241045/tools/compiler/bin/../lib/gcc/arm-none-eabi/4.9.3/../../../../arm-none-eabi/lib/armv7-m/crt0.o
 .ARM.attributes
                0x00000000       0x1b c:/ac6/systemworkbench/plugins/fr.ac6.mcu.externaltools.arm-none.win32_1.3.0.201507241045/tools/compiler/bin/../lib/gcc/arm-none-eabi/4.9.3/../../../../arm-none-eabi/lib/armv7-m/crt0.o
 .text          0x00000000       0x14 startup/startup_stm32.o
 .data          0x00000000        0x0 startup/startup_stm32.o
 .bss           0x00000000        0x0 startup/startup_stm32.o
 .text          0x00000000        0x0 src/LCD.o
 .data          0x00000000        0x0 src/LCD.o
 .bss           0x00000000        0x0 src/LCD.o
 .text.LCD_home
                0x00000000       0x14 src/LCD.o
 .text.LCD_noDisplay
                0x00000000       0x10 src/LCD.o
 .text.LCD_noCursor
                0x00000000       0x10 src/LCD.o
 .text.LCD_cursor
                0x00000000       0x10 src/LCD.o
 .text.LCD_noBlink
                0x00000000       0x10 src/LCD.o
 .text.LCD_blink
                0x00000000       0x10 src/LCD.o
 .text.LCD_scrollDisplayLeft
                0x00000000        0x6 src/LCD.o
 .text.LCD_scrollDisplayRight
                0x00000000        0x6 src/LCD.o
 .text.LCD_leftToRight
                0x00000000       0x10 src/LCD.o
 .text.LCD_rightToLeft
                0x00000000       0x10 src/LCD.o
 .text.LCD_moveCursorRight
                0x00000000        0x6 src/LCD.o
 .text.LCD_moveCursorLeft
                0x00000000        0x6 src/LCD.o
 .text.LCD_autoscroll
                0x00000000       0x10 src/LCD.o
 .text.LCD_noAutoscroll
                0x00000000       0x10 src/LCD.o
 .text.LCD_print
                0x00000000        0xa src/LCD.o
 .text.LCD_noBacklight
                0x00000000        0x6 src/LCD.o
 .text.LCD_on   0x00000000       0x12 src/LCD.o
 .text.LCD_off  0x00000000       0x12 src/LCD.o
 .text.LCD_begin58
                0x00000000        0x6 src/LCD.o
 .text.new_LCD_Struct
                0x00000000       0x1c src/LCD.o
 .text          0x00000000        0x0 src/LCD_I2C.o
 .data          0x00000000        0x0 src/LCD_I2C.o
 .bss           0x00000000        0x0 src/LCD_I2C.o
 .text.LCD_I2C_config
                0x00000000       0x56 src/LCD_I2C.o
 .text.LCD_I2C_clear
                0x00000000        0x4 src/LCD_I2C.o
 .text.LCD_I2C_print
                0x00000000        0x4 src/LCD_I2C.o
 .text          0x00000000        0x0 src/i2c.o
 .data          0x00000000        0x0 src/i2c.o
 .text          0x00000000        0x0 src/main.o
 .data          0x00000000        0x0 src/main.o
 .bss           0x00000000        0x0 src/main.o
 .text          0x00000000        0x0 src/syscalls.o
 .data          0x00000000        0x4 src/syscalls.o
 .bss           0x00000000        0x8 src/syscalls.o
 .text.initialise_monitor_handles
                0x00000000        0x2 src/syscalls.o
 .text._getpid  0x00000000        0x4 src/syscalls.o
 .text._kill    0x00000000       0x10 src/syscalls.o
 .text._exit    0x00000000        0xc src/syscalls.o
 .text._read    0x00000000       0x1c src/syscalls.o
 .text._write   0x00000000       0x1c src/syscalls.o
 .text._sbrk    0x00000000       0x34 src/syscalls.o
 .text._close   0x00000000        0x6 src/syscalls.o
 .text._fstat   0x00000000        0xa src/syscalls.o
 .text._isatty  0x00000000        0x4 src/syscalls.o
 .text._lseek   0x00000000        0x4 src/syscalls.o
 .text._open    0x00000000        0xa src/syscalls.o
 .text._wait    0x00000000       0x10 src/syscalls.o
 .text._unlink  0x00000000       0x10 src/syscalls.o
 .text._times   0x00000000        0x6 src/syscalls.o
 .text._stat    0x00000000        0xa src/syscalls.o
 .text._link    0x00000000       0x10 src/syscalls.o
 .text._fork    0x00000000       0x10 src/syscalls.o
 .text._execve  0x00000000       0x10 src/syscalls.o
 .comment       0x00000000       0x71 src/syscalls.o
 .ARM.attributes
                0x00000000       0x33 src/syscalls.o
 .text          0x00000000        0x0 src/system_stm32f10x.o
 .bss           0x00000000        0x0 src/system_stm32f10x.o
 .text.SystemCoreClockUpdate
                0x00000000       0x58 src/system_stm32f10x.o
 .text          0x00000000        0x0 src/frtos/croutine.o
 .data          0x00000000        0x0 src/frtos/croutine.o
 .bss           0x00000000        0x0 src/frtos/croutine.o
 .comment       0x00000000       0x71 src/frtos/croutine.o
 .ARM.attributes
                0x00000000       0x33 src/frtos/croutine.o
 .text          0x00000000        0x0 src/frtos/event_groups.o
 .data          0x00000000        0x0 src/frtos/event_groups.o
 .bss           0x00000000        0x0 src/frtos/event_groups.o
 .text.xEventGroupCreate
                0x00000000       0x1a src/frtos/event_groups.o
 .text.xEventGroupWaitBits
                0x00000000       0xb8 src/frtos/event_groups.o
 .text.xEventGroupClearBits
                0x00000000       0x1a src/frtos/event_groups.o
 .text.xEventGroupGetBitsFromISR
                0x00000000       0x1c src/frtos/event_groups.o
 .text.xEventGroupSetBits
                0x00000000       0x5a src/frtos/event_groups.o
 .text.xEventGroupSync
                0x00000000       0x90 src/frtos/event_groups.o
 .text.vEventGroupDelete
                0x00000000       0x26 src/frtos/event_groups.o
 .text.vEventGroupSetBitsCallback
                0x00000000        0x4 src/frtos/event_groups.o
 .text.vEventGroupClearBitsCallback
                0x00000000        0x4 src/frtos/event_groups.o
 .text.uxEventGroupGetNumber
                0x00000000        0x6 src/frtos/event_groups.o
 .comment       0x00000000       0x71 src/frtos/event_groups.o
 .ARM.attributes
                0x00000000       0x33 src/frtos/event_groups.o
 .text          0x00000000        0x0 src/frtos/heap_1.o
 .data          0x00000000        0x0 src/frtos/heap_1.o
 .text.vPortInitialiseBlocks
                0x00000000       0x10 src/frtos/heap_1.o
 .text.xPortGetFreeHeapSize
                0x00000000       0x14 src/frtos/heap_1.o
 .text          0x00000000        0x0 src/frtos/list.o
 .data          0x00000000        0x0 src/frtos/list.o
 .bss           0x00000000        0x0 src/frtos/list.o
 .text          0x00000000        0x0 src/frtos/port.o
 .bss           0x00000000        0x0 src/frtos/port.o
 .text.vPortEndScheduler
                0x00000000        0x2 src/frtos/port.o
 .text          0x00000000        0x0 src/frtos/queue.o
 .data          0x00000000        0x0 src/frtos/queue.o
 .bss           0x00000000        0x0 src/frtos/queue.o
 .text.prvCopyDataToQueue
                0x00000000       0x70 src/frtos/queue.o
 .text.prvCopyDataFromQueue
                0x00000000       0x28 src/frtos/queue.o
 .text.prvUnlockQueue
                0x00000000       0x68 src/frtos/queue.o
 .text.xQueueGenericReset
                0x00000000       0x6c src/frtos/queue.o
 .text.xQueueGenericCreate
                0x00000000       0x3a src/frtos/queue.o
 .text.xQueueCreateCountingSemaphore
                0x00000000       0x12 src/frtos/queue.o
 .text.xQueueGenericSend
                0x00000000       0xf4 src/frtos/queue.o
 .text.xQueueCreateMutex
                0x00000000       0x24 src/frtos/queue.o
 .text.xQueueGiveMutexRecursive
                0x00000000       0x2a src/frtos/queue.o
 .text.xQueueGenericSendFromISR
                0x00000000       0x62 src/frtos/queue.o
 .text.xQueueGiveFromISR
                0x00000000       0x56 src/frtos/queue.o
 .text.xQueueGenericReceive
                0x00000000      0x128 src/frtos/queue.o
 .text.xQueueTakeMutexRecursive
                0x00000000       0x30 src/frtos/queue.o
 .text.xQueueReceiveFromISR
                0x00000000       0x64 src/frtos/queue.o
 .text.xQueuePeekFromISR
                0x00000000       0x30 src/frtos/queue.o
 .text.uxQueueMessagesWaiting
                0x00000000       0x12 src/frtos/queue.o
 .text.uxQueueSpacesAvailable
                0x00000000       0x16 src/frtos/queue.o
 .text.uxQueueMessagesWaitingFromISR
                0x00000000        0x4 src/frtos/queue.o
 .text.vQueueDelete
                0x00000000        0x4 src/frtos/queue.o
 .text.uxQueueGetQueueNumber
                0x00000000        0x4 src/frtos/queue.o
 .text.vQueueSetQueueNumber
                0x00000000        0x4 src/frtos/queue.o
 .text.ucQueueGetQueueType
                0x00000000        0x6 src/frtos/queue.o
 .text.xQueueIsQueueEmptyFromISR
                0x00000000        0xa src/frtos/queue.o
 .text.xQueueIsQueueFullFromISR
                0x00000000        0xc src/frtos/queue.o
 .comment       0x00000000       0x71 src/frtos/queue.o
 .ARM.attributes
                0x00000000       0x33 src/frtos/queue.o
 .text          0x00000000        0x0 src/frtos/tasks.o
 .data          0x00000000        0x0 src/frtos/tasks.o
 .text.prvTaskIsTaskSuspended
                0x00000000       0x20 src/frtos/tasks.o
 .text.vTaskDelete
                0x00000000       0xa8 src/frtos/tasks.o
 .text.eTaskGetState
                0x00000000       0x54 src/frtos/tasks.o
 .text.uxTaskPriorityGet
                0x00000000       0x1c src/frtos/tasks.o
 .text.uxTaskPriorityGetFromISR
                0x00000000       0x28 src/frtos/tasks.o
 .text.vTaskPrioritySet
                0x00000000       0xc8 src/frtos/tasks.o
 .text.vTaskResume
                0x00000000       0x6c src/frtos/tasks.o
 .text.xTaskResumeFromISR
                0x00000000       0x7c src/frtos/tasks.o
 .text.vTaskEndScheduler
                0x00000000       0x20 src/frtos/tasks.o
 .text.xTaskGetTickCount
                0x00000000        0xc src/frtos/tasks.o
 .text.xTaskGetTickCountFromISR
                0x00000000        0xc src/frtos/tasks.o
 .text.uxTaskGetNumberOfTasks
                0x00000000        0xc src/frtos/tasks.o
 .text.pcTaskGetName
                0x00000000       0x10 src/frtos/tasks.o
 .text.vTaskDelayUntil
                0x00000000       0x5c src/frtos/tasks.o
 .text.vTaskSuspend
                0x00000000       0x9c src/frtos/tasks.o
 .text.vTaskPlaceOnEventList
                0x00000000       0x20 src/frtos/tasks.o
 .text.vTaskPlaceOnUnorderedEventList
                0x00000000       0x28 src/frtos/tasks.o
 .text.xTaskRemoveFromEventList
                0x00000000       0x5c src/frtos/tasks.o
 .text.xTaskRemoveFromUnorderedEventList
                0x00000000       0x50 src/frtos/tasks.o
 .text.vTaskSetTimeOutState
                0x00000000       0x14 src/frtos/tasks.o
 .text.xTaskCheckForTimeOut
                0x00000000       0x48 src/frtos/tasks.o
 .text.vTaskMissedYield
                0x00000000       0x10 src/frtos/tasks.o
 .text.uxTaskGetTaskNumber
                0x00000000        0x6 src/frtos/tasks.o
 .text.vTaskSetTaskNumber
                0x00000000        0x6 src/frtos/tasks.o
 .text.vTaskGetInfo
                0x00000000       0x80 src/frtos/tasks.o
 .text.prvListTasksWithinSingleList
                0x00000000       0x5a src/frtos/tasks.o
 .text.uxTaskGetSystemState
                0x00000000       0x90 src/frtos/tasks.o
 .text.xTaskGetCurrentTaskHandle
                0x00000000        0xc src/frtos/tasks.o
 .text.vTaskPriorityInherit
                0x00000000       0x90 src/frtos/tasks.o
 .text.xTaskPriorityDisinherit
                0x00000000       0x70 src/frtos/tasks.o
 .text.uxTaskResetEventItemValue
                0x00000000       0x18 src/frtos/tasks.o
 .text.pvTaskIncrementMutexHeldCount
                0x00000000       0x18 src/frtos/tasks.o
 .text.ulTaskNotifyTake
                0x00000000       0x68 src/frtos/tasks.o
 .text.xTaskNotifyWait
                0x00000000       0x8c src/frtos/tasks.o
 .text.xTaskGenericNotify
                0x00000000       0xa0 src/frtos/tasks.o
 .text.xTaskGenericNotifyFromISR
                0x00000000       0xc0 src/frtos/tasks.o
 .text.vTaskNotifyGiveFromISR
                0x00000000       0x8c src/frtos/tasks.o
 .text.xTaskNotifyStateClear
                0x00000000       0x2c src/frtos/tasks.o
 .text          0x00000000        0x0 src/frtos/timers.o
 .data          0x00000000        0x0 src/frtos/timers.o
 .bss           0x00000000        0x0 src/frtos/timers.o
 .comment       0x00000000       0x71 src/frtos/timers.o
 .ARM.attributes
                0x00000000       0x33 src/frtos/timers.o
 .text          0x00000000        0x0 I:\STM32\Workspace\stm32nanoboard_stdperiph_lib\Release\libstm32nanoboard_stdperiph_lib.a(stm32f10x_gpio.o)
 .data          0x00000000        0x0 I:\STM32\Workspace\stm32nanoboard_stdperiph_lib\Release\libstm32nanoboard_stdperiph_lib.a(stm32f10x_gpio.o)
 .bss           0x00000000        0x0 I:\STM32\Workspace\stm32nanoboard_stdperiph_lib\Release\libstm32nanoboard_stdperiph_lib.a(stm32f10x_gpio.o)
 .text.GPIO_DeInit
                0x00000000       0xdc I:\STM32\Workspace\stm32nanoboard_stdperiph_lib\Release\libstm32nanoboard_stdperiph_lib.a(stm32f10x_gpio.o)
 .text.GPIO_AFIODeInit
                0x00000000       0x18 I:\STM32\Workspace\stm32nanoboard_stdperiph_lib\Release\libstm32nanoboard_stdperiph_lib.a(stm32f10x_gpio.o)
 .text.GPIO_ReadInputDataBit
                0x00000000        0xc I:\STM32\Workspace\stm32nanoboard_stdperiph_lib\Release\libstm32nanoboard_stdperiph_lib.a(stm32f10x_gpio.o)
 .text.GPIO_ReadInputData
                0x00000000        0x8 I:\STM32\Workspace\stm32nanoboard_stdperiph_lib\Release\libstm32nanoboard_stdperiph_lib.a(stm32f10x_gpio.o)
 .text.GPIO_ReadOutputDataBit
                0x00000000        0xc I:\STM32\Workspace\stm32nanoboard_stdperiph_lib\Release\libstm32nanoboard_stdperiph_lib.a(stm32f10x_gpio.o)
 .text.GPIO_ReadOutputData
                0x00000000        0x8 I:\STM32\Workspace\stm32nanoboard_stdperiph_lib\Release\libstm32nanoboard_stdperiph_lib.a(stm32f10x_gpio.o)
 .text.GPIO_SetBits
                0x00000000        0x4 I:\STM32\Workspace\stm32nanoboard_stdperiph_lib\Release\libstm32nanoboard_stdperiph_lib.a(stm32f10x_gpio.o)
 .text.GPIO_ResetBits
                0x00000000        0x4 I:\STM32\Workspace\stm32nanoboard_stdperiph_lib\Release\libstm32nanoboard_stdperiph_lib.a(stm32f10x_gpio.o)
 .text.GPIO_WriteBit
                0x00000000        0xc I:\STM32\Workspace\stm32nanoboard_stdperiph_lib\Release\libstm32nanoboard_stdperiph_lib.a(stm32f10x_gpio.o)
 .text.GPIO_Write
                0x00000000        0x4 I:\STM32\Workspace\stm32nanoboard_stdperiph_lib\Release\libstm32nanoboard_stdperiph_lib.a(stm32f10x_gpio.o)
 .text.GPIO_PinLockConfig
                0x00000000       0x10 I:\STM32\Workspace\stm32nanoboard_stdperiph_lib\Release\libstm32nanoboard_stdperiph_lib.a(stm32f10x_gpio.o)
 .text.GPIO_EventOutputConfig
                0x00000000       0x20 I:\STM32\Workspace\stm32nanoboard_stdperiph_lib\Release\libstm32nanoboard_stdperiph_lib.a(stm32f10x_gpio.o)
 .text.GPIO_EventOutputCmd
                0x00000000        0xc I:\STM32\Workspace\stm32nanoboard_stdperiph_lib\Release\libstm32nanoboard_stdperiph_lib.a(stm32f10x_gpio.o)
 .text.GPIO_PinRemapConfig
                0x00000000       0x6c I:\STM32\Workspace\stm32nanoboard_stdperiph_lib\Release\libstm32nanoboard_stdperiph_lib.a(stm32f10x_gpio.o)
 .text.GPIO_EXTILineConfig
                0x00000000       0x30 I:\STM32\Workspace\stm32nanoboard_stdperiph_lib\Release\libstm32nanoboard_stdperiph_lib.a(stm32f10x_gpio.o)
 .text.GPIO_ETH_MediaInterfaceConfig
                0x00000000        0xc I:\STM32\Workspace\stm32nanoboard_stdperiph_lib\Release\libstm32nanoboard_stdperiph_lib.a(stm32f10x_gpio.o)
 .text          0x00000000        0x0 I:\STM32\Workspace\stm32nanoboard_stdperiph_lib\Release\libstm32nanoboard_stdperiph_lib.a(stm32f10x_i2c.o)
 .data          0x00000000        0x0 I:\STM32\Workspace\stm32nanoboard_stdperiph_lib\Release\libstm32nanoboard_stdperiph_lib.a(stm32f10x_i2c.o)
 .bss           0x00000000        0x0 I:\STM32\Workspace\stm32nanoboard_stdperiph_lib\Release\libstm32nanoboard_stdperiph_lib.a(stm32f10x_i2c.o)
 .text.I2C_DeInit
                0x00000000       0x3c I:\STM32\Workspace\stm32nanoboard_stdperiph_lib\Release\libstm32nanoboard_stdperiph_lib.a(stm32f10x_i2c.o)
 .text.I2C_DMACmd
                0x00000000       0x1c I:\STM32\Workspace\stm32nanoboard_stdperiph_lib\Release\libstm32nanoboard_stdperiph_lib.a(stm32f10x_i2c.o)
 .text.I2C_DMALastTransferCmd
                0x00000000       0x1c I:\STM32\Workspace\stm32nanoboard_stdperiph_lib\Release\libstm32nanoboard_stdperiph_lib.a(stm32f10x_i2c.o)
 .text.I2C_AcknowledgeConfig
                0x00000000       0x1c I:\STM32\Workspace\stm32nanoboard_stdperiph_lib\Release\libstm32nanoboard_stdperiph_lib.a(stm32f10x_i2c.o)
 .text.I2C_OwnAddress2Config
                0x00000000       0x14 I:\STM32\Workspace\stm32nanoboard_stdperiph_lib\Release\libstm32nanoboard_stdperiph_lib.a(stm32f10x_i2c.o)
 .text.I2C_DualAddressCmd
                0x00000000       0x1c I:\STM32\Workspace\stm32nanoboard_stdperiph_lib\Release\libstm32nanoboard_stdperiph_lib.a(stm32f10x_i2c.o)
 .text.I2C_GeneralCallCmd
                0x00000000       0x1c I:\STM32\Workspace\stm32nanoboard_stdperiph_lib\Release\libstm32nanoboard_stdperiph_lib.a(stm32f10x_i2c.o)
 .text.I2C_ITConfig
                0x00000000       0x14 I:\STM32\Workspace\stm32nanoboard_stdperiph_lib\Release\libstm32nanoboard_stdperiph_lib.a(stm32f10x_i2c.o)
 .text.I2C_ReceiveData
                0x00000000        0x8 I:\STM32\Workspace\stm32nanoboard_stdperiph_lib\Release\libstm32nanoboard_stdperiph_lib.a(stm32f10x_i2c.o)
 .text.I2C_ReadRegister
                0x00000000       0x18 I:\STM32\Workspace\stm32nanoboard_stdperiph_lib\Release\libstm32nanoboard_stdperiph_lib.a(stm32f10x_i2c.o)
 .text.I2C_SoftwareResetCmd
                0x00000000       0x1c I:\STM32\Workspace\stm32nanoboard_stdperiph_lib\Release\libstm32nanoboard_stdperiph_lib.a(stm32f10x_i2c.o)
 .text.I2C_NACKPositionConfig
                0x00000000       0x20 I:\STM32\Workspace\stm32nanoboard_stdperiph_lib\Release\libstm32nanoboard_stdperiph_lib.a(stm32f10x_i2c.o)
 .text.I2C_SMBusAlertConfig
                0x00000000       0x20 I:\STM32\Workspace\stm32nanoboard_stdperiph_lib\Release\libstm32nanoboard_stdperiph_lib.a(stm32f10x_i2c.o)
 .text.I2C_TransmitPEC
                0x00000000       0x1c I:\STM32\Workspace\stm32nanoboard_stdperiph_lib\Release\libstm32nanoboard_stdperiph_lib.a(stm32f10x_i2c.o)
 .text.I2C_PECPositionConfig
                0x00000000       0x20 I:\STM32\Workspace\stm32nanoboard_stdperiph_lib\Release\libstm32nanoboard_stdperiph_lib.a(stm32f10x_i2c.o)
 .text.I2C_CalculatePEC
                0x00000000       0x1c I:\STM32\Workspace\stm32nanoboard_stdperiph_lib\Release\libstm32nanoboard_stdperiph_lib.a(stm32f10x_i2c.o)
 .text.I2C_GetPEC
                0x00000000        0x8 I:\STM32\Workspace\stm32nanoboard_stdperiph_lib\Release\libstm32nanoboard_stdperiph_lib.a(stm32f10x_i2c.o)
 .text.I2C_ARPCmd
                0x00000000       0x1c I:\STM32\Workspace\stm32nanoboard_stdperiph_lib\Release\libstm32nanoboard_stdperiph_lib.a(stm32f10x_i2c.o)
 .text.I2C_StretchClockCmd
                0x00000000       0x1c I:\STM32\Workspace\stm32nanoboard_stdperiph_lib\Release\libstm32nanoboard_stdperiph_lib.a(stm32f10x_i2c.o)
 .text.I2C_FastModeDutyCycleConfig
                0x00000000       0x20 I:\STM32\Workspace\stm32nanoboard_stdperiph_lib\Release\libstm32nanoboard_stdperiph_lib.a(stm32f10x_i2c.o)
 .text.I2C_GetLastEvent
                0x00000000       0x10 I:\STM32\Workspace\stm32nanoboard_stdperiph_lib\Release\libstm32nanoboard_stdperiph_lib.a(stm32f10x_i2c.o)
 .text.I2C_ClearFlag
                0x00000000        0x8 I:\STM32\Workspace\stm32nanoboard_stdperiph_lib\Release\libstm32nanoboard_stdperiph_lib.a(stm32f10x_i2c.o)
 .text.I2C_GetITStatus
                0x00000000       0x1c I:\STM32\Workspace\stm32nanoboard_stdperiph_lib\Release\libstm32nanoboard_stdperiph_lib.a(stm32f10x_i2c.o)
 .text.I2C_ClearITPendingBit
                0x00000000        0x8 I:\STM32\Workspace\stm32nanoboard_stdperiph_lib\Release\libstm32nanoboard_stdperiph_lib.a(stm32f10x_i2c.o)
 .text          0x00000000        0x0 I:\STM32\Workspace\stm32nanoboard_stdperiph_lib\Release\libstm32nanoboard_stdperiph_lib.a(stm32f10x_rcc.o)
 .bss           0x00000000        0x0 I:\STM32\Workspace\stm32nanoboard_stdperiph_lib\Release\libstm32nanoboard_stdperiph_lib.a(stm32f10x_rcc.o)
 .text.RCC_DeInit
                0x00000000       0x40 I:\STM32\Workspace\stm32nanoboard_stdperiph_lib\Release\libstm32nanoboard_stdperiph_lib.a(stm32f10x_rcc.o)
 .text.RCC_HSEConfig
                0x00000000       0x38 I:\STM32\Workspace\stm32nanoboard_stdperiph_lib\Release\libstm32nanoboard_stdperiph_lib.a(stm32f10x_rcc.o)
 .text.RCC_WaitForHSEStartUp
                0x00000000       0x34 I:\STM32\Workspace\stm32nanoboard_stdperiph_lib\Release\libstm32nanoboard_stdperiph_lib.a(stm32f10x_rcc.o)
 .text.RCC_AdjustHSICalibrationValue
                0x00000000       0x14 I:\STM32\Workspace\stm32nanoboard_stdperiph_lib\Release\libstm32nanoboard_stdperiph_lib.a(stm32f10x_rcc.o)
 .text.RCC_HSICmd
                0x00000000        0xc I:\STM32\Workspace\stm32nanoboard_stdperiph_lib\Release\libstm32nanoboard_stdperiph_lib.a(stm32f10x_rcc.o)
 .text.RCC_PLLConfig
                0x00000000       0x14 I:\STM32\Workspace\stm32nanoboard_stdperiph_lib\Release\libstm32nanoboard_stdperiph_lib.a(stm32f10x_rcc.o)
 .text.RCC_PLLCmd
                0x00000000        0xc I:\STM32\Workspace\stm32nanoboard_stdperiph_lib\Release\libstm32nanoboard_stdperiph_lib.a(stm32f10x_rcc.o)
 .text.RCC_SYSCLKConfig
                0x00000000       0x14 I:\STM32\Workspace\stm32nanoboard_stdperiph_lib\Release\libstm32nanoboard_stdperiph_lib.a(stm32f10x_rcc.o)
 .text.RCC_GetSYSCLKSource
                0x00000000       0x10 I:\STM32\Workspace\stm32nanoboard_stdperiph_lib\Release\libstm32nanoboard_stdperiph_lib.a(stm32f10x_rcc.o)
 .text.RCC_HCLKConfig
                0x00000000       0x14 I:\STM32\Workspace\stm32nanoboard_stdperiph_lib\Release\libstm32nanoboard_stdperiph_lib.a(stm32f10x_rcc.o)
 .text.RCC_PCLK1Config
                0x00000000       0x14 I:\STM32\Workspace\stm32nanoboard_stdperiph_lib\Release\libstm32nanoboard_stdperiph_lib.a(stm32f10x_rcc.o)
 .text.RCC_PCLK2Config
                0x00000000       0x14 I:\STM32\Workspace\stm32nanoboard_stdperiph_lib\Release\libstm32nanoboard_stdperiph_lib.a(stm32f10x_rcc.o)
 .text.RCC_ITConfig
                0x00000000       0x18 I:\STM32\Workspace\stm32nanoboard_stdperiph_lib\Release\libstm32nanoboard_stdperiph_lib.a(stm32f10x_rcc.o)
 .text.RCC_USBCLKConfig
                0x00000000        0xc I:\STM32\Workspace\stm32nanoboard_stdperiph_lib\Release\libstm32nanoboard_stdperiph_lib.a(stm32f10x_rcc.o)
 .text.RCC_ADCCLKConfig
                0x00000000       0x14 I:\STM32\Workspace\stm32nanoboard_stdperiph_lib\Release\libstm32nanoboard_stdperiph_lib.a(stm32f10x_rcc.o)
 .text.RCC_LSEConfig
                0x00000000       0x20 I:\STM32\Workspace\stm32nanoboard_stdperiph_lib\Release\libstm32nanoboard_stdperiph_lib.a(stm32f10x_rcc.o)
 .text.RCC_LSICmd
                0x00000000        0xc I:\STM32\Workspace\stm32nanoboard_stdperiph_lib\Release\libstm32nanoboard_stdperiph_lib.a(stm32f10x_rcc.o)
 .text.RCC_RTCCLKConfig
                0x00000000       0x10 I:\STM32\Workspace\stm32nanoboard_stdperiph_lib\Release\libstm32nanoboard_stdperiph_lib.a(stm32f10x_rcc.o)
 .text.RCC_RTCCLKCmd
                0x00000000        0xc I:\STM32\Workspace\stm32nanoboard_stdperiph_lib\Release\libstm32nanoboard_stdperiph_lib.a(stm32f10x_rcc.o)
 .text.RCC_AHBPeriphClockCmd
                0x00000000       0x18 I:\STM32\Workspace\stm32nanoboard_stdperiph_lib\Release\libstm32nanoboard_stdperiph_lib.a(stm32f10x_rcc.o)
 .text.RCC_APB2PeriphResetCmd
                0x00000000       0x18 I:\STM32\Workspace\stm32nanoboard_stdperiph_lib\Release\libstm32nanoboard_stdperiph_lib.a(stm32f10x_rcc.o)
 .text.RCC_BackupResetCmd
                0x00000000        0xc I:\STM32\Workspace\stm32nanoboard_stdperiph_lib\Release\libstm32nanoboard_stdperiph_lib.a(stm32f10x_rcc.o)
 .text.RCC_ClockSecuritySystemCmd
                0x00000000        0xc I:\STM32\Workspace\stm32nanoboard_stdperiph_lib\Release\libstm32nanoboard_stdperiph_lib.a(stm32f10x_rcc.o)
 .text.RCC_MCOConfig
                0x00000000        0xc I:\STM32\Workspace\stm32nanoboard_stdperiph_lib\Release\libstm32nanoboard_stdperiph_lib.a(stm32f10x_rcc.o)
 .text.RCC_GetFlagStatus
                0x00000000       0x34 I:\STM32\Workspace\stm32nanoboard_stdperiph_lib\Release\libstm32nanoboard_stdperiph_lib.a(stm32f10x_rcc.o)
 .text.RCC_ClearFlag
                0x00000000       0x10 I:\STM32\Workspace\stm32nanoboard_stdperiph_lib\Release\libstm32nanoboard_stdperiph_lib.a(stm32f10x_rcc.o)
 .text.RCC_GetITStatus
                0x00000000       0x14 I:\STM32\Workspace\stm32nanoboard_stdperiph_lib\Release\libstm32nanoboard_stdperiph_lib.a(stm32f10x_rcc.o)
 .text.RCC_ClearITPendingBit
                0x00000000        0xc I:\STM32\Workspace\stm32nanoboard_stdperiph_lib\Release\libstm32nanoboard_stdperiph_lib.a(stm32f10x_rcc.o)
 .text          0x00000000        0x0 c:/ac6/systemworkbench/plugins/fr.ac6.mcu.externaltools.arm-none.win32_1.3.0.201507241045/tools/compiler/bin/../lib/gcc/arm-none-eabi/4.9.3/../../../../arm-none-eabi/lib/armv7-m\libc_nano.a(lib_a-errno.o)
 .data          0x00000000        0x0 c:/ac6/systemworkbench/plugins/fr.ac6.mcu.externaltools.arm-none.win32_1.3.0.201507241045/tools/compiler/bin/../lib/gcc/arm-none-eabi/4.9.3/../../../../arm-none-eabi/lib/armv7-m\libc_nano.a(lib_a-errno.o)
 .bss           0x00000000        0x0 c:/ac6/systemworkbench/plugins/fr.ac6.mcu.externaltools.arm-none.win32_1.3.0.201507241045/tools/compiler/bin/../lib/gcc/arm-none-eabi/4.9.3/../../../../arm-none-eabi/lib/armv7-m\libc_nano.a(lib_a-errno.o)
 .text.__errno  0x00000000        0xc c:/ac6/systemworkbench/plugins/fr.ac6.mcu.externaltools.arm-none.win32_1.3.0.201507241045/tools/compiler/bin/../lib/gcc/arm-none-eabi/4.9.3/../../../../arm-none-eabi/lib/armv7-m\libc_nano.a(lib_a-errno.o)
 .debug_frame   0x00000000       0x20 c:/ac6/systemworkbench/plugins/fr.ac6.mcu.externaltools.arm-none.win32_1.3.0.201507241045/tools/compiler/bin/../lib/gcc/arm-none-eabi/4.9.3/../../../../arm-none-eabi/lib/armv7-m\libc_nano.a(lib_a-errno.o)
 .ARM.attributes
                0x00000000       0x2d c:/ac6/systemworkbench/plugins/fr.ac6.mcu.externaltools.arm-none.win32_1.3.0.201507241045/tools/compiler/bin/../lib/gcc/arm-none-eabi/4.9.3/../../../../arm-none-eabi/lib/armv7-m\libc_nano.a(lib_a-errno.o)
 .text          0x00000000        0x0 c:/ac6/systemworkbench/plugins/fr.ac6.mcu.externaltools.arm-none.win32_1.3.0.201507241045/tools/compiler/bin/../lib/gcc/arm-none-eabi/4.9.3/../../../../arm-none-eabi/lib/armv7-m\libc_nano.a(lib_a-exit.o)
 .data          0x00000000        0x0 c:/ac6/systemworkbench/plugins/fr.ac6.mcu.externaltools.arm-none.win32_1.3.0.201507241045/tools/compiler/bin/../lib/gcc/arm-none-eabi/4.9.3/../../../../arm-none-eabi/lib/armv7-m\libc_nano.a(lib_a-exit.o)
 .bss           0x00000000        0x0 c:/ac6/systemworkbench/plugins/fr.ac6.mcu.externaltools.arm-none.win32_1.3.0.201507241045/tools/compiler/bin/../lib/gcc/arm-none-eabi/4.9.3/../../../../arm-none-eabi/lib/armv7-m\libc_nano.a(lib_a-exit.o)
 .text.exit     0x00000000       0x28 c:/ac6/systemworkbench/plugins/fr.ac6.mcu.externaltools.arm-none.win32_1.3.0.201507241045/tools/compiler/bin/../lib/gcc/arm-none-eabi/4.9.3/../../../../arm-none-eabi/lib/armv7-m\libc_nano.a(lib_a-exit.o)
 .debug_frame   0x00000000       0x28 c:/ac6/systemworkbench/plugins/fr.ac6.mcu.externaltools.arm-none.win32_1.3.0.201507241045/tools/compiler/bin/../lib/gcc/arm-none-eabi/4.9.3/../../../../arm-none-eabi/lib/armv7-m\libc_nano.a(lib_a-exit.o)
 .ARM.attributes
                0x00000000       0x2d c:/ac6/systemworkbench/plugins/fr.ac6.mcu.externaltools.arm-none.win32_1.3.0.201507241045/tools/compiler/bin/../lib/gcc/arm-none-eabi/4.9.3/../../../../arm-none-eabi/lib/armv7-m\libc_nano.a(lib_a-exit.o)
 .text          0x00000000        0x0 c:/ac6/systemworkbench/plugins/fr.ac6.mcu.externaltools.arm-none.win32_1.3.0.201507241045/tools/compiler/bin/../lib/gcc/arm-none-eabi/4.9.3/../../../../arm-none-eabi/lib/armv7-m\libc_nano.a(lib_a-impure.o)
 .data          0x00000000        0x0 c:/ac6/systemworkbench/plugins/fr.ac6.mcu.externaltools.arm-none.win32_1.3.0.201507241045/tools/compiler/bin/../lib/gcc/arm-none-eabi/4.9.3/../../../../arm-none-eabi/lib/armv7-m\libc_nano.a(lib_a-impure.o)
 .bss           0x00000000        0x0 c:/ac6/systemworkbench/plugins/fr.ac6.mcu.externaltools.arm-none.win32_1.3.0.201507241045/tools/compiler/bin/../lib/gcc/arm-none-eabi/4.9.3/../../../../arm-none-eabi/lib/armv7-m\libc_nano.a(lib_a-impure.o)
 .data.impure_data
                0x00000000       0x60 c:/ac6/systemworkbench/plugins/fr.ac6.mcu.externaltools.arm-none.win32_1.3.0.201507241045/tools/compiler/bin/../lib/gcc/arm-none-eabi/4.9.3/../../../../arm-none-eabi/lib/armv7-m\libc_nano.a(lib_a-impure.o)
 .data._impure_ptr
                0x00000000        0x4 c:/ac6/systemworkbench/plugins/fr.ac6.mcu.externaltools.arm-none.win32_1.3.0.201507241045/tools/compiler/bin/../lib/gcc/arm-none-eabi/4.9.3/../../../../arm-none-eabi/lib/armv7-m\libc_nano.a(lib_a-impure.o)
 .rodata.str1.1
                0x00000000        0x2 c:/ac6/systemworkbench/plugins/fr.ac6.mcu.externaltools.arm-none.win32_1.3.0.201507241045/tools/compiler/bin/../lib/gcc/arm-none-eabi/4.9.3/../../../../arm-none-eabi/lib/armv7-m\libc_nano.a(lib_a-impure.o)
 .rodata._global_impure_ptr
                0x00000000        0x4 c:/ac6/systemworkbench/plugins/fr.ac6.mcu.externaltools.arm-none.win32_1.3.0.201507241045/tools/compiler/bin/../lib/gcc/arm-none-eabi/4.9.3/../../../../arm-none-eabi/lib/armv7-m\libc_nano.a(lib_a-impure.o)
 .ARM.attributes
                0x00000000       0x2d c:/ac6/systemworkbench/plugins/fr.ac6.mcu.externaltools.arm-none.win32_1.3.0.201507241045/tools/compiler/bin/../lib/gcc/arm-none-eabi/4.9.3/../../../../arm-none-eabi/lib/armv7-m\libc_nano.a(lib_a-impure.o)
 .text          0x00000000        0x0 c:/ac6/systemworkbench/plugins/fr.ac6.mcu.externaltools.arm-none.win32_1.3.0.201507241045/tools/compiler/bin/../lib/gcc/arm-none-eabi/4.9.3/../../../../arm-none-eabi/lib/armv7-m\libc_nano.a(lib_a-init.o)
 .data          0x00000000        0x0 c:/ac6/systemworkbench/plugins/fr.ac6.mcu.externaltools.arm-none.win32_1.3.0.201507241045/tools/compiler/bin/../lib/gcc/arm-none-eabi/4.9.3/../../../../arm-none-eabi/lib/armv7-m\libc_nano.a(lib_a-init.o)
 .bss           0x00000000        0x0 c:/ac6/systemworkbench/plugins/fr.ac6.mcu.externaltools.arm-none.win32_1.3.0.201507241045/tools/compiler/bin/../lib/gcc/arm-none-eabi/4.9.3/../../../../arm-none-eabi/lib/armv7-m\libc_nano.a(lib_a-init.o)
 .text          0x00000000        0x0 c:/ac6/systemworkbench/plugins/fr.ac6.mcu.externaltools.arm-none.win32_1.3.0.201507241045/tools/compiler/bin/../lib/gcc/arm-none-eabi/4.9.3/../../../../arm-none-eabi/lib/armv7-m\libc_nano.a(lib_a-memcpy.o)
 .data          0x00000000        0x0 c:/ac6/systemworkbench/plugins/fr.ac6.mcu.externaltools.arm-none.win32_1.3.0.201507241045/tools/compiler/bin/../lib/gcc/arm-none-eabi/4.9.3/../../../../arm-none-eabi/lib/armv7-m\libc_nano.a(lib_a-memcpy.o)
 .bss           0x00000000        0x0 c:/ac6/systemworkbench/plugins/fr.ac6.mcu.externaltools.arm-none.win32_1.3.0.201507241045/tools/compiler/bin/../lib/gcc/arm-none-eabi/4.9.3/../../../../arm-none-eabi/lib/armv7-m\libc_nano.a(lib_a-memcpy.o)
 .text.memcpy   0x00000000       0x16 c:/ac6/systemworkbench/plugins/fr.ac6.mcu.externaltools.arm-none.win32_1.3.0.201507241045/tools/compiler/bin/../lib/gcc/arm-none-eabi/4.9.3/../../../../arm-none-eabi/lib/armv7-m\libc_nano.a(lib_a-memcpy.o)
 .debug_frame   0x00000000       0x28 c:/ac6/systemworkbench/plugins/fr.ac6.mcu.externaltools.arm-none.win32_1.3.0.201507241045/tools/compiler/bin/../lib/gcc/arm-none-eabi/4.9.3/../../../../arm-none-eabi/lib/armv7-m\libc_nano.a(lib_a-memcpy.o)
 .ARM.attributes
                0x00000000       0x2d c:/ac6/systemworkbench/plugins/fr.ac6.mcu.externaltools.arm-none.win32_1.3.0.201507241045/tools/compiler/bin/../lib/gcc/arm-none-eabi/4.9.3/../../../../arm-none-eabi/lib/armv7-m\libc_nano.a(lib_a-memcpy.o)
 .text          0x00000000        0x0 c:/ac6/systemworkbench/plugins/fr.ac6.mcu.externaltools.arm-none.win32_1.3.0.201507241045/tools/compiler/bin/../lib/gcc/arm-none-eabi/4.9.3/../../../../arm-none-eabi/lib/armv7-m\libc_nano.a(lib_a-memset.o)
 .data          0x00000000        0x0 c:/ac6/systemworkbench/plugins/fr.ac6.mcu.externaltools.arm-none.win32_1.3.0.201507241045/tools/compiler/bin/../lib/gcc/arm-none-eabi/4.9.3/../../../../arm-none-eabi/lib/armv7-m\libc_nano.a(lib_a-memset.o)
 .bss           0x00000000        0x0 c:/ac6/systemworkbench/plugins/fr.ac6.mcu.externaltools.arm-none.win32_1.3.0.201507241045/tools/compiler/bin/../lib/gcc/arm-none-eabi/4.9.3/../../../../arm-none-eabi/lib/armv7-m\libc_nano.a(lib_a-memset.o)
 .text          0x00000000        0x0 c:/ac6/systemworkbench/plugins/fr.ac6.mcu.externaltools.arm-none.win32_1.3.0.201507241045/tools/compiler/bin/../lib/gcc/arm-none-eabi/4.9.3/../../../../arm-none-eabi/lib/armv7-m\libc_nano.a(lib_a-strlen.o)
 .data          0x00000000        0x0 c:/ac6/systemworkbench/plugins/fr.ac6.mcu.externaltools.arm-none.win32_1.3.0.201507241045/tools/compiler/bin/../lib/gcc/arm-none-eabi/4.9.3/../../../../arm-none-eabi/lib/armv7-m\libc_nano.a(lib_a-strlen.o)
 .bss           0x00000000        0x0 c:/ac6/systemworkbench/plugins/fr.ac6.mcu.externaltools.arm-none.win32_1.3.0.201507241045/tools/compiler/bin/../lib/gcc/arm-none-eabi/4.9.3/../../../../arm-none-eabi/lib/armv7-m\libc_nano.a(lib_a-strlen.o)
 .text          0x00000000        0x0 c:/ac6/systemworkbench/plugins/fr.ac6.mcu.externaltools.arm-none.win32_1.3.0.201507241045/tools/compiler/bin/../lib/gcc/arm-none-eabi/4.9.3/armv7-m/crtend.o
 .data          0x00000000        0x0 c:/ac6/systemworkbench/plugins/fr.ac6.mcu.externaltools.arm-none.win32_1.3.0.201507241045/tools/compiler/bin/../lib/gcc/arm-none-eabi/4.9.3/armv7-m/crtend.o
 .bss           0x00000000        0x0 c:/ac6/systemworkbench/plugins/fr.ac6.mcu.externaltools.arm-none.win32_1.3.0.201507241045/tools/compiler/bin/../lib/gcc/arm-none-eabi/4.9.3/armv7-m/crtend.o
 .eh_frame      0x00000000        0x4 c:/ac6/systemworkbench/plugins/fr.ac6.mcu.externaltools.arm-none.win32_1.3.0.201507241045/tools/compiler/bin/../lib/gcc/arm-none-eabi/4.9.3/armv7-m/crtend.o
 .jcr           0x00000000        0x4 c:/ac6/systemworkbench/plugins/fr.ac6.mcu.externaltools.arm-none.win32_1.3.0.201507241045/tools/compiler/bin/../lib/gcc/arm-none-eabi/4.9.3/armv7-m/crtend.o
 .ARM.attributes
                0x00000000       0x2d c:/ac6/systemworkbench/plugins/fr.ac6.mcu.externaltools.arm-none.win32_1.3.0.201507241045/tools/compiler/bin/../lib/gcc/arm-none-eabi/4.9.3/armv7-m/crtend.o
 .text          0x00000000        0x0 c:/ac6/systemworkbench/plugins/fr.ac6.mcu.externaltools.arm-none.win32_1.3.0.201507241045/tools/compiler/bin/../lib/gcc/arm-none-eabi/4.9.3/armv7-m/crtn.o
 .data          0x00000000        0x0 c:/ac6/systemworkbench/plugins/fr.ac6.mcu.externaltools.arm-none.win32_1.3.0.201507241045/tools/compiler/bin/../lib/gcc/arm-none-eabi/4.9.3/armv7-m/crtn.o
 .bss           0x00000000        0x0 c:/ac6/systemworkbench/plugins/fr.ac6.mcu.externaltools.arm-none.win32_1.3.0.201507241045/tools/compiler/bin/../lib/gcc/arm-none-eabi/4.9.3/armv7-m/crtn.o

Memory Configuration

Name             Origin             Length             Attributes
RAM              0x20000000         0x00005000         xrw
ROM              0x08000000         0x00010000         xr
*default*        0x00000000         0xffffffff

Linker script and memory map

LOAD c:/ac6/systemworkbench/plugins/fr.ac6.mcu.externaltools.arm-none.win32_1.3.0.201507241045/tools/compiler/bin/../lib/gcc/arm-none-eabi/4.9.3/armv7-m/crti.o
LOAD c:/ac6/systemworkbench/plugins/fr.ac6.mcu.externaltools.arm-none.win32_1.3.0.201507241045/tools/compiler/bin/../lib/gcc/arm-none-eabi/4.9.3/armv7-m/crtbegin.o
LOAD c:/ac6/systemworkbench/plugins/fr.ac6.mcu.externaltools.arm-none.win32_1.3.0.201507241045/tools/compiler/bin/../lib/gcc/arm-none-eabi/4.9.3/../../../../arm-none-eabi/lib/armv7-m/crt0.o
LOAD c:/ac6/systemworkbench/plugins/fr.ac6.mcu.externaltools.arm-none.win32_1.3.0.201507241045/tools/compiler/bin/../lib/gcc/arm-none-eabi/4.9.3/../../../../arm-none-eabi/lib/armv7-m\libm.a
LOAD startup/startup_stm32.o
LOAD src/LCD.o
LOAD src/LCD_I2C.o
LOAD src/i2c.o
LOAD src/main.o
LOAD src/syscalls.o
LOAD src/system_stm32f10x.o
LOAD src/frtos/croutine.o
LOAD src/frtos/event_groups.o
LOAD src/frtos/heap_1.o
LOAD src/frtos/list.o
LOAD src/frtos/port.o
LOAD src/frtos/queue.o
LOAD src/frtos/tasks.o
LOAD src/frtos/timers.o
LOAD I:\STM32\Workspace\stm32nanoboard_stdperiph_lib\Release\libstm32nanoboard_stdperiph_lib.a
START GROUP
LOAD c:/ac6/systemworkbench/plugins/fr.ac6.mcu.externaltools.arm-none.win32_1.3.0.201507241045/tools/compiler/bin/../lib/gcc/arm-none-eabi/4.9.3/armv7-m\libgcc.a
LOAD c:/ac6/systemworkbench/plugins/fr.ac6.mcu.externaltools.arm-none.win32_1.3.0.201507241045/tools/compiler/bin/../lib/gcc/arm-none-eabi/4.9.3/../../../../arm-none-eabi/lib/armv7-m\libc_nano.a
END GROUP
START GROUP
LOAD c:/ac6/systemworkbench/plugins/fr.ac6.mcu.externaltools.arm-none.win32_1.3.0.201507241045/tools/compiler/bin/../lib/gcc/arm-none-eabi/4.9.3/armv7-m\libgcc.a
LOAD c:/ac6/systemworkbench/plugins/fr.ac6.mcu.externaltools.arm-none.win32_1.3.0.201507241045/tools/compiler/bin/../lib/gcc/arm-none-eabi/4.9.3/../../../../arm-none-eabi/lib/armv7-m\libc_nano.a
END GROUP
LOAD c:/ac6/systemworkbench/plugins/fr.ac6.mcu.externaltools.arm-none.win32_1.3.0.201507241045/tools/compiler/bin/../lib/gcc/arm-none-eabi/4.9.3/armv7-m/crtend.o
LOAD c:/ac6/systemworkbench/plugins/fr.ac6.mcu.externaltools.arm-none.win32_1.3.0.201507241045/tools/compiler/bin/../lib/gcc/arm-none-eabi/4.9.3/armv7-m/crtn.o
                0x20005000                _estack = 0x20005000
                0x00000000                _Min_Heap_Size = 0x0
                0x00000400                _Min_Stack_Size = 0x400

.isr_vector     0x08000000      0x188
                0x08000000                . = ALIGN (0x4)
 *(.isr_vector)
 .isr_vector    0x08000000      0x188 startup/startup_stm32.o
                0x08000000                g_pfnVectors
                0x08000188                . = ALIGN (0x4)

.text           0x08000190     0x19d8
                0x08000190                . = ALIGN (0x4)
 *(.text)
 .text          0x08000190       0x5c c:/ac6/systemworkbench/plugins/fr.ac6.mcu.externaltools.arm-none.win32_1.3.0.201507241045/tools/compiler/bin/../lib/gcc/arm-none-eabi/4.9.3/armv7-m/crtbegin.o
 *(.text*)
 .text.Reset_Handler
                0x080001ec       0x48 startup/startup_stm32.o
                0x080001ec                Reset_Handler
 .text.Default_Handler
                0x08000234        0x2 startup/startup_stm32.o
                0x08000234                HardFault_Handler
                0x08000234                NMI_Handler
                0x08000234                UsageFault_Handler
                0x08000234                Default_Handler
                0x08000234                MemManage_Handler
                0x08000234                BusFault_Handler
                0x08000234                DebugMon_Handler
 *fill*         0x08000236        0x2 
 .text.delay_us
                0x08000238       0x20 src/LCD.o
 .text.LCD_write
                0x08000258        0x6 src/LCD.o
                0x08000258                LCD_write
 .text.LCD_command
                0x0800025e        0x6 src/LCD.o
                0x0800025e                LCD_command
 .text.LCD_clear
                0x08000264       0x14 src/LCD.o
                0x08000264                LCD_clear
 .text.LCD_setCursor
                0x08000278       0x4c src/LCD.o
                0x08000278                LCD_setCursor
 .text.LCD_display
                0x080002c4       0x10 src/LCD.o
                0x080002c4                LCD_display
 .text.LCD_createChar
                0x080002d4       0x34 src/LCD.o
                0x080002d4                LCD_createChar
 .text.LCD_printStr
                0x08000308       0x24 src/LCD.o
                0x08000308                LCD_printStr
 .text.LCD_backlight
                0x0800032c        0x6 src/LCD.o
                0x0800032c                LCD_backlight
 .text.LCD_begin
                0x08000332       0xe6 src/LCD.o
                0x08000332                LCD_begin
 .text.base_LCD_Struct
                0x08000418       0x14 src/LCD.o
                0x08000418                base_LCD_Struct
 .text.LCD_I2C_setBacklight
                0x0800042c       0x1e src/LCD_I2C.o
                0x0800042c                LCD_I2C_setBacklight
 .text.LCD_I2C_setBacklightPin
                0x0800044a       0x14 src/LCD_I2C.o
                0x0800044a                LCD_I2C_setBacklightPin
 .text.LCD_I2C_PulseEnable
                0x0800045e       0x20 src/LCD_I2C.o
                0x0800045e                LCD_I2C_PulseEnable
 .text.LCD_I2C_write4bits
                0x0800047e       0x3a src/LCD_I2C.o
                0x0800047e                LCD_I2C_write4bits
 .text.LCD_I2C_send
                0x080004b8       0x28 src/LCD_I2C.o
                0x080004b8                LCD_I2C_send
 .text.new_LCD_I2C_Struct
                0x080004e0       0x6c src/LCD_I2C.o
                0x080004e0                new_LCD_I2C_Struct
 .text.LCD_I2C_init
                0x0800054c       0x24 src/LCD_I2C.o
                0x0800054c                LCD_I2C_init
 .text.LCD_I2C_begin
                0x08000570       0x20 src/LCD_I2C.o
                0x08000570                LCD_I2C_begin
 .text.LCD_I2C_printStr
                0x08000590        0x4 src/LCD_I2C.o
                0x08000590                LCD_I2C_printStr
 .text.I2C_Write
                0x08000594      0x10c src/i2c.o
                0x08000594                I2C_Write
 .text.I2C_LowLevel_Init
                0x080006a0       0xd4 src/i2c.o
                0x080006a0                I2C_LowLevel_Init
 .text.I2c_Init
                0x08000774       0x14 src/i2c.o
                0x08000774                I2c_Init
 .text.i2cbegin
                0x08000788       0x14 src/i2c.o
                0x08000788                i2cbegin
 .text.i2cwrite
                0x0800079c       0x24 src/i2c.o
                0x0800079c                i2cwrite
 .text.vTaskLedRed
                0x080007c0       0x1c src/main.o
                0x080007c0                vTaskLedRed
 .text.vTaskLedYellow
                0x080007dc       0x1c src/main.o
                0x080007dc                vTaskLedYellow
 .text.vTaskLedGreen
                0x080007f8       0x1c src/main.o
                0x080007f8                vTaskLedGreen
 .text.vTaskLedGreen1
                0x08000814       0x1c src/main.o
                0x08000814                vTaskLedGreen1
 .text.vTaskLcd162
                0x08000830      0x130 src/main.o
                0x08000830                vTaskLcd162
 .text.vTaskLcd204
                0x08000960      0x130 src/main.o
                0x08000960                vTaskLcd204
 .text.ledInit  0x08000a90       0x30 src/main.o
                0x08000a90                ledInit
 .text.vApplicationStackOverflowHook
                0x08000ac0        0x2 src/main.o
                0x08000ac0                vApplicationStackOverflowHook
 *fill*         0x08000ac2        0x2 
 .text.lcdInit  0x08000ac4       0x64 src/main.o
                0x08000ac4                lcdInit
 .text.startup.main
                0x08000b28       0xa8 src/main.o
                0x08000b28                main
 .text.SystemInit
                0x08000bd0       0xf4 src/system_stm32f10x.o
                0x08000bd0                SystemInit
 .text.pvPortMalloc
                0x08000cc4       0x54 src/frtos/heap_1.o
                0x08000cc4                pvPortMalloc
 .text.vPortFree
                0x08000d18        0x2 src/frtos/heap_1.o
                0x08000d18                vPortFree
 .text.vListInitialise
                0x08000d1a       0x16 src/frtos/list.o
                0x08000d1a                vListInitialise
 .text.vListInitialiseItem
                0x08000d30        0x6 src/frtos/list.o
                0x08000d30                vListInitialiseItem
 .text.vListInsertEnd
                0x08000d36       0x18 src/frtos/list.o
                0x08000d36                vListInsertEnd
 .text.vListInsert
                0x08000d4e       0x30 src/frtos/list.o
                0x08000d4e                vListInsert
 .text.uxListRemove
                0x08000d7e       0x20 src/frtos/list.o
                0x08000d7e                uxListRemove
 .text.prvTaskExitError
                0x08000d9e       0x12 src/frtos/port.o
 .text.prvPortStartFirstTask
                0x08000db0       0x20 src/frtos/port.o
 .text.pxPortInitialiseStack
                0x08000dd0       0x24 src/frtos/port.o
                0x08000dd0                pxPortInitialiseStack
 *fill*         0x08000df4        0xc 
 .text.SVC_Handler
                0x08000e00       0x30 src/frtos/port.o
                0x08000e00                SVC_Handler
 .text.vPortEnterCritical
                0x08000e30       0x20 src/frtos/port.o
                0x08000e30                vPortEnterCritical
 .text.vPortExitCritical
                0x08000e50       0x14 src/frtos/port.o
                0x08000e50                vPortExitCritical
 *fill*         0x08000e64        0xc 
 .text.PendSV_Handler
                0x08000e70       0x50 src/frtos/port.o
                0x08000e70                PendSV_Handler
 .text.SysTick_Handler
                0x08000ec0       0x2c src/frtos/port.o
                0x08000ec0                SysTick_Handler
 .text.vPortSetupTimerInterrupt
                0x08000eec       0x18 src/frtos/port.o
                0x08000eec                vPortSetupTimerInterrupt
 .text.xPortStartScheduler
                0x08000f04       0x30 src/frtos/port.o
                0x08000f04                xPortStartScheduler
 .text.prvResetNextTaskUnblockTime
                0x08000f34       0x20 src/frtos/tasks.o
 .text.prvAddCurrentTaskToDelayedList
                0x08000f54       0x6c src/frtos/tasks.o
 .text.xTaskCreate
                0x08000fc0      0x184 src/frtos/tasks.o
                0x08000fc0                xTaskCreate
 .text.vTaskStartScheduler
                0x08001144       0x54 src/frtos/tasks.o
                0x08001144                vTaskStartScheduler
 .text.vTaskSuspendAll
                0x08001198       0x14 src/frtos/tasks.o
                0x08001198                vTaskSuspendAll
 .text.xTaskIncrementTick
                0x080011ac       0xc8 src/frtos/tasks.o
                0x080011ac                xTaskIncrementTick
 .text.xTaskResumeAll
                0x08001274       0xbc src/frtos/tasks.o
                0x08001274                xTaskResumeAll
 .text.vTaskDelay
                0x08001330       0x34 src/frtos/tasks.o
                0x08001330                vTaskDelay
 .text.prvIdleTask
                0x08001364       0x6c src/frtos/tasks.o
 .text.vTaskSwitchContext
                0x080013d0       0x88 src/frtos/tasks.o
                0x080013d0                vTaskSwitchContext
 .text.GPIO_Init
                0x08001458      0x3cc I:\STM32\Workspace\stm32nanoboard_stdperiph_lib\Release\libstm32nanoboard_stdperiph_lib.a(stm32f10x_gpio.o)
                0x08001458                GPIO_Init
 .text.GPIO_StructInit
                0x08001824       0x10 I:\STM32\Workspace\stm32nanoboard_stdperiph_lib\Release\libstm32nanoboard_stdperiph_lib.a(stm32f10x_gpio.o)
                0x08001824                GPIO_StructInit
 .text.I2C_Init
                0x08001834       0xe4 I:\STM32\Workspace\stm32nanoboard_stdperiph_lib\Release\libstm32nanoboard_stdperiph_lib.a(stm32f10x_i2c.o)
                0x08001834                I2C_Init
 .text.I2C_StructInit
                0x08001918       0x24 I:\STM32\Workspace\stm32nanoboard_stdperiph_lib\Release\libstm32nanoboard_stdperiph_lib.a(stm32f10x_i2c.o)
                0x08001918                I2C_StructInit
 .text.I2C_Cmd  0x0800193c       0x1c I:\STM32\Workspace\stm32nanoboard_stdperiph_lib\Release\libstm32nanoboard_stdperiph_lib.a(stm32f10x_i2c.o)
                0x0800193c                I2C_Cmd
 .text.I2C_GenerateSTART
                0x08001958       0x1c I:\STM32\Workspace\stm32nanoboard_stdperiph_lib\Release\libstm32nanoboard_stdperiph_lib.a(stm32f10x_i2c.o)
                0x08001958                I2C_GenerateSTART
 .text.I2C_GenerateSTOP
                0x08001974       0x1c I:\STM32\Workspace\stm32nanoboard_stdperiph_lib\Release\libstm32nanoboard_stdperiph_lib.a(stm32f10x_i2c.o)
                0x08001974                I2C_GenerateSTOP
 .text.I2C_SendData
                0x08001990        0x4 I:\STM32\Workspace\stm32nanoboard_stdperiph_lib\Release\libstm32nanoboard_stdperiph_lib.a(stm32f10x_i2c.o)
                0x08001990                I2C_SendData
 .text.I2C_Send7bitAddress
                0x08001994       0x18 I:\STM32\Workspace\stm32nanoboard_stdperiph_lib\Release\libstm32nanoboard_stdperiph_lib.a(stm32f10x_i2c.o)
                0x08001994                I2C_Send7bitAddress
 .text.I2C_CheckEvent
                0x080019ac       0x1c I:\STM32\Workspace\stm32nanoboard_stdperiph_lib\Release\libstm32nanoboard_stdperiph_lib.a(stm32f10x_i2c.o)
                0x080019ac                I2C_CheckEvent
 .text.I2C_GetFlagStatus
                0x080019c8       0x38 I:\STM32\Workspace\stm32nanoboard_stdperiph_lib\Release\libstm32nanoboard_stdperiph_lib.a(stm32f10x_i2c.o)
                0x080019c8                I2C_GetFlagStatus
 .text.RCC_GetClocksFreq
                0x08001a00       0x9c I:\STM32\Workspace\stm32nanoboard_stdperiph_lib\Release\libstm32nanoboard_stdperiph_lib.a(stm32f10x_rcc.o)
                0x08001a00                RCC_GetClocksFreq
 .text.RCC_APB2PeriphClockCmd
                0x08001a9c       0x18 I:\STM32\Workspace\stm32nanoboard_stdperiph_lib\Release\libstm32nanoboard_stdperiph_lib.a(stm32f10x_rcc.o)
                0x08001a9c                RCC_APB2PeriphClockCmd
 .text.RCC_APB1PeriphClockCmd
                0x08001ab4       0x18 I:\STM32\Workspace\stm32nanoboard_stdperiph_lib\Release\libstm32nanoboard_stdperiph_lib.a(stm32f10x_rcc.o)
                0x08001ab4                RCC_APB1PeriphClockCmd
 .text.RCC_APB1PeriphResetCmd
                0x08001acc       0x18 I:\STM32\Workspace\stm32nanoboard_stdperiph_lib\Release\libstm32nanoboard_stdperiph_lib.a(stm32f10x_rcc.o)
                0x08001acc                RCC_APB1PeriphResetCmd
 .text.__libc_init_array
                0x08001ae4       0x4c c:/ac6/systemworkbench/plugins/fr.ac6.mcu.externaltools.arm-none.win32_1.3.0.201507241045/tools/compiler/bin/../lib/gcc/arm-none-eabi/4.9.3/../../../../arm-none-eabi/lib/armv7-m\libc_nano.a(lib_a-init.o)
                0x08001ae4                __libc_init_array
 .text.memset   0x08001b30       0x10 c:/ac6/systemworkbench/plugins/fr.ac6.mcu.externaltools.arm-none.win32_1.3.0.201507241045/tools/compiler/bin/../lib/gcc/arm-none-eabi/4.9.3/../../../../arm-none-eabi/lib/armv7-m\libc_nano.a(lib_a-memset.o)
                0x08001b30                memset
 .text.strlen   0x08001b40       0x10 c:/ac6/systemworkbench/plugins/fr.ac6.mcu.externaltools.arm-none.win32_1.3.0.201507241045/tools/compiler/bin/../lib/gcc/arm-none-eabi/4.9.3/../../../../arm-none-eabi/lib/armv7-m\libc_nano.a(lib_a-strlen.o)
                0x08001b40                strlen
 *(.glue_7)
 .glue_7        0x00000000        0x0 linker stubs
 *(.glue_7t)
 .glue_7t       0x00000000        0x0 linker stubs
 *(.eh_frame)
 .eh_frame      0x08001b50        0x0 c:/ac6/systemworkbench/plugins/fr.ac6.mcu.externaltools.arm-none.win32_1.3.0.201507241045/tools/compiler/bin/../lib/gcc/arm-none-eabi/4.9.3/armv7-m/crtbegin.o
 *(.init)
 .init          0x08001b50        0x4 c:/ac6/systemworkbench/plugins/fr.ac6.mcu.externaltools.arm-none.win32_1.3.0.201507241045/tools/compiler/bin/../lib/gcc/arm-none-eabi/4.9.3/armv7-m/crti.o
                0x08001b50                _init
 .init          0x08001b54        0x8 c:/ac6/systemworkbench/plugins/fr.ac6.mcu.externaltools.arm-none.win32_1.3.0.201507241045/tools/compiler/bin/../lib/gcc/arm-none-eabi/4.9.3/armv7-m/crtn.o
 *(.fini)
 .fini          0x08001b5c        0x4 c:/ac6/systemworkbench/plugins/fr.ac6.mcu.externaltools.arm-none.win32_1.3.0.201507241045/tools/compiler/bin/../lib/gcc/arm-none-eabi/4.9.3/armv7-m/crti.o
                0x08001b5c                _fini
 .fini          0x08001b60        0x8 c:/ac6/systemworkbench/plugins/fr.ac6.mcu.externaltools.arm-none.win32_1.3.0.201507241045/tools/compiler/bin/../lib/gcc/arm-none-eabi/4.9.3/armv7-m/crtn.o
                0x08001b68                . = ALIGN (0x4)
                0x08001b68                _etext = .

.vfp11_veneer   0x08001b68        0x0
 .vfp11_veneer  0x00000000        0x0 linker stubs

.v4_bx          0x08001b68        0x0
 .v4_bx         0x00000000        0x0 linker stubs

.iplt           0x08001b68        0x0
 .iplt          0x00000000        0x0 c:/ac6/systemworkbench/plugins/fr.ac6.mcu.externaltools.arm-none.win32_1.3.0.201507241045/tools/compiler/bin/../lib/gcc/arm-none-eabi/4.9.3/armv7-m/crtbegin.o

.rodata         0x08001b68       0x94
                0x08001b68                . = ALIGN (0x4)
 *(.rodata)
 .rodata        0x08001b68        0x8 src/LCD.o
 .rodata        0x08001b70        0x8 src/main.o
 *(.rodata*)
 .rodata.str1.1
                0x08001b78       0x7c src/main.o
 .rodata.str1.1
                0x08001bf4        0x5 src/frtos/tasks.o
                0x08001bfc                . = ALIGN (0x4)
 *fill*         0x08001bf9        0x3 

.rel.dyn        0x08001bfc        0x0
 .rel.iplt      0x00000000        0x0 c:/ac6/systemworkbench/plugins/fr.ac6.mcu.externaltools.arm-none.win32_1.3.0.201507241045/tools/compiler/bin/../lib/gcc/arm-none-eabi/4.9.3/armv7-m/crtbegin.o

.ARM.extab      0x08001bfc        0x0
                0x08001bfc                . = ALIGN (0x4)
 *(.ARM.extab* .gnu.linkonce.armextab.*)
                0x08001bfc                . = ALIGN (0x4)

.ARM            0x08001bfc        0x0
                0x08001bfc                . = ALIGN (0x4)
                0x08001bfc                __exidx_start = .
 *(.ARM.exidx*)
                0x08001bfc                __exidx_end = .
                0x08001bfc                . = ALIGN (0x4)

.preinit_array  0x08001bfc        0x0
                0x08001bfc                . = ALIGN (0x4)
                0x08001bfc                PROVIDE (__preinit_array_start, .)
 *(.preinit_array*)
                0x08001bfc                PROVIDE (__preinit_array_end, .)
                0x08001bfc                . = ALIGN (0x4)

.init_array     0x08001bfc        0x4
                0x08001bfc                . = ALIGN (0x4)
                0x08001bfc                PROVIDE (__init_array_start, .)
 *(SORT(.init_array.*))
 *(.init_array*)
 .init_array    0x08001bfc        0x4 c:/ac6/systemworkbench/plugins/fr.ac6.mcu.externaltools.arm-none.win32_1.3.0.201507241045/tools/compiler/bin/../lib/gcc/arm-none-eabi/4.9.3/armv7-m/crtbegin.o
                0x08001c00                PROVIDE (__init_array_end, .)
                0x08001c00                . = ALIGN (0x4)

.fini_array     0x08001c00        0x4
                0x08001c00                . = ALIGN (0x4)
                0x08001c00                PROVIDE (__fini_array_start, .)
 *(SORT(.fini_array.*))
 *(.fini_array*)
 .fini_array    0x08001c00        0x4 c:/ac6/systemworkbench/plugins/fr.ac6.mcu.externaltools.arm-none.win32_1.3.0.201507241045/tools/compiler/bin/../lib/gcc/arm-none-eabi/4.9.3/armv7-m/crtbegin.o
                0x08001c04                PROVIDE (__fini_array_end, .)
                0x08001c04                . = ALIGN (0x4)
                0x08001c04                _sidata = LOADADDR (.data)

.data           0x20000000       0x2c load address 0x08001c04
                0x20000000                . = ALIGN (0x4)
                0x20000000                _sdata = .
 *(.data)
 .data          0x20000000       0x14 src/system_stm32f10x.o
                0x20000000                SystemCoreClock
                0x20000004                AHBPrescTable
 .data          0x20000014        0x4 src/frtos/port.o
 .data          0x20000018       0x14 I:\STM32\Workspace\stm32nanoboard_stdperiph_lib\Release\libstm32nanoboard_stdperiph_lib.a(stm32f10x_rcc.o)
 *(.data*)
                0x2000002c                . = ALIGN (0x4)
                0x2000002c                _edata = .

.jcr            0x2000002c        0x0 load address 0x08001c30
 .jcr           0x2000002c        0x0 c:/ac6/systemworkbench/plugins/fr.ac6.mcu.externaltools.arm-none.win32_1.3.0.201507241045/tools/compiler/bin/../lib/gcc/arm-none-eabi/4.9.3/armv7-m/crtbegin.o

.igot.plt       0x2000002c        0x0 load address 0x08001c30
 .igot.plt      0x00000000        0x0 c:/ac6/systemworkbench/plugins/fr.ac6.mcu.externaltools.arm-none.win32_1.3.0.201507241045/tools/compiler/bin/../lib/gcc/arm-none-eabi/4.9.3/armv7-m/crtbegin.o
                0x2000002c                . = ALIGN (0x4)

.bss            0x2000002c     0x2934 load address 0x08001c30
                0x2000002c                _sbss = .
                0x2000002c                __bss_start__ = _sbss
 *(.bss)
 .bss           0x2000002c       0x1c c:/ac6/systemworkbench/plugins/fr.ac6.mcu.externaltools.arm-none.win32_1.3.0.201507241045/tools/compiler/bin/../lib/gcc/arm-none-eabi/4.9.3/armv7-m/crtbegin.o
 .bss           0x20000048        0x1 src/i2c.o
                0x20000048                i2cioSlaveAddr
 *fill*         0x20000049        0x3 
 .bss           0x2000004c     0x2808 src/frtos/heap_1.o
 .bss           0x20002854      0x104 src/frtos/tasks.o
                0x20002888                pxCurrentTCB
 *(.bss*)
 *(COMMON)
 COMMON         0x20002958        0x8 src/main.o
                0x20002958                LCD_I2C162
                0x2000295c                LCD_I2C204
                0x20002960                . = ALIGN (0x4)
                0x20002960                _ebss = .
                0x20002960                __bss_end__ = _ebss

._user_heap_stack
                0x20002960      0x400 load address 0x08001c30
                0x20002960                . = ALIGN (0x8)
                0x20002960                PROVIDE (end, .)
                0x20002960                PROVIDE (_end, .)
                0x20002960                . = (. + _Min_Heap_Size)
                0x20002d60                . = (. + _Min_Stack_Size)
 *fill*         0x20002960      0x400 
                0x20002d60                . = ALIGN (0x8)

/DISCARD/
 libc.a(*)
 libm.a(*)
 libgcc.a(*)

.ARM.attributes
                0x00000000       0x29
 *(.ARM.attributes)
 .ARM.attributes
                0x00000000       0x1d c:/ac6/systemworkbench/plugins/fr.ac6.mcu.externaltools.arm-none.win32_1.3.0.201507241045/tools/compiler/bin/../lib/gcc/arm-none-eabi/4.9.3/armv7-m/crti.o
 .ARM.attributes
                0x0000001d       0x2d c:/ac6/systemworkbench/plugins/fr.ac6.mcu.externaltools.arm-none.win32_1.3.0.201507241045/tools/compiler/bin/../lib/gcc/arm-none-eabi/4.9.3/armv7-m/crtbegin.o
 .ARM.attributes
                0x0000004a       0x21 startup/startup_stm32.o
 .ARM.attributes
                0x0000006b       0x33 src/LCD.o
 .ARM.attributes
                0x0000009e       0x33 src/LCD_I2C.o
 .ARM.attributes
                0x000000d1       0x33 src/i2c.o
 .ARM.attributes
                0x00000104       0x33 src/main.o
 .ARM.attributes
                0x00000137       0x33 src/system_stm32f10x.o
 .ARM.attributes
                0x0000016a       0x33 src/frtos/heap_1.o
 .ARM.attributes
                0x0000019d       0x33 src/frtos/list.o
 .ARM.attributes
                0x000001d0       0x33 src/frtos/port.o
 .ARM.attributes
                0x00000203       0x33 src/frtos/tasks.o
 .ARM.attributes
                0x00000236       0x33 I:\STM32\Workspace\stm32nanoboard_stdperiph_lib\Release\libstm32nanoboard_stdperiph_lib.a(stm32f10x_gpio.o)
 .ARM.attributes
                0x00000269       0x33 I:\STM32\Workspace\stm32nanoboard_stdperiph_lib\Release\libstm32nanoboard_stdperiph_lib.a(stm32f10x_i2c.o)
 .ARM.attributes
                0x0000029c       0x33 I:\STM32\Workspace\stm32nanoboard_stdperiph_lib\Release\libstm32nanoboard_stdperiph_lib.a(stm32f10x_rcc.o)
 .ARM.attributes
                0x000002cf       0x2d c:/ac6/systemworkbench/plugins/fr.ac6.mcu.externaltools.arm-none.win32_1.3.0.201507241045/tools/compiler/bin/../lib/gcc/arm-none-eabi/4.9.3/../../../../arm-none-eabi/lib/armv7-m\libc_nano.a(lib_a-init.o)
 .ARM.attributes
                0x000002fc       0x2d c:/ac6/systemworkbench/plugins/fr.ac6.mcu.externaltools.arm-none.win32_1.3.0.201507241045/tools/compiler/bin/../lib/gcc/arm-none-eabi/4.9.3/../../../../arm-none-eabi/lib/armv7-m\libc_nano.a(lib_a-memset.o)
 .ARM.attributes
                0x00000329       0x2d c:/ac6/systemworkbench/plugins/fr.ac6.mcu.externaltools.arm-none.win32_1.3.0.201507241045/tools/compiler/bin/../lib/gcc/arm-none-eabi/4.9.3/../../../../arm-none-eabi/lib/armv7-m\libc_nano.a(lib_a-strlen.o)
 .ARM.attributes
                0x00000356       0x1d c:/ac6/systemworkbench/plugins/fr.ac6.mcu.externaltools.arm-none.win32_1.3.0.201507241045/tools/compiler/bin/../lib/gcc/arm-none-eabi/4.9.3/armv7-m/crtn.o
OUTPUT(FRTOS_BLINK.elf elf32-littlearm)

.debug_line     0x00000000       0x79
 .debug_line    0x00000000       0x79 startup/startup_stm32.o

.debug_info     0x00000000       0x66
 .debug_info    0x00000000       0x66 startup/startup_stm32.o

.debug_abbrev   0x00000000       0x12
 .debug_abbrev  0x00000000       0x12 startup/startup_stm32.o

.debug_aranges  0x00000000       0x28
 .debug_aranges
                0x00000000       0x28 startup/startup_stm32.o

.debug_ranges   0x00000000       0x20
 .debug_ranges  0x00000000       0x20 startup/startup_stm32.o

.comment        0x00000000       0x70
 .comment       0x00000000       0x70 src/LCD.o
                                 0x71 (size before relaxing)
 .comment       0x00000000       0x71 src/LCD_I2C.o
 .comment       0x00000000       0x71 src/i2c.o
 .comment       0x00000000       0x71 src/main.o
 .comment       0x00000000       0x71 src/system_stm32f10x.o
 .comment       0x00000000       0x71 src/frtos/heap_1.o
 .comment       0x00000000       0x71 src/frtos/list.o
 .comment       0x00000000       0x71 src/frtos/port.o
 .comment       0x00000000       0x71 src/frtos/tasks.o
 .comment       0x00000000       0x71 I:\STM32\Workspace\stm32nanoboard_stdperiph_lib\Release\libstm32nanoboard_stdperiph_lib.a(stm32f10x_gpio.o)
 .comment       0x00000000       0x71 I:\STM32\Workspace\stm32nanoboard_stdperiph_lib\Release\libstm32nanoboard_stdperiph_lib.a(stm32f10x_i2c.o)
 .comment       0x00000000       0x71 I:\STM32\Workspace\stm32nanoboard_stdperiph_lib\Release\libstm32nanoboard_stdperiph_lib.a(stm32f10x_rcc.o)

.debug_frame    0x00000000       0x6c
 .debug_frame   0x00000000       0x2c c:/ac6/systemworkbench/plugins/fr.ac6.mcu.externaltools.arm-none.win32_1.3.0.201507241045/tools/compiler/bin/../lib/gcc/arm-none-eabi/4.9.3/../../../../arm-none-eabi/lib/armv7-m\libc_nano.a(lib_a-init.o)
 .debug_frame   0x0000002c       0x20 c:/ac6/systemworkbench/plugins/fr.ac6.mcu.externaltools.arm-none.win32_1.3.0.201507241045/tools/compiler/bin/../lib/gcc/arm-none-eabi/4.9.3/../../../../arm-none-eabi/lib/armv7-m\libc_nano.a(lib_a-memset.o)
 .debug_frame   0x0000004c       0x20 c:/ac6/systemworkbench/plugins/fr.ac6.mcu.externaltools.arm-none.win32_1.3.0.201507241045/tools/compiler/bin/../lib/gcc/arm-none-eabi/4.9.3/../../../../arm-none-eabi/lib/armv7-m\libc_nano.a(lib_a-strlen.o)
